Java HotSpot(TM) 64-Bit Server VM (25.101-b13) for windows-amd64 JRE (1.8.0_101-b13), built on Jun 22 2016 01:21:29 by "java_re" with MS VC++ 10.0 (VS2010)
Memory: 4k page, physical 8267364k(5457852k free), swap 9756504k(5412204k free)
CommandLine flags: -XX:CMSInitiatingOccupancyFraction=50 -XX:CMSMaxAbortablePrecleanTime=6000 -XX:+CMSParallelRemarkEnabled -XX:+CMSScavengeBeforeRemark -XX:ConcGCThreads=4 -XX:InitialHeapSize=536870912 -XX:MaxHeapSize=536870912 -XX:MaxTenuringThreshold=8 -XX:NewRatio=3 -XX:OldPLABSize=16 -XX:ParallelGCThreads=4 -XX:+ParallelRefProcEnabled -XX:PretenureSizeThreshold=67108864 -XX:+PrintGC -XX:+PrintGCApplicationStoppedTime -XX:+PrintGCDateStamps -XX:+PrintGCDetails -XX:+PrintGCTimeStamps -XX:+PrintHeapAtGC -XX:+PrintTenuringDistribution -XX:SurvivorRatio=4 -XX:TargetSurvivorRatio=90 -XX:ThreadStackSize=256 -XX:+UseCMSInitiatingOccupancyOnly -XX:+UseCompressedClassPointers -XX:+UseCompressedOops -XX:+UseConcMarkSweepGC -XX:-UseLargePagesIndividualAllocation -XX:+UseParNewGC 
2016-10-06T15:20:29.378+0700: 0.220: Total time for which application threads were stopped: 0.0001154 seconds, Stopping threads took: 0.0000205 seconds
2016-10-06T15:20:29.904+0700: 0.745: Total time for which application threads were stopped: 0.0000944 seconds, Stopping threads took: 0.0000168 seconds
2016-10-06T15:20:30.675+0700: 1.516: Total time for which application threads were stopped: 0.0001642 seconds, Stopping threads took: 0.0000328 seconds
2016-10-06T15:20:30.783+0700: 1.624: Total time for which application threads were stopped: 0.0001634 seconds, Stopping threads took: 0.0000246 seconds
2016-10-06T15:20:31.189+0700: 2.031: Total time for which application threads were stopped: 0.0001917 seconds, Stopping threads took: 0.0000222 seconds
2016-10-06T15:20:31.950+0700: 2.791: Total time for which application threads were stopped: 0.0002451 seconds, Stopping threads took: 0.0000205 seconds
2016-10-06T15:20:31.952+0700: 2.793: Total time for which application threads were stopped: 0.0002328 seconds, Stopping threads took: 0.0000242 seconds
2016-10-06T15:20:31.957+0700: 2.798: Total time for which application threads were stopped: 0.0001909 seconds, Stopping threads took: 0.0000201 seconds
2016-10-06T15:20:32.957+0700: 3.798: Total time for which application threads were stopped: 0.0001773 seconds, Stopping threads took: 0.0000382 seconds
2016-10-06T15:20:33.263+0700: 4.104: Total time for which application threads were stopped: 0.0003231 seconds, Stopping threads took: 0.0000291 seconds
2016-10-06T15:20:36.876+0700: 7.717: Total time for which application threads were stopped: 0.0001847 seconds, Stopping threads took: 0.0001026 seconds
2016-10-06T15:20:36.877+0700: 7.718: Total time for which application threads were stopped: 0.0002036 seconds, Stopping threads took: 0.0000550 seconds
2016-10-06T15:20:36.877+0700: 7.719: Total time for which application threads were stopped: 0.0001133 seconds, Stopping threads took: 0.0000386 seconds
2016-10-06T15:20:36.878+0700: 7.719: Total time for which application threads were stopped: 0.0000780 seconds, Stopping threads took: 0.0000345 seconds
2016-10-06T15:20:36.879+0700: 7.720: Total time for which application threads were stopped: 0.0001630 seconds, Stopping threads took: 0.0001010 seconds
2016-10-06T15:20:36.935+0700: 7.776: Total time for which application threads were stopped: 0.0001244 seconds, Stopping threads took: 0.0000222 seconds
2016-10-06T15:20:37.003+0700: 7.844: Total time for which application threads were stopped: 0.0004331 seconds, Stopping threads took: 0.0001552 seconds
2016-10-06T15:20:37.063+0700: 7.904: Total time for which application threads were stopped: 0.0002902 seconds, Stopping threads took: 0.0000406 seconds
2016-10-06T15:20:37.081+0700: 7.922: Total time for which application threads were stopped: 0.0001416 seconds, Stopping threads took: 0.0000603 seconds
{Heap before GC invocations=0 (full 0):
 par new generation   total 109248K, used 87424K [0x00000000e0000000, 0x00000000e8000000, 0x00000000e8000000)
  eden space 87424K, 100% used [0x00000000e0000000, 0x00000000e5560000, 0x00000000e5560000)
  from space 21824K,   0% used [0x00000000e5560000, 0x00000000e5560000, 0x00000000e6ab0000)
  to   space 21824K,   0% used [0x00000000e6ab0000, 0x00000000e6ab0000, 0x00000000e8000000)
 concurrent mark-sweep generation total 393216K, used 0K [0x00000000e8000000, 0x0000000100000000, 0x0000000100000000)
 Metaspace       used 17983K, capacity 18332K, committed 18688K, reserved 1064960K
  class space    used 2094K, capacity 2233K, committed 2304K, reserved 1048576K
2016-10-06T15:20:37.082+0700: 7.923: [GC (Allocation Failure) 2016-10-06T15:20:37.082+0700: 7.923: [ParNew
Desired survivor size 20112992 bytes, new threshold 8 (max 8)
- age   1:   11044048 bytes,   11044048 total
: 87424K->10899K(109248K), 0.0104870 secs] 87424K->10899K(502464K), 0.0105773 secs] [Times: user=0.06 sys=0.00, real=0.01 secs] 
Heap after GC invocations=1 (full 0):
 par new generation   total 109248K, used 10899K [0x00000000e0000000, 0x00000000e8000000, 0x00000000e8000000)
  eden space 87424K,   0% used [0x00000000e0000000, 0x00000000e0000000, 0x00000000e5560000)
  from space 21824K,  49% used [0x00000000e6ab0000, 0x00000000e7554ce0, 0x00000000e8000000)
  to   space 21824K,   0% used [0x00000000e5560000, 0x00000000e5560000, 0x00000000e6ab0000)
 concurrent mark-sweep generation total 393216K, used 0K [0x00000000e8000000, 0x0000000100000000, 0x0000000100000000)
 Metaspace       used 17983K, capacity 18332K, committed 18688K, reserved 1064960K
  class space    used 2094K, capacity 2233K, committed 2304K, reserved 1048576K
}
2016-10-06T15:20:37.093+0700: 7.934: Total time for which application threads were stopped: 0.0110325 seconds, Stopping threads took: 0.0001104 seconds
2016-10-06T15:20:37.104+0700: 7.945: Total time for which application threads were stopped: 0.0001556 seconds, Stopping threads took: 0.0000505 seconds
2016-10-06T15:20:37.114+0700: 7.955: Total time for which application threads were stopped: 0.0001412 seconds, Stopping threads took: 0.0000443 seconds
2016-10-06T15:20:37.116+0700: 7.957: Total time for which application threads were stopped: 0.0001326 seconds, Stopping threads took: 0.0000378 seconds
2016-10-06T15:20:37.119+0700: 7.960: Total time for which application threads were stopped: 0.0001884 seconds, Stopping threads took: 0.0001182 seconds
2016-10-06T15:20:37.120+0700: 7.961: Total time for which application threads were stopped: 0.0001338 seconds, Stopping threads took: 0.0000554 seconds
2016-10-06T15:20:37.121+0700: 7.962: Total time for which application threads were stopped: 0.0003333 seconds, Stopping threads took: 0.0002607 seconds
2016-10-06T15:20:37.122+0700: 7.963: Total time for which application threads were stopped: 0.0003112 seconds, Stopping threads took: 0.0001971 seconds
2016-10-06T15:20:37.122+0700: 7.963: Total time for which application threads were stopped: 0.0001203 seconds, Stopping threads took: 0.0000271 seconds
2016-10-06T15:20:37.123+0700: 7.964: Total time for which application threads were stopped: 0.0001457 seconds, Stopping threads took: 0.0000279 seconds
2016-10-06T15:20:37.126+0700: 7.967: Total time for which application threads were stopped: 0.0001014 seconds, Stopping threads took: 0.0000361 seconds
2016-10-06T15:20:37.143+0700: 7.985: Total time for which application threads were stopped: 0.0001059 seconds, Stopping threads took: 0.0000291 seconds
2016-10-06T15:20:37.149+0700: 7.990: Total time for which application threads were stopped: 0.0000821 seconds, Stopping threads took: 0.0000283 seconds
2016-10-06T15:20:37.152+0700: 7.993: Total time for which application threads were stopped: 0.0002311 seconds, Stopping threads took: 0.0001470 seconds
2016-10-06T15:20:37.153+0700: 7.994: Total time for which application threads were stopped: 0.0000706 seconds, Stopping threads took: 0.0000209 seconds
2016-10-06T15:20:37.161+0700: 8.002: Total time for which application threads were stopped: 0.0002623 seconds, Stopping threads took: 0.0000238 seconds
2016-10-06T15:20:37.183+0700: 8.024: Total time for which application threads were stopped: 0.0001519 seconds, Stopping threads took: 0.0000312 seconds
2016-10-06T15:20:37.189+0700: 8.031: Total time for which application threads were stopped: 0.0000993 seconds, Stopping threads took: 0.0000304 seconds
2016-10-06T15:20:37.213+0700: 8.054: Total time for which application threads were stopped: 0.0002209 seconds, Stopping threads took: 0.0001014 seconds
2016-10-06T15:20:37.214+0700: 8.055: Total time for which application threads were stopped: 0.0000850 seconds, Stopping threads took: 0.0000275 seconds
2016-10-06T15:20:37.215+0700: 8.056: Total time for which application threads were stopped: 0.0001051 seconds, Stopping threads took: 0.0000328 seconds
2016-10-06T15:20:37.215+0700: 8.056: Total time for which application threads were stopped: 0.0000768 seconds, Stopping threads took: 0.0000300 seconds
2016-10-06T15:20:37.215+0700: 8.057: Total time for which application threads were stopped: 0.0000768 seconds, Stopping threads took: 0.0000345 seconds
2016-10-06T15:20:37.216+0700: 8.057: Total time for which application threads were stopped: 0.0001071 seconds, Stopping threads took: 0.0000242 seconds
2016-10-06T15:20:37.220+0700: 8.061: Total time for which application threads were stopped: 0.0001511 seconds, Stopping threads took: 0.0000723 seconds
2016-10-06T15:20:37.220+0700: 8.062: Total time for which application threads were stopped: 0.0000879 seconds, Stopping threads took: 0.0000246 seconds
2016-10-06T15:20:37.221+0700: 8.062: Total time for which application threads were stopped: 0.0000981 seconds, Stopping threads took: 0.0000304 seconds
2016-10-06T15:20:37.221+0700: 8.062: Total time for which application threads were stopped: 0.0000784 seconds, Stopping threads took: 0.0000267 seconds
2016-10-06T15:20:37.221+0700: 8.062: Total time for which application threads were stopped: 0.0000677 seconds, Stopping threads took: 0.0000135 seconds
2016-10-06T15:20:37.221+0700: 8.062: Total time for which application threads were stopped: 0.0001593 seconds, Stopping threads took: 0.0000238 seconds
2016-10-06T15:20:37.221+0700: 8.062: Total time for which application threads were stopped: 0.0001367 seconds, Stopping threads took: 0.0000837 seconds
2016-10-06T15:20:37.221+0700: 8.063: Total time for which application threads were stopped: 0.0000903 seconds, Stopping threads took: 0.0000480 seconds
2016-10-06T15:20:37.222+0700: 8.063: Total time for which application threads were stopped: 0.0000661 seconds, Stopping threads took: 0.0000250 seconds
2016-10-06T15:20:37.222+0700: 8.063: Total time for which application threads were stopped: 0.0000562 seconds, Stopping threads took: 0.0000168 seconds
2016-10-06T15:20:37.222+0700: 8.063: Total time for which application threads were stopped: 0.0000620 seconds, Stopping threads took: 0.0000213 seconds
2016-10-06T15:20:37.222+0700: 8.063: Total time for which application threads were stopped: 0.0000747 seconds, Stopping threads took: 0.0000209 seconds
2016-10-06T15:20:37.222+0700: 8.063: Total time for which application threads were stopped: 0.0001318 seconds, Stopping threads took: 0.0000755 seconds
2016-10-06T15:20:37.223+0700: 8.064: Total time for which application threads were stopped: 0.0000735 seconds, Stopping threads took: 0.0000250 seconds
2016-10-06T15:20:37.223+0700: 8.064: Total time for which application threads were stopped: 0.0000833 seconds, Stopping threads took: 0.0000279 seconds
2016-10-06T15:20:37.223+0700: 8.064: Total time for which application threads were stopped: 0.0000751 seconds, Stopping threads took: 0.0000185 seconds
2016-10-06T15:20:37.224+0700: 8.065: Total time for which application threads were stopped: 0.0001154 seconds, Stopping threads took: 0.0000386 seconds
2016-10-06T15:20:37.284+0700: 8.125: Total time for which application threads were stopped: 0.0001991 seconds, Stopping threads took: 0.0000423 seconds
2016-10-06T15:20:37.285+0700: 8.126: Total time for which application threads were stopped: 0.0001687 seconds, Stopping threads took: 0.0000353 seconds
2016-10-06T15:20:37.285+0700: 8.126: Total time for which application threads were stopped: 0.0001548 seconds, Stopping threads took: 0.0000378 seconds
2016-10-06T15:20:37.285+0700: 8.126: Total time for which application threads were stopped: 0.0001749 seconds, Stopping threads took: 0.0000595 seconds
2016-10-06T15:20:37.286+0700: 8.127: Total time for which application threads were stopped: 0.0003514 seconds, Stopping threads took: 0.0001810 seconds
2016-10-06T15:20:37.286+0700: 8.127: Total time for which application threads were stopped: 0.0002451 seconds, Stopping threads took: 0.0001277 seconds
2016-10-06T15:20:37.286+0700: 8.128: Total time for which application threads were stopped: 0.0002443 seconds, Stopping threads took: 0.0001256 seconds
2016-10-06T15:20:37.287+0700: 8.128: Total time for which application threads were stopped: 0.0001716 seconds, Stopping threads took: 0.0000710 seconds
2016-10-06T15:20:37.287+0700: 8.128: Total time for which application threads were stopped: 0.0002229 seconds, Stopping threads took: 0.0001108 seconds
2016-10-06T15:20:37.289+0700: 8.130: Total time for which application threads were stopped: 0.0002997 seconds, Stopping threads took: 0.0001539 seconds
2016-10-06T15:20:37.289+0700: 8.130: Total time for which application threads were stopped: 0.0002393 seconds, Stopping threads took: 0.0001355 seconds
2016-10-06T15:20:37.289+0700: 8.131: Total time for which application threads were stopped: 0.0001342 seconds, Stopping threads took: 0.0000246 seconds
2016-10-06T15:20:37.290+0700: 8.132: Total time for which application threads were stopped: 0.0002385 seconds, Stopping threads took: 0.0000681 seconds
2016-10-06T15:20:37.291+0700: 8.132: Total time for which application threads were stopped: 0.0002127 seconds, Stopping threads took: 0.0000870 seconds
2016-10-06T15:20:37.291+0700: 8.132: Total time for which application threads were stopped: 0.0001347 seconds, Stopping threads took: 0.0000296 seconds
2016-10-06T15:20:37.291+0700: 8.133: Total time for which application threads were stopped: 0.0002324 seconds, Stopping threads took: 0.0001092 seconds
2016-10-06T15:20:37.292+0700: 8.133: Total time for which application threads were stopped: 0.0002241 seconds, Stopping threads took: 0.0000686 seconds
2016-10-06T15:20:37.292+0700: 8.133: Total time for which application threads were stopped: 0.0001585 seconds, Stopping threads took: 0.0000501 seconds
2016-10-06T15:20:37.317+0700: 8.159: Total time for which application threads were stopped: 0.0003600 seconds, Stopping threads took: 0.0000316 seconds
2016-10-06T15:20:37.374+0700: 8.215: Total time for which application threads were stopped: 0.0002829 seconds, Stopping threads took: 0.0000279 seconds
2016-10-06T15:20:37.535+0700: 8.375: Total time for which application threads were stopped: 0.0004077 seconds, Stopping threads took: 0.0002077 seconds
2016-10-06T15:20:37.535+0700: 8.376: Total time for which application threads were stopped: 0.0002184 seconds, Stopping threads took: 0.0000735 seconds
2016-10-06T15:20:37.536+0700: 8.376: Total time for which application threads were stopped: 0.0002205 seconds, Stopping threads took: 0.0001043 seconds
2016-10-06T15:20:37.536+0700: 8.377: Total time for which application threads were stopped: 0.0002541 seconds, Stopping threads took: 0.0000957 seconds
2016-10-06T15:20:37.537+0700: 8.377: Total time for which application threads were stopped: 0.0001708 seconds, Stopping threads took: 0.0000283 seconds
2016-10-06T15:20:37.575+0700: 8.416: Total time for which application threads were stopped: 0.0001474 seconds, Stopping threads took: 0.0000296 seconds
2016-10-06T15:20:37.579+0700: 8.420: Total time for which application threads were stopped: 0.0002751 seconds, Stopping threads took: 0.0001002 seconds
2016-10-06T15:20:37.580+0700: 8.421: Total time for which application threads were stopped: 0.0001585 seconds, Stopping threads took: 0.0000698 seconds
2016-10-06T15:20:37.590+0700: 8.431: Total time for which application threads were stopped: 0.0001486 seconds, Stopping threads took: 0.0000324 seconds
2016-10-06T15:20:37.620+0700: 8.461: Total time for which application threads were stopped: 0.0001203 seconds, Stopping threads took: 0.0000386 seconds
2016-10-06T15:20:37.623+0700: 8.464: Total time for which application threads were stopped: 0.0001285 seconds, Stopping threads took: 0.0000296 seconds
2016-10-06T15:20:37.624+0700: 8.465: Total time for which application threads were stopped: 0.0001248 seconds, Stopping threads took: 0.0000402 seconds
2016-10-06T15:20:37.625+0700: 8.466: Total time for which application threads were stopped: 0.0000727 seconds, Stopping threads took: 0.0000148 seconds
2016-10-06T15:20:37.628+0700: 8.468: Total time for which application threads were stopped: 0.0001121 seconds, Stopping threads took: 0.0000287 seconds
2016-10-06T15:20:37.752+0700: 8.593: Total time for which application threads were stopped: 0.0001236 seconds, Stopping threads took: 0.0000271 seconds
2016-10-06T15:20:37.907+0700: 8.748: Total time for which application threads were stopped: 0.0003797 seconds, Stopping threads took: 0.0000472 seconds
2016-10-06T15:20:38.230+0700: 9.071: Total time for which application threads were stopped: 0.0001995 seconds, Stopping threads took: 0.0000464 seconds
2016-10-06T15:20:38.720+0700: 9.561: Total time for which application threads were stopped: 0.0002254 seconds, Stopping threads took: 0.0000255 seconds
2016-10-06T15:20:38.854+0700: 9.695: Total time for which application threads were stopped: 0.0001581 seconds, Stopping threads took: 0.0000411 seconds
2016-10-06T15:20:38.874+0700: 9.715: Total time for which application threads were stopped: 0.0001236 seconds, Stopping threads took: 0.0000328 seconds
2016-10-06T15:20:39.036+0700: 9.878: Total time for which application threads were stopped: 0.0001511 seconds, Stopping threads took: 0.0000283 seconds
2016-10-06T15:20:39.036+0700: 9.878: Total time for which application threads were stopped: 0.0000694 seconds, Stopping threads took: 0.0000140 seconds
2016-10-06T15:20:39.036+0700: 9.878: Total time for which application threads were stopped: 0.0000657 seconds, Stopping threads took: 0.0000127 seconds
2016-10-06T15:20:39.062+0700: 9.904: Total time for which application threads were stopped: 0.0001478 seconds, Stopping threads took: 0.0000484 seconds
2016-10-06T15:20:39.063+0700: 9.904: Total time for which application threads were stopped: 0.0000866 seconds, Stopping threads took: 0.0000263 seconds
2016-10-06T15:20:39.063+0700: 9.904: Total time for which application threads were stopped: 0.0000723 seconds, Stopping threads took: 0.0000201 seconds
2016-10-06T15:20:39.063+0700: 9.904: Total time for which application threads were stopped: 0.0000743 seconds, Stopping threads took: 0.0000230 seconds
2016-10-06T15:20:39.063+0700: 9.904: Total time for which application threads were stopped: 0.0000673 seconds, Stopping threads took: 0.0000226 seconds
2016-10-06T15:20:39.064+0700: 9.905: Total time for which application threads were stopped: 0.0001248 seconds, Stopping threads took: 0.0000246 seconds
2016-10-06T15:20:39.064+0700: 9.906: Total time for which application threads were stopped: 0.0003021 seconds, Stopping threads took: 0.0000193 seconds
2016-10-06T15:20:39.065+0700: 9.907: Total time for which application threads were stopped: 0.0001178 seconds, Stopping threads took: 0.0000197 seconds
2016-10-06T15:20:39.065+0700: 9.907: Total time for which application threads were stopped: 0.0000940 seconds, Stopping threads took: 0.0000226 seconds
2016-10-06T15:20:39.065+0700: 9.907: Total time for which application threads were stopped: 0.0000776 seconds, Stopping threads took: 0.0000135 seconds
2016-10-06T15:20:39.066+0700: 9.907: Total time for which application threads were stopped: 0.0000879 seconds, Stopping threads took: 0.0000201 seconds
2016-10-06T15:20:39.066+0700: 9.907: Total time for which application threads were stopped: 0.0000751 seconds, Stopping threads took: 0.0000131 seconds
2016-10-06T15:20:39.067+0700: 9.908: Total time for which application threads were stopped: 0.0001277 seconds, Stopping threads took: 0.0000341 seconds
2016-10-06T15:20:39.067+0700: 9.908: Total time for which application threads were stopped: 0.0000957 seconds, Stopping threads took: 0.0000250 seconds
2016-10-06T15:20:39.067+0700: 9.908: Total time for which application threads were stopped: 0.0000632 seconds, Stopping threads took: 0.0000168 seconds
2016-10-06T15:20:39.067+0700: 9.908: Total time for which application threads were stopped: 0.0000920 seconds, Stopping threads took: 0.0000213 seconds
2016-10-06T15:20:39.067+0700: 9.909: Total time for which application threads were stopped: 0.0000846 seconds, Stopping threads took: 0.0000218 seconds
2016-10-06T15:20:39.067+0700: 9.909: Total time for which application threads were stopped: 0.0000620 seconds, Stopping threads took: 0.0000172 seconds
2016-10-06T15:20:39.067+0700: 9.909: Total time for which application threads were stopped: 0.0000640 seconds, Stopping threads took: 0.0000193 seconds
2016-10-06T15:20:39.068+0700: 9.909: Total time for which application threads were stopped: 0.0001347 seconds, Stopping threads took: 0.0000263 seconds
2016-10-06T15:20:39.105+0700: 9.946: [GC (CMS Initial Mark) [1 CMS-initial-mark: 0K(393216K)] 47225K(502464K), 0.0074224 secs] [Times: user=0.00 sys=0.00, real=0.01 secs] 
2016-10-06T15:20:39.112+0700: 9.954: Total time for which application threads were stopped: 0.0076350 seconds, Stopping threads took: 0.0000542 seconds
2016-10-06T15:20:39.112+0700: 9.954: [CMS-concurrent-mark-start]
2016-10-06T15:20:39.112+0700: 9.954: [CMS-concurrent-mark: 0.000/0.000 secs] [Times: user=0.00 sys=0.00, real=0.00 secs] 
2016-10-06T15:20:39.112+0700: 9.954: [CMS-concurrent-preclean-start]
2016-10-06T15:20:39.114+0700: 9.955: [CMS-concurrent-preclean: 0.001/0.001 secs] [Times: user=0.03 sys=0.00, real=0.00 secs] 
2016-10-06T15:20:39.114+0700: 9.955: [CMS-concurrent-abortable-preclean-start]
2016-10-06T15:20:39.610+0700: 10.452: Total time for which application threads were stopped: 0.0001893 seconds, Stopping threads took: 0.0000291 seconds
2016-10-06T15:20:40.086+0700: 10.927: Total time for which application threads were stopped: 0.0001252 seconds, Stopping threads took: 0.0000382 seconds
2016-10-06T15:20:40.088+0700: 10.929: Total time for which application threads were stopped: 0.0001100 seconds, Stopping threads took: 0.0000238 seconds
2016-10-06T15:20:40.088+0700: 10.930: Total time for which application threads were stopped: 0.0000677 seconds, Stopping threads took: 0.0000172 seconds
2016-10-06T15:20:40.088+0700: 10.930: Total time for which application threads were stopped: 0.0000985 seconds, Stopping threads took: 0.0000259 seconds
2016-10-06T15:20:40.089+0700: 10.930: Total time for which application threads were stopped: 0.0000850 seconds, Stopping threads took: 0.0000275 seconds
2016-10-06T15:20:40.090+0700: 10.931: Total time for which application threads were stopped: 0.0001305 seconds, Stopping threads took: 0.0000398 seconds
2016-10-06T15:20:40.091+0700: 10.932: Total time for which application threads were stopped: 0.0001149 seconds, Stopping threads took: 0.0000402 seconds
2016-10-06T15:20:40.098+0700: 10.939: Total time for which application threads were stopped: 0.0001654 seconds, Stopping threads took: 0.0000402 seconds
2016-10-06T15:20:40.101+0700: 10.942: Total time for which application threads were stopped: 0.0001121 seconds, Stopping threads took: 0.0000312 seconds
2016-10-06T15:20:40.247+0700: 11.089: Total time for which application threads were stopped: 0.0005883 seconds, Stopping threads took: 0.0004590 seconds
2016-10-06T15:20:40.325+0700: 11.166: Total time for which application threads were stopped: 0.0001277 seconds, Stopping threads took: 0.0000271 seconds
2016-10-06T15:20:40.332+0700: 11.173: Total time for which application threads were stopped: 0.0001564 seconds, Stopping threads took: 0.0000567 seconds
2016-10-06T15:20:40.494+0700: 11.335: Total time for which application threads were stopped: 0.0001663 seconds, Stopping threads took: 0.0000427 seconds
2016-10-06T15:20:40.497+0700: 11.339: Total time for which application threads were stopped: 0.0001149 seconds, Stopping threads took: 0.0000398 seconds
2016-10-06T15:20:40.499+0700: 11.340: Total time for which application threads were stopped: 0.0001630 seconds, Stopping threads took: 0.0000480 seconds
2016-10-06T15:20:40.500+0700: 11.341: Total time for which application threads were stopped: 0.0001055 seconds, Stopping threads took: 0.0000439 seconds
2016-10-06T15:20:40.500+0700: 11.342: Total time for which application threads were stopped: 0.0000907 seconds, Stopping threads took: 0.0000275 seconds
2016-10-06T15:20:40.500+0700: 11.342: Total time for which application threads were stopped: 0.0000636 seconds, Stopping threads took: 0.0000259 seconds
2016-10-06T15:20:40.501+0700: 11.343: Total time for which application threads were stopped: 0.0003136 seconds, Stopping threads took: 0.0000222 seconds
{Heap before GC invocations=1 (full 1):
 par new generation   total 109248K, used 98323K [0x00000000e0000000, 0x00000000e8000000, 0x00000000e8000000)
  eden space 87424K, 100% used [0x00000000e0000000, 0x00000000e5560000, 0x00000000e5560000)
  from space 21824K,  49% used [0x00000000e6ab0000, 0x00000000e7554ce0, 0x00000000e8000000)
  to   space 21824K,   0% used [0x00000000e5560000, 0x00000000e5560000, 0x00000000e6ab0000)
 concurrent mark-sweep generation total 393216K, used 0K [0x00000000e8000000, 0x0000000100000000, 0x0000000100000000)
 Metaspace       used 21483K, capacity 21848K, committed 22216K, reserved 1069056K
  class space    used 2526K, capacity 2641K, committed 2684K, reserved 1048576K
2016-10-06T15:20:40.535+0700: 11.376: [GC (Allocation Failure) 2016-10-06T15:20:40.535+0700: 11.376: [ParNew
Desired survivor size 20112992 bytes, new threshold 8 (max 8)
- age   1:    5903648 bytes,    5903648 total
- age   2:    5637472 bytes,   11541120 total
: 98323K->17275K(109248K), 0.0122596 secs] 98323K->17275K(502464K), 0.0123680 secs] [Times: user=0.06 sys=0.00, real=0.01 secs] 
Heap after GC invocations=2 (full 1):
 par new generation   total 109248K, used 17275K [0x00000000e0000000, 0x00000000e8000000, 0x00000000e8000000)
  eden space 87424K,   0% used [0x00000000e0000000, 0x00000000e0000000, 0x00000000e5560000)
  from space 21824K,  79% used [0x00000000e5560000, 0x00000000e663ec00, 0x00000000e6ab0000)
  to   space 21824K,   0% used [0x00000000e6ab0000, 0x00000000e6ab0000, 0x00000000e8000000)
 concurrent mark-sweep generation total 393216K, used 0K [0x00000000e8000000, 0x0000000100000000, 0x0000000100000000)
 Metaspace       used 21483K, capacity 21848K, committed 22216K, reserved 1069056K
  class space    used 2526K, capacity 2641K, committed 2684K, reserved 1048576K
}
2016-10-06T15:20:40.547+0700: 11.389: Total time for which application threads were stopped: 0.0126730 seconds, Stopping threads took: 0.0000386 seconds
2016-10-06T15:20:40.569+0700: 11.410: Total time for which application threads were stopped: 0.0001544 seconds, Stopping threads took: 0.0000608 seconds
2016-10-06T15:20:40.569+0700: 11.411: Total time for which application threads were stopped: 0.0000768 seconds, Stopping threads took: 0.0000213 seconds
2016-10-06T15:20:40.570+0700: 11.411: Total time for which application threads were stopped: 0.0001076 seconds, Stopping threads took: 0.0000369 seconds
2016-10-06T15:20:40.570+0700: 11.411: Total time for which application threads were stopped: 0.0000932 seconds, Stopping threads took: 0.0000205 seconds
2016-10-06T15:20:40.570+0700: 11.411: Total time for which application threads were stopped: 0.0000632 seconds, Stopping threads took: 0.0000193 seconds
2016-10-06T15:20:40.597+0700: 11.438: Total time for which application threads were stopped: 0.0004105 seconds, Stopping threads took: 0.0000460 seconds
2016-10-06T15:20:40.691+0700: 11.533: Total time for which application threads were stopped: 0.0001137 seconds, Stopping threads took: 0.0000255 seconds
2016-10-06T15:20:40.836+0700: 11.677: [CMS-concurrent-abortable-preclean: 0.659/1.722 secs] [Times: user=2.02 sys=0.01, real=1.72 secs] 
2016-10-06T15:20:40.836+0700: 11.677: [GC (CMS Final Remark) [YG occupancy: 65827 K (109248 K)]{Heap before GC invocations=2 (full 1):
 par new generation   total 109248K, used 65827K [0x00000000e0000000, 0x00000000e8000000, 0x00000000e8000000)
  eden space 87424K,  55% used [0x00000000e0000000, 0x00000000e2f6a398, 0x00000000e5560000)
  from space 21824K,  79% used [0x00000000e5560000, 0x00000000e663ec00, 0x00000000e6ab0000)
  to   space 21824K,   0% used [0x00000000e6ab0000, 0x00000000e6ab0000, 0x00000000e8000000)
 concurrent mark-sweep generation total 393216K, used 0K [0x00000000e8000000, 0x0000000100000000, 0x0000000100000000)
 Metaspace       used 21723K, capacity 22094K, committed 22292K, reserved 1069056K
  class space    used 2551K, capacity 2684K, committed 2684K, reserved 1048576K
2016-10-06T15:20:40.836+0700: 11.678: [GC (CMS Final Remark) 2016-10-06T15:20:40.836+0700: 11.678: [ParNew
Desired survivor size 20112992 bytes, new threshold 8 (max 8)
- age   1:     150504 bytes,     150504 total
- age   2:    2202280 bytes,    2352784 total
- age   3:    5631320 bytes,    7984104 total
: 65827K->10225K(109248K), 0.0184221 secs] 65827K->10225K(502464K), 0.0185358 secs] [Times: user=0.06 sys=0.00, real=0.02 secs] 
Heap after GC invocations=3 (full 1):
 par new generation   total 109248K, used 10225K [0x00000000e0000000, 0x00000000e8000000, 0x00000000e8000000)
  eden space 87424K,   0% used [0x00000000e0000000, 0x00000000e0000000, 0x00000000e5560000)
  from space 21824K,  46% used [0x00000000e6ab0000, 0x00000000e74ac558, 0x00000000e8000000)
  to   space 21824K,   0% used [0x00000000e5560000, 0x00000000e5560000, 0x00000000e6ab0000)
 concurrent mark-sweep generation total 393216K, used 0K [0x00000000e8000000, 0x0000000100000000, 0x0000000100000000)
 Metaspace       used 21723K, capacity 22094K, committed 22292K, reserved 1069056K
  class space    used 2551K, capacity 2684K, committed 2684K, reserved 1048576K
}
2016-10-06T15:20:40.855+0700: 11.696: [Rescan (parallel) , 0.0044321 secs]2016-10-06T15:20:40.859+0700: 11.701: [weak refs processing, 0.0006827 secs]2016-10-06T15:20:40.860+0700: 11.701: [class unloading, 0.0039990 secs]2016-10-06T15:20:40.864+0700: 11.705: [scrub symbol table, 0.0064441 secs]2016-10-06T15:20:40.870+0700: 11.712: [scrub string table, 0.0008145 secs][1 CMS-remark: 0K(393216K)] 10225K(502464K), 0.0364525 secs] [Times: user=0.08 sys=0.00, real=0.04 secs] 
2016-10-06T15:20:40.872+0700: 11.714: Total time for which application threads were stopped: 0.0366520 seconds, Stopping threads took: 0.0000439 seconds
2016-10-06T15:20:40.872+0700: 11.714: [CMS-concurrent-sweep-start]
2016-10-06T15:20:40.873+0700: 11.714: Total time for which application threads were stopped: 0.0001297 seconds, Stopping threads took: 0.0000525 seconds
2016-10-06T15:20:40.873+0700: 11.714: [CMS-concurrent-sweep: 0.000/0.000 secs] [Times: user=0.00 sys=0.00, real=0.00 secs] 
2016-10-06T15:20:40.873+0700: 11.714: [CMS-concurrent-reset-start]
2016-10-06T15:20:40.874+0700: 11.715: Total time for which application threads were stopped: 0.0004384 seconds, Stopping threads took: 0.0003728 seconds
2016-10-06T15:20:40.874+0700: 11.716: Total time for which application threads were stopped: 0.0000903 seconds, Stopping threads took: 0.0000201 seconds
2016-10-06T15:20:40.875+0700: 11.717: Total time for which application threads were stopped: 0.0000575 seconds, Stopping threads took: 0.0000131 seconds
2016-10-06T15:20:40.876+0700: 11.718: [CMS-concurrent-reset: 0.003/0.003 secs] [Times: user=0.00 sys=0.00, real=0.00 secs] 
2016-10-06T15:20:41.012+0700: 11.853: Total time for which application threads were stopped: 0.0005949 seconds, Stopping threads took: 0.0004138 seconds
2016-10-06T15:20:41.434+0700: 12.275: Total time for which application threads were stopped: 0.0002627 seconds, Stopping threads took: 0.0000965 seconds
2016-10-06T15:20:41.452+0700: 12.293: Total time for which application threads were stopped: 0.0002098 seconds, Stopping threads took: 0.0000558 seconds
{Heap before GC invocations=3 (full 1):
 par new generation   total 109248K, used 97649K [0x00000000e0000000, 0x00000000e8000000, 0x00000000e8000000)
  eden space 87424K, 100% used [0x00000000e0000000, 0x00000000e5560000, 0x00000000e5560000)
  from space 21824K,  46% used [0x00000000e6ab0000, 0x00000000e74ac558, 0x00000000e8000000)
  to   space 21824K,   0% used [0x00000000e5560000, 0x00000000e5560000, 0x00000000e6ab0000)
 concurrent mark-sweep generation total 393216K, used 0K [0x00000000e8000000, 0x0000000100000000, 0x0000000100000000)
 Metaspace       used 22487K, capacity 22864K, committed 23188K, reserved 1069056K
  class space    used 2657K, capacity 2791K, committed 2812K, reserved 1048576K
2016-10-06T15:20:41.517+0700: 12.358: [GC (Allocation Failure) 2016-10-06T15:20:41.517+0700: 12.358: [ParNew
Desired survivor size 20112992 bytes, new threshold 8 (max 8)
- age   1:    4808800 bytes,    4808800 total
- age   2:     109488 bytes,    4918288 total
- age   3:    2174960 bytes,    7093248 total
- age   4:    5630376 bytes,   12723624 total
: 97649K->14209K(109248K), 0.0112407 secs] 97649K->14209K(502464K), 0.0114139 secs] [Times: user=0.06 sys=0.00, real=0.01 secs] 
Heap after GC invocations=4 (full 1):
 par new generation   total 109248K, used 14209K [0x00000000e0000000, 0x00000000e8000000, 0x00000000e8000000)
  eden space 87424K,   0% used [0x00000000e0000000, 0x00000000e0000000, 0x00000000e5560000)
  from space 21824K,  65% used [0x00000000e5560000, 0x00000000e6340410, 0x00000000e6ab0000)
  to   space 21824K,   0% used [0x00000000e6ab0000, 0x00000000e6ab0000, 0x00000000e8000000)
 concurrent mark-sweep generation total 393216K, used 0K [0x00000000e8000000, 0x0000000100000000, 0x0000000100000000)
 Metaspace       used 22487K, capacity 22864K, committed 23188K, reserved 1069056K
  class space    used 2657K, capacity 2791K, committed 2812K, reserved 1048576K
}
2016-10-06T15:20:41.528+0700: 12.370: Total time for which application threads were stopped: 0.0117034 seconds, Stopping threads took: 0.0000534 seconds
{Heap before GC invocations=4 (full 1):
 par new generation   total 109248K, used 101633K [0x00000000e0000000, 0x00000000e8000000, 0x00000000e8000000)
  eden space 87424K, 100% used [0x00000000e0000000, 0x00000000e5560000, 0x00000000e5560000)
  from space 21824K,  65% used [0x00000000e5560000, 0x00000000e6340410, 0x00000000e6ab0000)
  to   space 21824K,   0% used [0x00000000e6ab0000, 0x00000000e6ab0000, 0x00000000e8000000)
 concurrent mark-sweep generation total 393216K, used 0K [0x00000000e8000000, 0x0000000100000000, 0x0000000100000000)
 Metaspace       used 22629K, capacity 23040K, committed 23188K, reserved 1069056K
  class space    used 2673K, capacity 2799K, committed 2812K, reserved 1048576K
2016-10-06T15:20:41.635+0700: 12.477: [GC (Allocation Failure) 2016-10-06T15:20:41.635+0700: 12.477: [ParNew
Desired survivor size 20112992 bytes, new threshold 8 (max 8)
- age   1:     580584 bytes,     580584 total
- age   2:    3321680 bytes,    3902264 total
- age   3:     109488 bytes,    4011752 total
- age   4:    2170832 bytes,    6182584 total
- age   5:    5630592 bytes,   11813176 total
: 101633K->18084K(109248K), 0.0131570 secs] 101633K->18084K(502464K), 0.0132523 secs] [Times: user=0.06 sys=0.00, real=0.01 secs] 
Heap after GC invocations=5 (full 1):
 par new generation   total 109248K, used 18084K [0x00000000e0000000, 0x00000000e8000000, 0x00000000e8000000)
  eden space 87424K,   0% used [0x00000000e0000000, 0x00000000e0000000, 0x00000000e5560000)
  from space 21824K,  82% used [0x00000000e6ab0000, 0x00000000e7c59200, 0x00000000e8000000)
  to   space 21824K,   0% used [0x00000000e5560000, 0x00000000e5560000, 0x00000000e6ab0000)
 concurrent mark-sweep generation total 393216K, used 0K [0x00000000e8000000, 0x0000000100000000, 0x0000000100000000)
 Metaspace       used 22629K, capacity 23040K, committed 23188K, reserved 1069056K
  class space    used 2673K, capacity 2799K, committed 2812K, reserved 1048576K
}
2016-10-06T15:20:41.648+0700: 12.490: Total time for which application threads were stopped: 0.0135610 seconds, Stopping threads took: 0.0000690 seconds
2016-10-06T15:20:41.705+0700: 12.547: Total time for which application threads were stopped: 0.0001166 seconds, Stopping threads took: 0.0000255 seconds
2016-10-06T15:20:41.712+0700: 12.553: Total time for which application threads were stopped: 0.0001622 seconds, Stopping threads took: 0.0000378 seconds
2016-10-06T15:20:41.888+0700: 12.729: Total time for which application threads were stopped: 0.0001018 seconds, Stopping threads took: 0.0000230 seconds
2016-10-06T15:20:41.888+0700: 12.729: Total time for which application threads were stopped: 0.0000550 seconds, Stopping threads took: 0.0000099 seconds
2016-10-06T15:20:41.888+0700: 12.729: Total time for which application threads were stopped: 0.0000567 seconds, Stopping threads took: 0.0000123 seconds
{Heap before GC invocations=5 (full 1):
 par new generation   total 109248K, used 105508K [0x00000000e0000000, 0x00000000e8000000, 0x00000000e8000000)
  eden space 87424K, 100% used [0x00000000e0000000, 0x00000000e5560000, 0x00000000e5560000)
  from space 21824K,  82% used [0x00000000e6ab0000, 0x00000000e7c59200, 0x00000000e8000000)
  to   space 21824K,   0% used [0x00000000e5560000, 0x00000000e5560000, 0x00000000e6ab0000)
 concurrent mark-sweep generation total 393216K, used 0K [0x00000000e8000000, 0x0000000100000000, 0x0000000100000000)
 Metaspace       used 23304K, capacity 23718K, committed 23932K, reserved 1071104K
  class space    used 2761K, capacity 2896K, committed 2940K, reserved 1048576K
2016-10-06T15:20:42.018+0700: 12.859: [GC (Allocation Failure) 2016-10-06T15:20:42.018+0700: 12.859: [ParNew
Desired survivor size 20112992 bytes, new threshold 8 (max 8)
- age   1:    1260968 bytes,    1260968 total
- age   2:     123512 bytes,    1384480 total
- age   3:    3321280 bytes,    4705760 total
- age   4:     109400 bytes,    4815160 total
- age   5:    2169552 bytes,    6984712 total
- age   6:    5631112 bytes,   12615824 total
: 105508K->15035K(109248K), 0.0102632 secs] 105508K->15035K(502464K), 0.0103474 secs] [Times: user=0.06 sys=0.00, real=0.01 secs] 
Heap after GC invocations=6 (full 1):
 par new generation   total 109248K, used 15035K [0x00000000e0000000, 0x00000000e8000000, 0x00000000e8000000)
  eden space 87424K,   0% used [0x00000000e0000000, 0x00000000e0000000, 0x00000000e5560000)
  from space 21824K,  68% used [0x00000000e5560000, 0x00000000e640eed8, 0x00000000e6ab0000)
  to   space 21824K,   0% used [0x00000000e6ab0000, 0x00000000e6ab0000, 0x00000000e8000000)
 concurrent mark-sweep generation total 393216K, used 0K [0x00000000e8000000, 0x0000000100000000, 0x0000000100000000)
 Metaspace       used 23304K, capacity 23718K, committed 23932K, reserved 1071104K
  class space    used 2761K, capacity 2896K, committed 2940K, reserved 1048576K
}
2016-10-06T15:20:42.029+0700: 12.870: Total time for which application threads were stopped: 0.0105962 seconds, Stopping threads took: 0.0000431 seconds
{Heap before GC invocations=6 (full 1):
 par new generation   total 109248K, used 102459K [0x00000000e0000000, 0x00000000e8000000, 0x00000000e8000000)
  eden space 87424K, 100% used [0x00000000e0000000, 0x00000000e5560000, 0x00000000e5560000)
  from space 21824K,  68% used [0x00000000e5560000, 0x00000000e640eed8, 0x00000000e6ab0000)
  to   space 21824K,   0% used [0x00000000e6ab0000, 0x00000000e6ab0000, 0x00000000e8000000)
 concurrent mark-sweep generation total 393216K, used 0K [0x00000000e8000000, 0x0000000100000000, 0x0000000100000000)
 Metaspace       used 23447K, capacity 23884K, committed 24188K, reserved 1071104K
  class space    used 2782K, capacity 2929K, committed 2940K, reserved 1048576K
2016-10-06T15:20:42.113+0700: 12.954: [GC (Allocation Failure) 2016-10-06T15:20:42.113+0700: 12.954: [ParNew
Desired survivor size 20112992 bytes, new threshold 8 (max 8)
- age   1:     482936 bytes,     482936 total
- age   2:     287632 bytes,     770568 total
- age   3:     122696 bytes,     893264 total
- age   4:    3320848 bytes,    4214112 total
- age   5:     109400 bytes,    4323512 total
- age   6:    2168960 bytes,    6492472 total
- age   7:    5631968 bytes,   12124440 total
: 102459K->18561K(109248K), 0.0106680 secs] 102459K->18561K(502464K), 0.0107526 secs] [Times: user=0.05 sys=0.00, real=0.01 secs] 
Heap after GC invocations=7 (full 1):
 par new generation   total 109248K, used 18561K [0x00000000e0000000, 0x00000000e8000000, 0x00000000e8000000)
  eden space 87424K,   0% used [0x00000000e0000000, 0x00000000e0000000, 0x00000000e5560000)
  from space 21824K,  85% used [0x00000000e6ab0000, 0x00000000e7cd0430, 0x00000000e8000000)
  to   space 21824K,   0% used [0x00000000e5560000, 0x00000000e5560000, 0x00000000e6ab0000)
 concurrent mark-sweep generation total 393216K, used 0K [0x00000000e8000000, 0x0000000100000000, 0x0000000100000000)
 Metaspace       used 23447K, capacity 23884K, committed 24188K, reserved 1071104K
  class space    used 2782K, capacity 2929K, committed 2940K, reserved 1048576K
}
2016-10-06T15:20:42.124+0700: 12.965: Total time for which application threads were stopped: 0.0109977 seconds, Stopping threads took: 0.0000624 seconds
2016-10-06T15:20:42.181+0700: 13.022: Total time for which application threads were stopped: 0.0001096 seconds, Stopping threads took: 0.0000242 seconds
2016-10-06T15:20:42.192+0700: 13.033: Total time for which application threads were stopped: 0.0000661 seconds, Stopping threads took: 0.0000123 seconds
2016-10-06T15:20:42.866+0700: 13.708: Total time for which application threads were stopped: 0.0001929 seconds, Stopping threads took: 0.0000489 seconds
2016-10-06T15:20:42.867+0700: 13.708: Total time for which application threads were stopped: 0.0001026 seconds, Stopping threads took: 0.0000386 seconds
2016-10-06T15:20:42.867+0700: 13.709: Total time for which application threads were stopped: 0.0001010 seconds, Stopping threads took: 0.0000595 seconds
{Heap before GC invocations=7 (full 1):
 par new generation   total 109248K, used 105985K [0x00000000e0000000, 0x00000000e8000000, 0x00000000e8000000)
  eden space 87424K, 100% used [0x00000000e0000000, 0x00000000e5560000, 0x00000000e5560000)
  from space 21824K,  85% used [0x00000000e6ab0000, 0x00000000e7cd0430, 0x00000000e8000000)
  to   space 21824K,   0% used [0x00000000e5560000, 0x00000000e5560000, 0x00000000e6ab0000)
 concurrent mark-sweep generation total 393216K, used 0K [0x00000000e8000000, 0x0000000100000000, 0x0000000100000000)
 Metaspace       used 24552K, capacity 24982K, committed 25340K, reserved 1071104K
  class space    used 2921K, capacity 3060K, committed 3068K, reserved 1048576K
2016-10-06T15:20:43.043+0700: 13.884: [GC (Allocation Failure) 2016-10-06T15:20:43.043+0700: 13.884: [ParNew
Desired survivor size 20112992 bytes, new threshold 8 (max 8)
- age   1:    1564528 bytes,    1564528 total
- age   2:     115192 bytes,    1679720 total
- age   3:     279392 bytes,    1959112 total
- age   4:     121752 bytes,    2080864 total
- age   5:    3317728 bytes,    5398592 total
- age   6:     108752 bytes,    5507344 total
- age   7:    2142872 bytes,    7650216 total
- age   8:    5626800 bytes,   13277016 total
: 105985K->15430K(109248K), 0.0113897 secs] 105985K->15430K(502464K), 0.0114652 secs] [Times: user=0.06 sys=0.00, real=0.01 secs] 
Heap after GC invocations=8 (full 1):
 par new generation   total 109248K, used 15430K [0x00000000e0000000, 0x00000000e8000000, 0x00000000e8000000)
  eden space 87424K,   0% used [0x00000000e0000000, 0x00000000e0000000, 0x00000000e5560000)
  from space 21824K,  70% used [0x00000000e5560000, 0x00000000e6471ab8, 0x00000000e6ab0000)
  to   space 21824K,   0% used [0x00000000e6ab0000, 0x00000000e6ab0000, 0x00000000e8000000)
 concurrent mark-sweep generation total 393216K, used 0K [0x00000000e8000000, 0x0000000100000000, 0x0000000100000000)
 Metaspace       used 24552K, capacity 24982K, committed 25340K, reserved 1071104K
  class space    used 2921K, capacity 3060K, committed 3068K, reserved 1048576K
}
2016-10-06T15:20:43.054+0700: 13.895: Total time for which application threads were stopped: 0.0117116 seconds, Stopping threads took: 0.0000505 seconds
2016-10-06T15:20:43.100+0700: 13.941: Total time for which application threads were stopped: 0.0003875 seconds, Stopping threads took: 0.0000250 seconds
2016-10-06T15:20:43.356+0700: 14.197: Total time for which application threads were stopped: 0.0002295 seconds, Stopping threads took: 0.0000870 seconds
2016-10-06T15:20:43.843+0700: 14.684: Total time for which application threads were stopped: 0.0002007 seconds, Stopping threads took: 0.0000439 seconds
2016-10-06T15:20:43.957+0700: 14.798: Total time for which application threads were stopped: 0.0003325 seconds, Stopping threads took: 0.0002135 seconds
2016-10-06T15:20:43.957+0700: 14.799: Total time for which application threads were stopped: 0.0001076 seconds, Stopping threads took: 0.0000341 seconds
2016-10-06T15:20:43.969+0700: 14.810: Total time for which application threads were stopped: 0.0004015 seconds, Stopping threads took: 0.0000263 seconds
2016-10-06T15:20:43.995+0700: 14.836: Total time for which application threads were stopped: 0.0000862 seconds, Stopping threads took: 0.0000291 seconds
2016-10-06T15:20:43.995+0700: 14.837: Total time for which application threads were stopped: 0.0000567 seconds, Stopping threads took: 0.0000160 seconds
2016-10-06T15:20:44.039+0700: 14.881: Total time for which application threads were stopped: 0.0003736 seconds, Stopping threads took: 0.0000353 seconds
2016-10-06T15:20:44.115+0700: 14.957: Total time for which application threads were stopped: 0.0001556 seconds, Stopping threads took: 0.0000669 seconds
2016-10-06T15:20:44.117+0700: 14.959: Total time for which application threads were stopped: 0.0001786 seconds, Stopping threads took: 0.0000887 seconds
2016-10-06T15:20:44.122+0700: 14.963: Total time for which application threads were stopped: 0.0001498 seconds, Stopping threads took: 0.0000484 seconds
2016-10-06T15:20:44.135+0700: 14.976: Total time for which application threads were stopped: 0.0003806 seconds, Stopping threads took: 0.0000218 seconds
2016-10-06T15:20:44.145+0700: 14.986: Total time for which application threads were stopped: 0.0000866 seconds, Stopping threads took: 0.0000222 seconds
2016-10-06T15:20:44.174+0700: 15.015: Total time for which application threads were stopped: 0.0001552 seconds, Stopping threads took: 0.0000562 seconds
2016-10-06T15:20:44.174+0700: 15.015: Total time for which application threads were stopped: 0.0000948 seconds, Stopping threads took: 0.0000349 seconds
2016-10-06T15:20:44.175+0700: 15.016: Total time for which application threads were stopped: 0.0001310 seconds, Stopping threads took: 0.0000521 seconds
2016-10-06T15:20:44.218+0700: 15.059: Total time for which application threads were stopped: 0.0000920 seconds, Stopping threads took: 0.0000275 seconds
2016-10-06T15:20:44.218+0700: 15.060: Total time for which application threads were stopped: 0.0000817 seconds, Stopping threads took: 0.0000255 seconds
2016-10-06T15:20:44.545+0700: 15.385: Total time for which application threads were stopped: 0.0002094 seconds, Stopping threads took: 0.0000291 seconds
2016-10-06T15:20:44.566+0700: 15.407: Total time for which application threads were stopped: 0.0003173 seconds, Stopping threads took: 0.0000402 seconds
2016-10-06T15:20:44.614+0700: 15.455: Total time for which application threads were stopped: 0.0002053 seconds, Stopping threads took: 0.0000542 seconds
2016-10-06T15:20:44.615+0700: 15.455: Total time for which application threads were stopped: 0.0000965 seconds, Stopping threads took: 0.0000263 seconds
2016-10-06T15:20:44.621+0700: 15.461: Total time for which application threads were stopped: 0.0001642 seconds, Stopping threads took: 0.0000308 seconds
2016-10-06T15:20:44.623+0700: 15.464: Total time for which application threads were stopped: 0.0001634 seconds, Stopping threads took: 0.0000402 seconds
2016-10-06T15:20:45.623+0700: 16.464: Total time for which application threads were stopped: 0.0001695 seconds, Stopping threads took: 0.0000476 seconds
{Heap before GC invocations=8 (full 1):
 par new generation   total 109248K, used 102854K [0x00000000e0000000, 0x00000000e8000000, 0x00000000e8000000)
  eden space 87424K, 100% used [0x00000000e0000000, 0x00000000e5560000, 0x00000000e5560000)
  from space 21824K,  70% used [0x00000000e5560000, 0x00000000e6471ab8, 0x00000000e6ab0000)
  to   space 21824K,   0% used [0x00000000e6ab0000, 0x00000000e6ab0000, 0x00000000e8000000)
 concurrent mark-sweep generation total 393216K, used 0K [0x00000000e8000000, 0x0000000100000000, 0x0000000100000000)
 Metaspace       used 27893K, capacity 28388K, committed 28540K, reserved 1075200K
  class space    used 3297K, capacity 3447K, committed 3452K, reserved 1048576K
2016-10-06T15:20:47.161+0700: 18.002: [GC (Allocation Failure) 2016-10-06T15:20:47.161+0700: 18.002: [ParNew
Desired survivor size 20112992 bytes, new threshold 8 (max 8)
- age   1:    4611128 bytes,    4611128 total
- age   2:     321032 bytes,    4932160 total
- age   3:     115192 bytes,    5047352 total
- age   4:     279368 bytes,    5326720 total
- age   5:     116984 bytes,    5443704 total
- age   6:    1261032 bytes,    6704736 total
- age   7:     106648 bytes,    6811384 total
- age   8:    2095648 bytes,    8907032 total
: 102854K->16689K(109248K), 0.0294780 secs] 102854K->22724K(502464K), 0.0295770 secs] [Times: user=0.11 sys=0.00, real=0.03 secs] 
Heap after GC invocations=9 (full 1):
 par new generation   total 109248K, used 16689K [0x00000000e0000000, 0x00000000e8000000, 0x00000000e8000000)
  eden space 87424K,   0% used [0x00000000e0000000, 0x00000000e0000000, 0x00000000e5560000)
  from space 21824K,  76% used [0x00000000e6ab0000, 0x00000000e7afc790, 0x00000000e8000000)
  to   space 21824K,   0% used [0x00000000e5560000, 0x00000000e5560000, 0x00000000e6ab0000)
 concurrent mark-sweep generation total 393216K, used 6034K [0x00000000e8000000, 0x0000000100000000, 0x0000000100000000)
 Metaspace       used 27893K, capacity 28388K, committed 28540K, reserved 1075200K
  class space    used 3297K, capacity 3447K, committed 3452K, reserved 1048576K
}
2016-10-06T15:20:47.190+0700: 18.032: Total time for which application threads were stopped: 0.0297769 seconds, Stopping threads took: 0.0000255 seconds
2016-10-06T15:20:47.997+0700: 18.838: Total time for which application threads were stopped: 0.0001720 seconds, Stopping threads took: 0.0000369 seconds
2016-10-06T15:20:48.047+0700: 18.888: Total time for which application threads were stopped: 0.0004922 seconds, Stopping threads took: 0.0000296 seconds
2016-10-06T15:20:49.001+0700: 19.842: Total time for which application threads were stopped: 0.0001482 seconds, Stopping threads took: 0.0000382 seconds
2016-10-06T15:20:49.001+0700: 19.843: Total time for which application threads were stopped: 0.0000874 seconds, Stopping threads took: 0.0000250 seconds
2016-10-06T15:20:49.001+0700: 19.843: Total time for which application threads were stopped: 0.0000805 seconds, Stopping threads took: 0.0000238 seconds
2016-10-06T15:20:49.001+0700: 19.843: Total time for which application threads were stopped: 0.0000731 seconds, Stopping threads took: 0.0000205 seconds
2016-10-06T15:20:49.001+0700: 19.843: Total time for which application threads were stopped: 0.0000653 seconds, Stopping threads took: 0.0000144 seconds
2016-10-06T15:20:49.003+0700: 19.845: Total time for which application threads were stopped: 0.0001256 seconds, Stopping threads took: 0.0000394 seconds
2016-10-06T15:20:49.003+0700: 19.845: Total time for which application threads were stopped: 0.0002484 seconds, Stopping threads took: 0.0000279 seconds
2016-10-06T15:20:49.034+0700: 19.876: Total time for which application threads were stopped: 0.0001392 seconds, Stopping threads took: 0.0000398 seconds
2016-10-06T15:20:49.034+0700: 19.876: Total time for which application threads were stopped: 0.0000813 seconds, Stopping threads took: 0.0000226 seconds
2016-10-06T15:20:49.036+0700: 19.876: Total time for which application threads were stopped: 0.0000796 seconds, Stopping threads took: 0.0000201 seconds
2016-10-06T15:20:49.036+0700: 19.876: Total time for which application threads were stopped: 0.0000768 seconds, Stopping threads took: 0.0000226 seconds
2016-10-06T15:20:49.036+0700: 19.877: Total time for which application threads were stopped: 0.0000747 seconds, Stopping threads took: 0.0000205 seconds
2016-10-06T15:20:49.036+0700: 19.877: Total time for which application threads were stopped: 0.0000788 seconds, Stopping threads took: 0.0000263 seconds
2016-10-06T15:20:49.036+0700: 19.877: Total time for which application threads were stopped: 0.0000681 seconds, Stopping threads took: 0.0000172 seconds
2016-10-06T15:20:49.361+0700: 20.201: Total time for which application threads were stopped: 0.0007513 seconds, Stopping threads took: 0.0000460 seconds
2016-10-06T15:20:49.428+0700: 20.269: Total time for which application threads were stopped: 0.0001305 seconds, Stopping threads took: 0.0000382 seconds
2016-10-06T15:20:49.431+0700: 20.272: Total time for which application threads were stopped: 0.0001178 seconds, Stopping threads took: 0.0000209 seconds
2016-10-06T15:20:49.443+0700: 20.284: Total time for which application threads were stopped: 0.0002430 seconds, Stopping threads took: 0.0000456 seconds
2016-10-06T15:20:49.444+0700: 20.285: Total time for which application threads were stopped: 0.0000673 seconds, Stopping threads took: 0.0000144 seconds
2016-10-06T15:20:49.458+0700: 20.299: Total time for which application threads were stopped: 0.0001753 seconds, Stopping threads took: 0.0000406 seconds
2016-10-06T15:20:49.538+0700: 20.379: Total time for which application threads were stopped: 0.0006917 seconds, Stopping threads took: 0.0005448 seconds
2016-10-06T15:20:49.613+0700: 20.454: Total time for which application threads were stopped: 0.0004528 seconds, Stopping threads took: 0.0003440 seconds
2016-10-06T15:20:49.621+0700: 20.462: Total time for which application threads were stopped: 0.0004072 seconds, Stopping threads took: 0.0000337 seconds
2016-10-06T15:20:49.652+0700: 20.494: Total time for which application threads were stopped: 0.0001322 seconds, Stopping threads took: 0.0000378 seconds
2016-10-06T15:20:49.939+0700: 20.781: Total time for which application threads were stopped: 0.0002693 seconds, Stopping threads took: 0.0000776 seconds
2016-10-06T15:20:49.940+0700: 20.781: Total time for which application threads were stopped: 0.0001917 seconds, Stopping threads took: 0.0000636 seconds
2016-10-06T15:20:49.992+0700: 20.833: Total time for which application threads were stopped: 0.0007385 seconds, Stopping threads took: 0.0000431 seconds
2016-10-06T15:20:50.007+0700: 20.848: Total time for which application threads were stopped: 0.0001170 seconds, Stopping threads took: 0.0000296 seconds
2016-10-06T15:20:50.055+0700: 20.896: Total time for which application threads were stopped: 0.0002172 seconds, Stopping threads took: 0.0000649 seconds
2016-10-06T15:20:50.087+0700: 20.928: Total time for which application threads were stopped: 0.0002283 seconds, Stopping threads took: 0.0000846 seconds
2016-10-06T15:20:50.102+0700: 20.943: Total time for which application threads were stopped: 0.0002274 seconds, Stopping threads took: 0.0000612 seconds
2016-10-06T15:20:50.119+0700: 20.960: Total time for which application threads were stopped: 0.0001100 seconds, Stopping threads took: 0.0000259 seconds
2016-10-06T15:20:50.132+0700: 20.973: Total time for which application threads were stopped: 0.0002098 seconds, Stopping threads took: 0.0000825 seconds
2016-10-06T15:20:50.152+0700: 20.993: Total time for which application threads were stopped: 0.0001429 seconds, Stopping threads took: 0.0000538 seconds
2016-10-06T15:20:50.166+0700: 21.007: Total time for which application threads were stopped: 0.0002656 seconds, Stopping threads took: 0.0000374 seconds
2016-10-06T15:20:50.202+0700: 21.044: Total time for which application threads were stopped: 0.0001695 seconds, Stopping threads took: 0.0000431 seconds
2016-10-06T15:20:50.234+0700: 21.075: Total time for which application threads were stopped: 0.0001638 seconds, Stopping threads took: 0.0000751 seconds
2016-10-06T15:20:50.238+0700: 21.079: Total time for which application threads were stopped: 0.0001347 seconds, Stopping threads took: 0.0000378 seconds
2016-10-06T15:20:50.239+0700: 21.080: Total time for which application threads were stopped: 0.0001342 seconds, Stopping threads took: 0.0000374 seconds
2016-10-06T15:20:50.250+0700: 21.092: Total time for which application threads were stopped: 0.0001108 seconds, Stopping threads took: 0.0000361 seconds
2016-10-06T15:20:50.251+0700: 21.092: Total time for which application threads were stopped: 0.0001014 seconds, Stopping threads took: 0.0000361 seconds
2016-10-06T15:20:50.323+0700: 21.164: Total time for which application threads were stopped: 0.0001420 seconds, Stopping threads took: 0.0000439 seconds
2016-10-06T15:20:50.323+0700: 21.164: Total time for which application threads were stopped: 0.0000977 seconds, Stopping threads took: 0.0000337 seconds
{Heap before GC invocations=9 (full 1):
 par new generation   total 109248K, used 104113K [0x00000000e0000000, 0x00000000e8000000, 0x00000000e8000000)
  eden space 87424K, 100% used [0x00000000e0000000, 0x00000000e5560000, 0x00000000e5560000)
  from space 21824K,  76% used [0x00000000e6ab0000, 0x00000000e7afc790, 0x00000000e8000000)
  to   space 21824K,   0% used [0x00000000e5560000, 0x00000000e5560000, 0x00000000e6ab0000)
 concurrent mark-sweep generation total 393216K, used 6034K [0x00000000e8000000, 0x0000000100000000, 0x0000000100000000)
 Metaspace       used 30917K, capacity 31454K, committed 31740K, reserved 1077248K
  class space    used 3595K, capacity 3742K, committed 3836K, reserved 1048576K
2016-10-06T15:20:50.421+0700: 21.262: [GC (Allocation Failure) 2016-10-06T15:20:50.421+0700: 21.262: [ParNew
Desired survivor size 20112992 bytes, new threshold 8 (max 8)
- age   1:   13327888 bytes,   13327888 total
- age   2:    2340736 bytes,   15668624 total
- age   3:     320808 bytes,   15989432 total
- age   4:     115096 bytes,   16104528 total
- age   5:     278400 bytes,   16382928 total
- age   6:     116792 bytes,   16499720 total
- age   7:    1260136 bytes,   17759856 total
- age   8:     106384 bytes,   17866240 total
: 104113K->19826K(109248K), 0.0195830 secs] 110148K->27894K(502464K), 0.0196775 secs] [Times: user=0.06 sys=0.00, real=0.02 secs] 
Heap after GC invocations=10 (full 1):
 par new generation   total 109248K, used 19826K [0x00000000e0000000, 0x00000000e8000000, 0x00000000e8000000)
  eden space 87424K,   0% used [0x00000000e0000000, 0x00000000e0000000, 0x00000000e5560000)
  from space 21824K,  90% used [0x00000000e5560000, 0x00000000e68bc910, 0x00000000e6ab0000)
  to   space 21824K,   0% used [0x00000000e6ab0000, 0x00000000e6ab0000, 0x00000000e8000000)
 concurrent mark-sweep generation total 393216K, used 8068K [0x00000000e8000000, 0x0000000100000000, 0x0000000100000000)
 Metaspace       used 30917K, capacity 31454K, committed 31740K, reserved 1077248K
  class space    used 3595K, capacity 3742K, committed 3836K, reserved 1048576K
}
2016-10-06T15:20:50.440+0700: 21.282: Total time for which application threads were stopped: 0.0210306 seconds, Stopping threads took: 0.0000419 seconds
2016-10-06T15:20:50.442+0700: 21.283: Total time for which application threads were stopped: 0.0001289 seconds, Stopping threads took: 0.0000571 seconds
2016-10-06T15:20:50.442+0700: 21.284: Total time for which application threads were stopped: 0.0000862 seconds, Stopping threads took: 0.0000304 seconds
2016-10-06T15:20:50.443+0700: 21.284: Total time for which application threads were stopped: 0.0001478 seconds, Stopping threads took: 0.0000554 seconds
2016-10-06T15:20:50.443+0700: 21.284: Total time for which application threads were stopped: 0.0001026 seconds, Stopping threads took: 0.0000218 seconds
2016-10-06T15:20:50.443+0700: 21.284: Total time for which application threads were stopped: 0.0001351 seconds, Stopping threads took: 0.0000686 seconds
2016-10-06T15:20:50.448+0700: 21.289: Total time for which application threads were stopped: 0.0001971 seconds, Stopping threads took: 0.0000599 seconds
2016-10-06T15:20:50.601+0700: 21.443: Total time for which application threads were stopped: 0.0003087 seconds, Stopping threads took: 0.0001067 seconds
{Heap before GC invocations=10 (full 1):
 par new generation   total 109248K, used 107248K [0x00000000e0000000, 0x00000000e8000000, 0x00000000e8000000)
  eden space 87424K,  99% used [0x00000000e0000000, 0x00000000e555f940, 0x00000000e5560000)
  from space 21824K,  90% used [0x00000000e5560000, 0x00000000e68bc910, 0x00000000e6ab0000)
  to   space 21824K,   0% used [0x00000000e6ab0000, 0x00000000e6ab0000, 0x00000000e8000000)
 concurrent mark-sweep generation total 393216K, used 8068K [0x00000000e8000000, 0x0000000100000000, 0x0000000100000000)
 Metaspace       used 31389K, capacity 31940K, committed 32380K, reserved 1077248K
  class space    used 3657K, capacity 3839K, committed 3964K, reserved 1048576K
2016-10-06T15:20:50.645+0700: 21.486: [GC (Allocation Failure) 2016-10-06T15:20:50.645+0700: 21.486: [ParNew
Desired survivor size 20112992 bytes, new threshold 8 (max 8)
- age   1:    2095680 bytes,    2095680 total
- age   2:   10058544 bytes,   12154224 total
- age   3:    2338376 bytes,   14492600 total
- age   4:     299640 bytes,   14792240 total
- age   5:     114872 bytes,   14907112 total
- age   6:     277824 bytes,   15184936 total
- age   7:     116696 bytes,   15301632 total
- age   8:    1259008 bytes,   16560640 total
: 107248K->21824K(109248K), 0.0152552 secs] 115317K->30064K(502464K), 0.0153521 secs] [Times: user=0.06 sys=0.00, real=0.02 secs] 
Heap after GC invocations=11 (full 1):
 par new generation   total 109248K, used 21824K [0x00000000e0000000, 0x00000000e8000000, 0x00000000e8000000)
  eden space 87424K,   0% used [0x00000000e0000000, 0x00000000e0000000, 0x00000000e5560000)
  from space 21824K, 100% used [0x00000000e6ab0000, 0x00000000e8000000, 0x00000000e8000000)
  to   space 21824K,   0% used [0x00000000e5560000, 0x00000000e5560000, 0x00000000e6ab0000)
 concurrent mark-sweep generation total 393216K, used 8240K [0x00000000e8000000, 0x0000000100000000, 0x0000000100000000)
 Metaspace       used 31389K, capacity 31940K, committed 32380K, reserved 1077248K
  class space    used 3657K, capacity 3839K, committed 3964K, reserved 1048576K
}
2016-10-06T15:20:50.660+0700: 21.502: Total time for which application threads were stopped: 0.0156342 seconds, Stopping threads took: 0.0000419 seconds
2016-10-06T15:20:50.660+0700: 21.502: Total time for which application threads were stopped: 0.0001749 seconds, Stopping threads took: 0.0000513 seconds
2016-10-06T15:20:50.661+0700: 21.502: Total time for which application threads were stopped: 0.0001191 seconds, Stopping threads took: 0.0000316 seconds
{Heap before GC invocations=11 (full 1):
 par new generation   total 109248K, used 109248K [0x00000000e0000000, 0x00000000e8000000, 0x00000000e8000000)
  eden space 87424K, 100% used [0x00000000e0000000, 0x00000000e5560000, 0x00000000e5560000)
  from space 21824K, 100% used [0x00000000e6ab0000, 0x00000000e8000000, 0x00000000e8000000)
  to   space 21824K,   0% used [0x00000000e5560000, 0x00000000e5560000, 0x00000000e6ab0000)
 concurrent mark-sweep generation total 393216K, used 8240K [0x00000000e8000000, 0x0000000100000000, 0x0000000100000000)
 Metaspace       used 31531K, capacity 32086K, committed 32380K, reserved 1077248K
  class space    used 3679K, capacity 3842K, committed 3964K, reserved 1048576K
2016-10-06T15:20:50.731+0700: 21.572: [GC (Allocation Failure) 2016-10-06T15:20:50.731+0700: 21.572: [ParNew
Desired survivor size 20112992 bytes, new threshold 8 (max 8)
- age   1:    1012616 bytes,    1012616 total
- age   2:    1562048 bytes,    2574664 total
- age   3:   10048744 bytes,   12623408 total
- age   4:    2338344 bytes,   14961752 total
- age   5:     299608 bytes,   15261360 total
- age   6:     114872 bytes,   15376232 total
- age   7:     277824 bytes,   15654056 total
- age   8:     116592 bytes,   15770648 total
: 109248K->18282K(109248K), 0.0154388 secs] 117488K->27758K(502464K), 0.0155870 secs] [Times: user=0.06 sys=0.00, real=0.02 secs] 
Heap after GC invocations=12 (full 1):
 par new generation   total 109248K, used 18282K [0x00000000e0000000, 0x00000000e8000000, 0x00000000e8000000)
  eden space 87424K,   0% used [0x00000000e0000000, 0x00000000e0000000, 0x00000000e5560000)
  from space 21824K,  83% used [0x00000000e5560000, 0x00000000e673ab30, 0x00000000e6ab0000)
  to   space 21824K,   0% used [0x00000000e6ab0000, 0x00000000e6ab0000, 0x00000000e8000000)
 concurrent mark-sweep generation total 393216K, used 9475K [0x00000000e8000000, 0x0000000100000000, 0x0000000100000000)
 Metaspace       used 31531K, capacity 32086K, committed 32380K, reserved 1077248K
  class space    used 3679K, capacity 3842K, committed 3964K, reserved 1048576K
}
2016-10-06T15:20:50.746+0700: 21.588: Total time for which application threads were stopped: 0.0158661 seconds, Stopping threads took: 0.0000402 seconds
{Heap before GC invocations=12 (full 1):
 par new generation   total 109248K, used 105706K [0x00000000e0000000, 0x00000000e8000000, 0x00000000e8000000)
  eden space 87424K, 100% used [0x00000000e0000000, 0x00000000e5560000, 0x00000000e5560000)
  from space 21824K,  83% used [0x00000000e5560000, 0x00000000e673ab30, 0x00000000e6ab0000)
  to   space 21824K,   0% used [0x00000000e6ab0000, 0x00000000e6ab0000, 0x00000000e8000000)
 concurrent mark-sweep generation total 393216K, used 9475K [0x00000000e8000000, 0x0000000100000000, 0x0000000100000000)
 Metaspace       used 31658K, capacity 32214K, committed 32636K, reserved 1077248K
  class space    used 3689K, capacity 3842K, committed 3964K, reserved 1048576K
2016-10-06T15:20:50.841+0700: 21.682: [GC (Allocation Failure) 2016-10-06T15:20:50.841+0700: 21.682: [ParNew
Desired survivor size 20112992 bytes, new threshold 8 (max 8)
- age   1:     484880 bytes,     484880 total
- age   2:     333640 bytes,     818520 total
- age   3:    1557920 bytes,    2376440 total
- age   4:   10048744 bytes,   12425184 total
- age   5:    2338328 bytes,   14763512 total
- age   6:     299608 bytes,   15063120 total
- age   7:     114872 bytes,   15177992 total
- age   8:     277824 bytes,   15455816 total
: 105706K->21384K(109248K), 0.0141177 secs] 115182K->30977K(502464K), 0.0142129 secs] [Times: user=0.06 sys=0.00, real=0.01 secs] 
Heap after GC invocations=13 (full 1):
 par new generation   total 109248K, used 21384K [0x00000000e0000000, 0x00000000e8000000, 0x00000000e8000000)
  eden space 87424K,   0% used [0x00000000e0000000, 0x00000000e0000000, 0x00000000e5560000)
  from space 21824K,  97% used [0x00000000e6ab0000, 0x00000000e7f92240, 0x00000000e8000000)
  to   space 21824K,   0% used [0x00000000e5560000, 0x00000000e5560000, 0x00000000e6ab0000)
 concurrent mark-sweep generation total 393216K, used 9592K [0x00000000e8000000, 0x0000000100000000, 0x0000000100000000)
 Metaspace       used 31658K, capacity 32214K, committed 32636K, reserved 1077248K
  class space    used 3689K, capacity 3842K, committed 3964K, reserved 1048576K
}
2016-10-06T15:20:50.855+0700: 21.696: Total time for which application threads were stopped: 0.0156161 seconds, Stopping threads took: 0.0011203 seconds
2016-10-06T15:20:50.933+0700: 21.773: Total time for which application threads were stopped: 0.0001667 seconds, Stopping threads took: 0.0000341 seconds
2016-10-06T15:20:51.135+0700: 21.976: Total time for which application threads were stopped: 0.0001626 seconds, Stopping threads took: 0.0000456 seconds
2016-10-06T15:20:52.135+0700: 22.976: Total time for which application threads were stopped: 0.0001835 seconds, Stopping threads took: 0.0000571 seconds
2016-10-06T15:20:52.358+0700: 23.200: Total time for which application threads were stopped: 0.0001429 seconds, Stopping threads took: 0.0000427 seconds
2016-10-06T15:20:52.358+0700: 23.200: Total time for which application threads were stopped: 0.0000772 seconds, Stopping threads took: 0.0000189 seconds
2016-10-06T15:20:52.359+0700: 23.200: Total time for which application threads were stopped: 0.0000965 seconds, Stopping threads took: 0.0000398 seconds
2016-10-06T15:20:52.359+0700: 23.200: Total time for which application threads were stopped: 0.0000624 seconds, Stopping threads took: 0.0000131 seconds
2016-10-06T15:20:52.359+0700: 23.200: Total time for which application threads were stopped: 0.0000612 seconds, Stopping threads took: 0.0000127 seconds
2016-10-06T15:20:52.359+0700: 23.201: Total time for which application threads were stopped: 0.0000599 seconds, Stopping threads took: 0.0000123 seconds
2016-10-06T15:20:52.359+0700: 23.201: Total time for which application threads were stopped: 0.0000575 seconds, Stopping threads took: 0.0000119 seconds
2016-10-06T15:20:52.362+0700: 23.204: Total time for which application threads were stopped: 0.0001338 seconds, Stopping threads took: 0.0000398 seconds
2016-10-06T15:20:52.363+0700: 23.204: Total time for which application threads were stopped: 0.0001305 seconds, Stopping threads took: 0.0000312 seconds
2016-10-06T15:20:52.374+0700: 23.216: Total time for which application threads were stopped: 0.0001642 seconds, Stopping threads took: 0.0000341 seconds
2016-10-06T15:20:52.374+0700: 23.216: Total time for which application threads were stopped: 0.0001084 seconds, Stopping threads took: 0.0000209 seconds
2016-10-06T15:20:52.375+0700: 23.217: Total time for which application threads were stopped: 0.0001453 seconds, Stopping threads took: 0.0000386 seconds
2016-10-06T15:20:52.375+0700: 23.217: Total time for which application threads were stopped: 0.0001240 seconds, Stopping threads took: 0.0000283 seconds
2016-10-06T15:20:52.430+0700: 23.272: Total time for which application threads were stopped: 0.0001425 seconds, Stopping threads took: 0.0000456 seconds
2016-10-06T15:20:52.430+0700: 23.272: Total time for which application threads were stopped: 0.0000842 seconds, Stopping threads took: 0.0000271 seconds
2016-10-06T15:20:52.430+0700: 23.272: Total time for which application threads were stopped: 0.0000706 seconds, Stopping threads took: 0.0000238 seconds
2016-10-06T15:20:52.430+0700: 23.272: Total time for which application threads were stopped: 0.0000723 seconds, Stopping threads took: 0.0000230 seconds
2016-10-06T15:20:52.431+0700: 23.272: Total time for which application threads were stopped: 0.0000751 seconds, Stopping threads took: 0.0000250 seconds
2016-10-06T15:20:52.432+0700: 23.273: Total time for which application threads were stopped: 0.0003276 seconds, Stopping threads took: 0.0000279 seconds
2016-10-06T15:20:53.433+0700: 24.274: Total time for which application threads were stopped: 0.0001860 seconds, Stopping threads took: 0.0000530 seconds
2016-10-06T15:20:54.144+0700: 24.985: Total time for which application threads were stopped: 0.0001219 seconds, Stopping threads took: 0.0000324 seconds
2016-10-06T15:20:55.144+0700: 25.985: Total time for which application threads were stopped: 0.0001819 seconds, Stopping threads took: 0.0000620 seconds
2016-10-06T15:20:55.464+0700: 26.305: Total time for which application threads were stopped: 0.0002106 seconds, Stopping threads took: 0.0000456 seconds
2016-10-06T15:20:55.668+0700: 26.510: Total time for which application threads were stopped: 0.0001552 seconds, Stopping threads took: 0.0000411 seconds
{Heap before GC invocations=13 (full 1):
 par new generation   total 109248K, used 108808K [0x00000000e0000000, 0x00000000e8000000, 0x00000000e8000000)
  eden space 87424K, 100% used [0x00000000e0000000, 0x00000000e5560000, 0x00000000e5560000)
  from space 21824K,  97% used [0x00000000e6ab0000, 0x00000000e7f92240, 0x00000000e8000000)
  to   space 21824K,   0% used [0x00000000e5560000, 0x00000000e5560000, 0x00000000e6ab0000)
 concurrent mark-sweep generation total 393216K, used 9592K [0x00000000e8000000, 0x0000000100000000, 0x0000000100000000)
 Metaspace       used 31987K, capacity 32620K, committed 32892K, reserved 1079296K
  class space    used 3710K, capacity 3890K, committed 3964K, reserved 1048576K
2016-10-06T15:20:55.670+0700: 26.511: [GC (Allocation Failure) 2016-10-06T15:20:55.670+0700: 26.511: [ParNew
Desired survivor size 20112992 bytes, new threshold 8 (max 8)
- age   1:    2393264 bytes,    2393264 total
- age   2:      80832 bytes,    2474096 total
- age   3:      90592 bytes,    2564688 total
- age   4:     396904 bytes,    2961592 total
- age   5:   10035504 bytes,   12997096 total
- age   6:    2337136 bytes,   15334232 total
- age   7:     299608 bytes,   15633840 total
- age   8:     114872 bytes,   15748712 total
: 108808K->19606K(109248K), 0.0160611 secs] 118401K->29476K(502464K), 0.0161715 secs] [Times: user=0.06 sys=0.00, real=0.02 secs] 
Heap after GC invocations=14 (full 1):
 par new generation   total 109248K, used 19606K [0x00000000e0000000, 0x00000000e8000000, 0x00000000e8000000)
  eden space 87424K,   0% used [0x00000000e0000000, 0x00000000e0000000, 0x00000000e5560000)
  from space 21824K,  89% used [0x00000000e5560000, 0x00000000e6885850, 0x00000000e6ab0000)
  to   space 21824K,   0% used [0x00000000e6ab0000, 0x00000000e6ab0000, 0x00000000e8000000)
 concurrent mark-sweep generation total 393216K, used 9870K [0x00000000e8000000, 0x0000000100000000, 0x0000000100000000)
 Metaspace       used 31987K, capacity 32620K, committed 32892K, reserved 1079296K
  class space    used 3710K, capacity 3890K, committed 3964K, reserved 1048576K
}
2016-10-06T15:20:55.686+0700: 26.527: Total time for which application threads were stopped: 0.0164667 seconds, Stopping threads took: 0.0000464 seconds
2016-10-06T15:20:55.686+0700: 26.528: Total time for which application threads were stopped: 0.0001359 seconds, Stopping threads took: 0.0000501 seconds
2016-10-06T15:20:55.756+0700: 26.597: Total time for which application threads were stopped: 0.0001375 seconds, Stopping threads took: 0.0000390 seconds
2016-10-06T15:20:56.756+0700: 27.597: Total time for which application threads were stopped: 0.0001630 seconds, Stopping threads took: 0.0000472 seconds
2016-10-06T15:21:10.057+0700: 40.898: Total time for which application threads were stopped: 0.0001786 seconds, Stopping threads took: 0.0000928 seconds
2016-10-06T15:21:10.057+0700: 40.898: Total time for which application threads were stopped: 0.0000727 seconds, Stopping threads took: 0.0000234 seconds
2016-10-06T15:21:10.061+0700: 40.902: Total time for which application threads were stopped: 0.0001745 seconds, Stopping threads took: 0.0001010 seconds
2016-10-06T15:21:31.073+0700: 61.914: Total time for which application threads were stopped: 0.0001638 seconds, Stopping threads took: 0.0000452 seconds
2016-10-06T15:21:32.074+0700: 62.915: Total time for which application threads were stopped: 0.0001617 seconds, Stopping threads took: 0.0000456 seconds
2016-10-06T15:22:36.103+0700: 126.944: Total time for which application threads were stopped: 0.0002336 seconds, Stopping threads took: 0.0000624 seconds
2016-10-06T15:22:50.109+0700: 140.949: Total time for which application threads were stopped: 0.0001741 seconds, Stopping threads took: 0.0000484 seconds
2016-10-06T15:23:28.126+0700: 178.967: Total time for which application threads were stopped: 0.0002311 seconds, Stopping threads took: 0.0000468 seconds
2016-10-06T15:23:30.126+0700: 180.967: Total time for which application threads were stopped: 0.0001913 seconds, Stopping threads took: 0.0000599 seconds
2016-10-06T15:23:30.924+0700: 181.765: Total time for which application threads were stopped: 0.0007504 seconds, Stopping threads took: 0.0000304 seconds
2016-10-06T15:23:31.924+0700: 182.765: Total time for which application threads were stopped: 0.0002036 seconds, Stopping threads took: 0.0000484 seconds
2016-10-06T15:23:33.015+0700: 183.857: Total time for which application threads were stopped: 0.0005899 seconds, Stopping threads took: 0.0000296 seconds
2016-10-06T15:23:33.016+0700: 183.857: Total time for which application threads were stopped: 0.0001010 seconds, Stopping threads took: 0.0000300 seconds
2016-10-06T15:23:33.072+0700: 183.914: Total time for which application threads were stopped: 0.0001396 seconds, Stopping threads took: 0.0000423 seconds
2016-10-06T15:23:33.073+0700: 183.915: Total time for which application threads were stopped: 0.0001158 seconds, Stopping threads took: 0.0000267 seconds
2016-10-06T15:23:33.073+0700: 183.915: Total time for which application threads were stopped: 0.0000846 seconds, Stopping threads took: 0.0000304 seconds
2016-10-06T15:23:33.073+0700: 183.915: Total time for which application threads were stopped: 0.0000764 seconds, Stopping threads took: 0.0000226 seconds
2016-10-06T15:23:33.073+0700: 183.915: Total time for which application threads were stopped: 0.0000858 seconds, Stopping threads took: 0.0000361 seconds
2016-10-06T15:23:33.073+0700: 183.915: Total time for which application threads were stopped: 0.0000874 seconds, Stopping threads took: 0.0000123 seconds
2016-10-06T15:23:33.073+0700: 183.915: Total time for which application threads were stopped: 0.0000583 seconds, Stopping threads took: 0.0000119 seconds
2016-10-06T15:23:33.074+0700: 183.915: Total time for which application threads were stopped: 0.0001051 seconds, Stopping threads took: 0.0000558 seconds
2016-10-06T15:23:33.124+0700: 183.965: Total time for which application threads were stopped: 0.0001158 seconds, Stopping threads took: 0.0000275 seconds
2016-10-06T15:23:33.124+0700: 183.965: Total time for which application threads were stopped: 0.0000501 seconds, Stopping threads took: 0.0000103 seconds
2016-10-06T15:23:33.125+0700: 183.965: Total time for which application threads were stopped: 0.0000402 seconds, Stopping threads took: 0.0000078 seconds
2016-10-06T15:23:34.125+0700: 184.966: Total time for which application threads were stopped: 0.0001654 seconds, Stopping threads took: 0.0000472 seconds
2016-10-06T15:23:36.127+0700: 186.967: Total time for which application threads were stopped: 0.0001605 seconds, Stopping threads took: 0.0000435 seconds
2016-10-06T15:23:37.001+0700: 187.843: Total time for which application threads were stopped: 0.0001269 seconds, Stopping threads took: 0.0000291 seconds
2016-10-06T15:23:37.005+0700: 187.847: Total time for which application threads were stopped: 0.0001330 seconds, Stopping threads took: 0.0000296 seconds
2016-10-06T15:23:37.006+0700: 187.847: Total time for which application threads were stopped: 0.0000985 seconds, Stopping threads took: 0.0000156 seconds
2016-10-06T15:23:38.007+0700: 188.848: Total time for which application threads were stopped: 0.0001934 seconds, Stopping threads took: 0.0000476 seconds
2016-10-06T15:24:28.030+0700: 238.871: Total time for which application threads were stopped: 0.0002176 seconds, Stopping threads took: 0.0000591 seconds
2016-10-06T15:32:23.703+0700: 714.544: Total time for which application threads were stopped: 0.0002939 seconds, Stopping threads took: 0.0000369 seconds
2016-10-06T15:32:24.704+0700: 715.545: Total time for which application threads were stopped: 0.0001856 seconds, Stopping threads took: 0.0000468 seconds
2016-10-06T15:32:25.704+0700: 716.545: Total time for which application threads were stopped: 0.0001745 seconds, Stopping threads took: 0.0000464 seconds
2016-10-06T15:32:28.462+0700: 719.302: Total time for which application threads were stopped: 0.0001556 seconds, Stopping threads took: 0.0000439 seconds
2016-10-06T15:32:29.462+0700: 720.303: Total time for which application threads were stopped: 0.0001737 seconds, Stopping threads took: 0.0000452 seconds
2016-10-06T15:32:43.468+0700: 734.309: Total time for which application threads were stopped: 0.0001880 seconds, Stopping threads took: 0.0000534 seconds
2016-10-06T15:32:48.435+0700: 739.276: Total time for which application threads were stopped: 0.0001195 seconds, Stopping threads took: 0.0000324 seconds
2016-10-06T15:32:48.435+0700: 739.276: Total time for which application threads were stopped: 0.0000665 seconds, Stopping threads took: 0.0000152 seconds
2016-10-06T15:33:04.912+0700: 755.753: Total time for which application threads were stopped: 0.0001441 seconds, Stopping threads took: 0.0000320 seconds
2016-10-06T15:33:04.918+0700: 755.760: Total time for which application threads were stopped: 0.0001523 seconds, Stopping threads took: 0.0000427 seconds
2016-10-06T15:33:05.926+0700: 756.766: Total time for which application threads were stopped: 0.0002229 seconds, Stopping threads took: 0.0000575 seconds
2016-10-06T15:33:06.926+0700: 757.767: Total time for which application threads were stopped: 0.0001823 seconds, Stopping threads took: 0.0000591 seconds
2016-10-06T15:33:07.927+0700: 758.768: Total time for which application threads were stopped: 0.0001741 seconds, Stopping threads took: 0.0000542 seconds
2016-10-06T15:33:08.931+0700: 759.772: Total time for which application threads were stopped: 0.0002114 seconds, Stopping threads took: 0.0000509 seconds
2016-10-06T15:33:11.946+0700: 762.788: Total time for which application threads were stopped: 0.0007546 seconds, Stopping threads took: 0.0000665 seconds
2016-10-06T15:33:12.947+0700: 763.788: Total time for which application threads were stopped: 0.0001761 seconds, Stopping threads took: 0.0000460 seconds
2016-10-06T15:33:13.948+0700: 764.789: Total time for which application threads were stopped: 0.0001154 seconds, Stopping threads took: 0.0000308 seconds
2016-10-06T15:34:51.414+0700: 862.255: Total time for which application threads were stopped: 0.0002636 seconds, Stopping threads took: 0.0000772 seconds
2016-10-06T15:34:54.425+0700: 865.266: Total time for which application threads were stopped: 0.0002135 seconds, Stopping threads took: 0.0000620 seconds
2016-10-06T15:37:12.960+0700: 1003.801: Total time for which application threads were stopped: 0.0002582 seconds, Stopping threads took: 0.0000714 seconds
2016-10-06T15:37:14.962+0700: 1005.802: Total time for which application threads were stopped: 0.0002085 seconds, Stopping threads took: 0.0000468 seconds
2016-10-06T15:37:19.886+0700: 1010.727: Total time for which application threads were stopped: 0.0001121 seconds, Stopping threads took: 0.0000259 seconds
2016-10-06T15:37:19.890+0700: 1010.731: Total time for which application threads were stopped: 0.0001301 seconds, Stopping threads took: 0.0000345 seconds
2016-10-06T15:37:19.890+0700: 1010.732: Total time for which application threads were stopped: 0.0000755 seconds, Stopping threads took: 0.0000168 seconds
2016-10-06T15:37:19.890+0700: 1010.732: Total time for which application threads were stopped: 0.0000686 seconds, Stopping threads took: 0.0000177 seconds
2016-10-06T15:37:19.891+0700: 1010.732: Total time for which application threads were stopped: 0.0000628 seconds, Stopping threads took: 0.0000135 seconds
2016-10-06T15:37:19.891+0700: 1010.732: Total time for which application threads were stopped: 0.0000665 seconds, Stopping threads took: 0.0000144 seconds
2016-10-06T15:37:19.891+0700: 1010.732: Total time for which application threads were stopped: 0.0000603 seconds, Stopping threads took: 0.0000131 seconds
2016-10-06T15:37:19.891+0700: 1010.732: Total time for which application threads were stopped: 0.0000731 seconds, Stopping threads took: 0.0000242 seconds
2016-10-06T15:37:19.891+0700: 1010.732: Total time for which application threads were stopped: 0.0000620 seconds, Stopping threads took: 0.0000135 seconds
2016-10-06T15:37:19.891+0700: 1010.732: Total time for which application threads were stopped: 0.0000567 seconds, Stopping threads took: 0.0000131 seconds
2016-10-06T15:37:19.891+0700: 1010.732: Total time for which application threads were stopped: 0.0000624 seconds, Stopping threads took: 0.0000144 seconds
2016-10-06T15:37:19.891+0700: 1010.733: Total time for which application threads were stopped: 0.0000632 seconds, Stopping threads took: 0.0000181 seconds
2016-10-06T15:37:19.891+0700: 1010.733: Total time for which application threads were stopped: 0.0000616 seconds, Stopping threads took: 0.0000131 seconds
2016-10-06T15:37:19.892+0700: 1010.733: Total time for which application threads were stopped: 0.0000636 seconds, Stopping threads took: 0.0000168 seconds
2016-10-06T15:37:19.892+0700: 1010.733: Total time for which application threads were stopped: 0.0000612 seconds, Stopping threads took: 0.0000123 seconds
2016-10-06T15:37:19.892+0700: 1010.733: Total time for which application threads were stopped: 0.0000759 seconds, Stopping threads took: 0.0000222 seconds
2016-10-06T15:37:19.892+0700: 1010.733: Total time for which application threads were stopped: 0.0000435 seconds, Stopping threads took: 0.0000119 seconds
2016-10-06T15:37:19.892+0700: 1010.733: Total time for which application threads were stopped: 0.0001605 seconds, Stopping threads took: 0.0000103 seconds
2016-10-06T15:37:19.892+0700: 1010.733: Total time for which application threads were stopped: 0.0000571 seconds, Stopping threads took: 0.0000127 seconds
2016-10-06T15:37:19.954+0700: 1010.795: Total time for which application threads were stopped: 0.0002209 seconds, Stopping threads took: 0.0001030 seconds
2016-10-06T15:37:19.955+0700: 1010.795: Total time for which application threads were stopped: 0.0000661 seconds, Stopping threads took: 0.0000168 seconds
2016-10-06T15:37:19.955+0700: 1010.796: Total time for which application threads were stopped: 0.0001022 seconds, Stopping threads took: 0.0000571 seconds
2016-10-06T15:37:20.120+0700: 1010.975: Total time for which application threads were stopped: 0.0001063 seconds, Stopping threads took: 0.0000255 seconds
2016-10-06T15:37:29.873+0700: 1020.715: Total time for which application threads were stopped: 0.0001318 seconds, Stopping threads took: 0.0000246 seconds
2016-10-06T15:37:30.876+0700: 1021.717: Total time for which application threads were stopped: 0.0001856 seconds, Stopping threads took: 0.0000595 seconds
2016-10-06T15:39:33.391+0700: 1144.232: Total time for which application threads were stopped: 0.0003005 seconds, Stopping threads took: 0.0000747 seconds
2016-10-06T15:43:39.378+0700: 1390.219: Total time for which application threads were stopped: 0.0002631 seconds, Stopping threads took: 0.0000776 seconds
2016-10-06T15:44:15.525+0700: 1426.366: Total time for which application threads were stopped: 0.0002311 seconds, Stopping threads took: 0.0000603 seconds
2016-10-06T15:44:16.626+0700: 1427.468: Total time for which application threads were stopped: 0.0001539 seconds, Stopping threads took: 0.0000419 seconds
2016-10-06T15:44:16.689+0700: 1427.531: Total time for which application threads were stopped: 0.0001453 seconds, Stopping threads took: 0.0000283 seconds
2016-10-06T15:44:16.690+0700: 1427.532: Total time for which application threads were stopped: 0.0001145 seconds, Stopping threads took: 0.0000250 seconds
2016-10-06T15:44:16.690+0700: 1427.532: Total time for which application threads were stopped: 0.0000768 seconds, Stopping threads took: 0.0000160 seconds
2016-10-06T15:44:16.690+0700: 1427.532: Total time for which application threads were stopped: 0.0000603 seconds, Stopping threads took: 0.0000123 seconds
2016-10-06T15:44:16.690+0700: 1427.532: Total time for which application threads were stopped: 0.0000677 seconds, Stopping threads took: 0.0000127 seconds
2016-10-06T15:44:16.691+0700: 1427.532: Total time for which application threads were stopped: 0.0000575 seconds, Stopping threads took: 0.0000090 seconds
2016-10-06T15:44:16.691+0700: 1427.533: Total time for which application threads were stopped: 0.0000903 seconds, Stopping threads took: 0.0000193 seconds
2016-10-06T15:44:20.554+0700: 1431.395: Total time for which application threads were stopped: 0.0001232 seconds, Stopping threads took: 0.0000267 seconds
2016-10-06T15:44:20.554+0700: 1431.395: Total time for which application threads were stopped: 0.0000599 seconds, Stopping threads took: 0.0000135 seconds
2016-10-06T15:44:20.560+0700: 1431.401: Total time for which application threads were stopped: 0.0002434 seconds, Stopping threads took: 0.0001634 seconds
2016-10-06T15:44:20.572+0700: 1431.413: Total time for which application threads were stopped: 0.0001310 seconds, Stopping threads took: 0.0000464 seconds
2016-10-06T15:44:20.732+0700: 1431.583: Total time for which application threads were stopped: 0.0001063 seconds, Stopping threads took: 0.0000246 seconds
2016-10-06T15:44:20.732+0700: 1431.583: Total time for which application threads were stopped: 0.0000447 seconds, Stopping threads took: 0.0000127 seconds
2016-10-06T15:44:20.732+0700: 1431.584: Total time for which application threads were stopped: 0.0000411 seconds, Stopping threads took: 0.0000115 seconds
2016-10-06T15:44:20.732+0700: 1431.584: Total time for which application threads were stopped: 0.0000480 seconds, Stopping threads took: 0.0000201 seconds
2016-10-06T15:44:20.732+0700: 1431.584: Total time for which application threads were stopped: 0.0000386 seconds, Stopping threads took: 0.0000111 seconds
2016-10-06T15:44:20.732+0700: 1431.586: Total time for which application threads were stopped: 0.0000833 seconds, Stopping threads took: 0.0000218 seconds
2016-10-06T15:44:20.732+0700: 1431.586: Total time for which application threads were stopped: 0.0000907 seconds, Stopping threads took: 0.0000558 seconds
2016-10-06T15:44:20.732+0700: 1431.586: Total time for which application threads were stopped: 0.0000423 seconds, Stopping threads took: 0.0000127 seconds
2016-10-06T15:44:20.747+0700: 1431.589: Total time for which application threads were stopped: 0.0000636 seconds, Stopping threads took: 0.0000181 seconds
2016-10-06T15:44:20.763+0700: 1431.612: Total time for which application threads were stopped: 0.0004951 seconds, Stopping threads took: 0.0000250 seconds
2016-10-06T15:44:21.773+0700: 1432.614: Total time for which application threads were stopped: 0.0002012 seconds, Stopping threads took: 0.0000624 seconds
2016-10-06T15:44:21.867+0700: 1432.715: Total time for which application threads were stopped: 0.0002656 seconds, Stopping threads took: 0.0001227 seconds
2016-10-06T15:44:21.867+0700: 1432.715: Total time for which application threads were stopped: 0.0001962 seconds, Stopping threads took: 0.0001137 seconds
2016-10-06T15:44:21.867+0700: 1432.720: Total time for which application threads were stopped: 0.0002402 seconds, Stopping threads took: 0.0000702 seconds
2016-10-06T15:44:21.867+0700: 1432.721: Total time for which application threads were stopped: 0.0001310 seconds, Stopping threads took: 0.0000333 seconds
2016-10-06T15:44:23.513+0700: 1434.354: Total time for which application threads were stopped: 0.0001548 seconds, Stopping threads took: 0.0000308 seconds
2016-10-06T15:44:23.614+0700: 1434.455: Total time for which application threads were stopped: 0.0001478 seconds, Stopping threads took: 0.0000353 seconds
2016-10-06T15:44:29.062+0700: 1439.903: Total time for which application threads were stopped: 0.0001917 seconds, Stopping threads took: 0.0000673 seconds
2016-10-06T15:44:29.063+0700: 1439.904: Total time for which application threads were stopped: 0.0000965 seconds, Stopping threads took: 0.0000238 seconds
2016-10-06T15:44:29.064+0700: 1439.904: Total time for which application threads were stopped: 0.0000505 seconds, Stopping threads took: 0.0000127 seconds
2016-10-06T15:44:29.064+0700: 1439.905: Total time for which application threads were stopped: 0.0000419 seconds, Stopping threads took: 0.0000099 seconds
2016-10-06T15:44:29.064+0700: 1439.905: Total time for which application threads were stopped: 0.0000525 seconds, Stopping threads took: 0.0000148 seconds
2016-10-06T15:44:29.064+0700: 1439.905: Total time for which application threads were stopped: 0.0000427 seconds, Stopping threads took: 0.0000103 seconds
2016-10-06T15:44:29.064+0700: 1439.905: Total time for which application threads were stopped: 0.0000521 seconds, Stopping threads took: 0.0000144 seconds
2016-10-06T15:44:29.064+0700: 1439.905: Total time for which application threads were stopped: 0.0000423 seconds, Stopping threads took: 0.0000099 seconds
2016-10-06T15:44:29.064+0700: 1439.905: Total time for which application threads were stopped: 0.0000521 seconds, Stopping threads took: 0.0000144 seconds
2016-10-06T15:44:29.064+0700: 1439.905: Total time for which application threads were stopped: 0.0000427 seconds, Stopping threads took: 0.0000103 seconds
2016-10-06T15:44:29.064+0700: 1439.905: Total time for which application threads were stopped: 0.0000686 seconds, Stopping threads took: 0.0000181 seconds
2016-10-06T15:44:29.064+0700: 1439.905: Total time for which application threads were stopped: 0.0000571 seconds, Stopping threads took: 0.0000135 seconds
2016-10-06T15:44:29.064+0700: 1439.905: Total time for which application threads were stopped: 0.0000435 seconds, Stopping threads took: 0.0000103 seconds
2016-10-06T15:44:29.065+0700: 1439.905: Total time for which application threads were stopped: 0.0000427 seconds, Stopping threads took: 0.0000099 seconds
2016-10-06T15:44:29.065+0700: 1439.906: Total time for which application threads were stopped: 0.0000419 seconds, Stopping threads took: 0.0000099 seconds
2016-10-06T15:44:29.065+0700: 1439.906: Total time for which application threads were stopped: 0.0000583 seconds, Stopping threads took: 0.0000127 seconds
2016-10-06T15:44:29.065+0700: 1439.906: Total time for which application threads were stopped: 0.0000534 seconds, Stopping threads took: 0.0000094 seconds
2016-10-06T15:44:29.065+0700: 1439.906: Total time for which application threads were stopped: 0.0000567 seconds, Stopping threads took: 0.0000123 seconds
2016-10-06T15:44:29.065+0700: 1439.906: Total time for which application threads were stopped: 0.0000558 seconds, Stopping threads took: 0.0000115 seconds
2016-10-06T15:44:29.065+0700: 1439.906: Total time for which application threads were stopped: 0.0002475 seconds, Stopping threads took: 0.0000144 seconds
2016-10-06T15:44:29.070+0700: 1439.911: Total time for which application threads were stopped: 0.0001786 seconds, Stopping threads took: 0.0000920 seconds
2016-10-06T15:44:29.073+0700: 1439.914: Total time for which application threads were stopped: 0.0001687 seconds, Stopping threads took: 0.0000312 seconds
2016-10-06T15:44:29.078+0700: 1439.919: Total time for which application threads were stopped: 0.0001174 seconds, Stopping threads took: 0.0000382 seconds
2016-10-06T15:44:29.080+0700: 1439.921: Total time for which application threads were stopped: 0.0002176 seconds, Stopping threads took: 0.0000780 seconds
2016-10-06T15:44:29.081+0700: 1439.922: Total time for which application threads were stopped: 0.0000924 seconds, Stopping threads took: 0.0000234 seconds
2016-10-06T15:44:29.082+0700: 1439.922: Total time for which application threads were stopped: 0.0000973 seconds, Stopping threads took: 0.0000242 seconds
2016-10-06T15:44:29.083+0700: 1439.924: Total time for which application threads were stopped: 0.0001096 seconds, Stopping threads took: 0.0000300 seconds
2016-10-06T15:44:30.095+0700: 1440.937: Total time for which application threads were stopped: 0.0001576 seconds, Stopping threads took: 0.0000452 seconds
2016-10-06T15:44:30.096+0700: 1440.938: Total time for which application threads were stopped: 0.0001125 seconds, Stopping threads took: 0.0000349 seconds
2016-10-06T15:44:30.096+0700: 1440.938: Total time for which application threads were stopped: 0.0001051 seconds, Stopping threads took: 0.0000304 seconds
2016-10-06T15:44:30.097+0700: 1440.938: Total time for which application threads were stopped: 0.0001269 seconds, Stopping threads took: 0.0000308 seconds
2016-10-06T15:44:30.098+0700: 1440.940: Total time for which application threads were stopped: 0.0002311 seconds, Stopping threads took: 0.0001158 seconds
2016-10-06T15:44:30.099+0700: 1440.940: Total time for which application threads were stopped: 0.0002016 seconds, Stopping threads took: 0.0000837 seconds
2016-10-06T15:44:30.100+0700: 1440.941: Total time for which application threads were stopped: 0.0001975 seconds, Stopping threads took: 0.0000562 seconds
2016-10-06T15:44:30.100+0700: 1440.942: Total time for which application threads were stopped: 0.0001359 seconds, Stopping threads took: 0.0000341 seconds
2016-10-06T15:44:30.108+0700: 1440.949: Total time for which application threads were stopped: 0.0001819 seconds, Stopping threads took: 0.0000657 seconds
2016-10-06T15:44:30.109+0700: 1440.950: Total time for which application threads were stopped: 0.0001724 seconds, Stopping threads took: 0.0000283 seconds
2016-10-06T15:44:34.793+0700: 1445.634: Total time for which application threads were stopped: 0.0001519 seconds, Stopping threads took: 0.0000320 seconds
2016-10-06T15:44:42.122+0700: 1452.963: Total time for which application threads were stopped: 0.0001371 seconds, Stopping threads took: 0.0000324 seconds
2016-10-06T15:44:42.122+0700: 1452.963: Total time for which application threads were stopped: 0.0000940 seconds, Stopping threads took: 0.0000197 seconds
2016-10-06T15:44:42.126+0700: 1452.967: Total time for which application threads were stopped: 0.0002615 seconds, Stopping threads took: 0.0001548 seconds
2016-10-06T15:44:44.024+0700: 1454.865: Total time for which application threads were stopped: 0.0001367 seconds, Stopping threads took: 0.0000296 seconds
2016-10-06T15:44:44.104+0700: 1454.945: Total time for which application threads were stopped: 0.0001334 seconds, Stopping threads took: 0.0000304 seconds
2016-10-06T15:44:44.104+0700: 1454.946: Total time for which application threads were stopped: 0.0001260 seconds, Stopping threads took: 0.0000316 seconds
2016-10-06T15:44:44.105+0700: 1454.946: Total time for which application threads were stopped: 0.0001519 seconds, Stopping threads took: 0.0000443 seconds
2016-10-06T15:44:44.105+0700: 1454.947: Total time for which application threads were stopped: 0.0000837 seconds, Stopping threads took: 0.0000222 seconds
2016-10-06T15:44:44.105+0700: 1454.947: Total time for which application threads were stopped: 0.0000833 seconds, Stopping threads took: 0.0000160 seconds
2016-10-06T15:44:44.105+0700: 1454.947: Total time for which application threads were stopped: 0.0000653 seconds, Stopping threads took: 0.0000107 seconds
2016-10-06T15:44:44.106+0700: 1454.947: Total time for which application threads were stopped: 0.0001002 seconds, Stopping threads took: 0.0000312 seconds
2016-10-06T15:44:47.525+0700: 1458.365: Total time for which application threads were stopped: 0.0001457 seconds, Stopping threads took: 0.0000296 seconds
2016-10-06T15:44:47.525+0700: 1458.366: Total time for which application threads were stopped: 0.0000768 seconds, Stopping threads took: 0.0000127 seconds
2016-10-06T15:44:47.532+0700: 1458.373: Total time for which application threads were stopped: 0.0001884 seconds, Stopping threads took: 0.0001030 seconds
2016-10-06T15:44:47.544+0700: 1458.384: Total time for which application threads were stopped: 0.0001207 seconds, Stopping threads took: 0.0000291 seconds
2016-10-06T15:44:47.557+0700: 1458.398: Total time for which application threads were stopped: 0.0000977 seconds, Stopping threads took: 0.0000259 seconds
2016-10-06T15:44:47.557+0700: 1458.398: Total time for which application threads were stopped: 0.0000476 seconds, Stopping threads took: 0.0000127 seconds
2016-10-06T15:44:47.558+0700: 1458.399: Total time for which application threads were stopped: 0.0000665 seconds, Stopping threads took: 0.0000197 seconds
2016-10-06T15:44:47.560+0700: 1458.400: Total time for which application threads were stopped: 0.0004947 seconds, Stopping threads took: 0.0000218 seconds
2016-10-06T15:44:47.560+0700: 1458.401: Total time for which application threads were stopped: 0.0000801 seconds, Stopping threads took: 0.0000193 seconds
2016-10-06T15:44:47.560+0700: 1458.401: Total time for which application threads were stopped: 0.0000419 seconds, Stopping threads took: 0.0000111 seconds
2016-10-06T15:44:47.593+0700: 1458.434: Total time for which application threads were stopped: 0.0001129 seconds, Stopping threads took: 0.0000349 seconds
2016-10-06T15:44:47.598+0700: 1458.439: Total time for which application threads were stopped: 0.0000874 seconds, Stopping threads took: 0.0000263 seconds
2016-10-06T15:44:47.598+0700: 1458.439: Total time for which application threads were stopped: 0.0000480 seconds, Stopping threads took: 0.0000107 seconds
2016-10-06T15:44:47.598+0700: 1458.439: Total time for which application threads were stopped: 0.0000415 seconds, Stopping threads took: 0.0000103 seconds
2016-10-06T15:44:47.598+0700: 1458.439: Total time for which application threads were stopped: 0.0000427 seconds, Stopping threads took: 0.0000086 seconds
2016-10-06T15:44:47.598+0700: 1458.439: Total time for which application threads were stopped: 0.0000406 seconds, Stopping threads took: 0.0000103 seconds
2016-10-06T15:44:47.642+0700: 1458.483: Total time for which application threads were stopped: 0.0005747 seconds, Stopping threads took: 0.0000394 seconds
2016-10-06T15:44:47.718+0700: 1458.573: Total time for which application threads were stopped: 0.0001581 seconds, Stopping threads took: 0.0000320 seconds
2016-10-06T15:44:47.718+0700: 1458.574: Total time for which application threads were stopped: 0.0000571 seconds, Stopping threads took: 0.0000177 seconds
2016-10-06T15:44:47.734+0700: 1458.585: Total time for which application threads were stopped: 0.0001076 seconds, Stopping threads took: 0.0000320 seconds
2016-10-06T15:44:47.734+0700: 1458.586: Total time for which application threads were stopped: 0.0000891 seconds, Stopping threads took: 0.0000238 seconds
2016-10-06T15:44:47.734+0700: 1458.586: Total time for which application threads were stopped: 0.0000423 seconds, Stopping threads took: 0.0000111 seconds
2016-10-06T15:44:47.750+0700: 1458.600: Total time for which application threads were stopped: 0.0001055 seconds, Stopping threads took: 0.0000296 seconds
2016-10-06T15:44:47.781+0700: 1458.623: Total time for which application threads were stopped: 0.0001174 seconds, Stopping threads took: 0.0000300 seconds
2016-10-06T15:44:47.781+0700: 1458.623: Total time for which application threads were stopped: 0.0000554 seconds, Stopping threads took: 0.0000123 seconds
2016-10-06T15:44:47.796+0700: 1458.637: Total time for which application threads were stopped: 0.0001236 seconds, Stopping threads took: 0.0000349 seconds
2016-10-06T15:44:47.796+0700: 1458.640: Total time for which application threads were stopped: 0.0000993 seconds, Stopping threads took: 0.0000271 seconds
2016-10-06T15:44:47.796+0700: 1458.640: Total time for which application threads were stopped: 0.0000390 seconds, Stopping threads took: 0.0000094 seconds
2016-10-06T15:44:47.812+0700: 1458.656: Total time for which application threads were stopped: 0.0001035 seconds, Stopping threads took: 0.0000296 seconds
2016-10-06T15:44:47.812+0700: 1458.658: Total time for which application threads were stopped: 0.0000932 seconds, Stopping threads took: 0.0000242 seconds
2016-10-06T15:44:47.812+0700: 1458.658: Total time for which application threads were stopped: 0.0000369 seconds, Stopping threads took: 0.0000090 seconds
2016-10-06T15:44:47.812+0700: 1458.658: Total time for which application threads were stopped: 0.0000513 seconds, Stopping threads took: 0.0000131 seconds
2016-10-06T15:44:47.937+0700: 1458.793: Total time for which application threads were stopped: 0.0004832 seconds, Stopping threads took: 0.0000226 seconds
2016-10-06T15:44:47.953+0700: 1458.800: Total time for which application threads were stopped: 0.0001659 seconds, Stopping threads took: 0.0000406 seconds
2016-10-06T15:44:47.953+0700: 1458.800: Total time for which application threads were stopped: 0.0001121 seconds, Stopping threads took: 0.0000308 seconds
2016-10-06T15:44:47.953+0700: 1458.801: Total time for which application threads were stopped: 0.0001121 seconds, Stopping threads took: 0.0000300 seconds
2016-10-06T15:44:48.046+0700: 1458.901: Total time for which application threads were stopped: 0.0001010 seconds, Stopping threads took: 0.0000259 seconds
2016-10-06T15:44:48.046+0700: 1458.902: Total time for which application threads were stopped: 0.0000493 seconds, Stopping threads took: 0.0000135 seconds
2016-10-06T15:44:48.062+0700: 1458.908: Total time for which application threads were stopped: 0.0001720 seconds, Stopping threads took: 0.0000394 seconds
2016-10-06T15:44:48.078+0700: 1458.924: Total time for which application threads were stopped: 0.0001695 seconds, Stopping threads took: 0.0000415 seconds
2016-10-06T15:44:48.078+0700: 1458.925: Total time for which application threads were stopped: 0.0001162 seconds, Stopping threads took: 0.0000361 seconds
2016-10-06T15:44:48.093+0700: 1458.942: Total time for which application threads were stopped: 0.0001872 seconds, Stopping threads took: 0.0000513 seconds
2016-10-06T15:44:48.171+0700: 1459.023: Total time for which application threads were stopped: 0.0000973 seconds, Stopping threads took: 0.0000267 seconds
2016-10-06T15:44:48.171+0700: 1459.024: Total time for which application threads were stopped: 0.0001498 seconds, Stopping threads took: 0.0000094 seconds
2016-10-06T15:44:48.187+0700: 1459.030: Total time for which application threads were stopped: 0.0001059 seconds, Stopping threads took: 0.0000308 seconds
2016-10-06T15:44:48.218+0700: 1459.073: Total time for which application threads were stopped: 0.0001273 seconds, Stopping threads took: 0.0000296 seconds
2016-10-06T15:44:48.234+0700: 1459.082: Total time for which application threads were stopped: 0.0001063 seconds, Stopping threads took: 0.0000308 seconds
2016-10-06T15:44:48.234+0700: 1459.083: Total time for which application threads were stopped: 0.0000735 seconds, Stopping threads took: 0.0000209 seconds
2016-10-06T15:44:48.234+0700: 1459.084: Total time for which application threads were stopped: 0.0000558 seconds, Stopping threads took: 0.0000164 seconds
2016-10-06T15:44:48.359+0700: 1459.214: Total time for which application threads were stopped: 0.0001071 seconds, Stopping threads took: 0.0000255 seconds
2016-10-06T15:44:48.390+0700: 1459.232: Total time for which application threads were stopped: 0.0000702 seconds, Stopping threads took: 0.0000177 seconds
2016-10-06T15:44:48.515+0700: 1459.361: Total time for which application threads were stopped: 0.0008642 seconds, Stopping threads took: 0.0000443 seconds
2016-10-06T15:44:48.607+0700: 1459.448: Total time for which application threads were stopped: 0.0001100 seconds, Stopping threads took: 0.0000246 seconds
2016-10-06T15:44:48.609+0700: 1459.450: Total time for which application threads were stopped: 0.0000649 seconds, Stopping threads took: 0.0000131 seconds
2016-10-06T15:44:48.611+0700: 1459.457: Total time for which application threads were stopped: 0.0000554 seconds, Stopping threads took: 0.0000115 seconds
2016-10-06T15:44:48.611+0700: 1459.462: Total time for which application threads were stopped: 0.0001379 seconds, Stopping threads took: 0.0000304 seconds
2016-10-06T15:44:48.658+0700: 1459.500: Total time for which application threads were stopped: 0.0001203 seconds, Stopping threads took: 0.0000279 seconds
2016-10-06T15:44:48.658+0700: 1459.504: Total time for which application threads were stopped: 0.0005099 seconds, Stopping threads took: 0.0000271 seconds
2016-10-06T15:44:48.721+0700: 1459.573: Total time for which application threads were stopped: 0.0005485 seconds, Stopping threads took: 0.0000271 seconds
2016-10-06T15:44:48.783+0700: 1459.637: Total time for which application threads were stopped: 0.0002040 seconds, Stopping threads took: 0.0000452 seconds
{Heap before GC invocations=14 (full 1):
 par new generation   total 109248K, used 107030K [0x00000000e0000000, 0x00000000e8000000, 0x00000000e8000000)
  eden space 87424K, 100% used [0x00000000e0000000, 0x00000000e5560000, 0x00000000e5560000)
  from space 21824K,  89% used [0x00000000e5560000, 0x00000000e6885850, 0x00000000e6ab0000)
  to   space 21824K,   0% used [0x00000000e6ab0000, 0x00000000e6ab0000, 0x00000000e8000000)
 concurrent mark-sweep generation total 393216K, used 9870K [0x00000000e8000000, 0x0000000100000000, 0x0000000100000000)
 Metaspace       used 37040K, capacity 37722K, committed 38076K, reserved 1083392K
  class space    used 4212K, capacity 4426K, committed 4464K, reserved 1048576K
2016-10-06T15:44:48.799+0700: 1459.642: [GC (Allocation Failure) 2016-10-06T15:44:48.799+0700: 1459.642: [ParNew
Desired survivor size 20112992 bytes, new threshold 7 (max 8)
- age   1:    6951264 bytes,    6951264 total
- age   2:    2215680 bytes,    9166944 total
- age   3:      80832 bytes,    9247776 total
- age   4:      90432 bytes,    9338208 total
- age   5:     394752 bytes,    9732960 total
- age   6:    9935192 bytes,   19668152 total
- age   7:    2329832 bytes,   21997984 total
- age   8:     289192 bytes,   22287176 total
: 107030K->21824K(109248K), 0.0392519 secs] 116900K->33005K(502464K), 0.0394062 secs] [Times: user=0.13 sys=0.00, real=0.03 secs] 
Heap after GC invocations=15 (full 1):
 par new generation   total 109248K, used 21824K [0x00000000e0000000, 0x00000000e8000000, 0x00000000e8000000)
  eden space 87424K,   0% used [0x00000000e0000000, 0x00000000e0000000, 0x00000000e5560000)
  from space 21824K, 100% used [0x00000000e6ab0000, 0x00000000e8000000, 0x00000000e8000000)
  to   space 21824K,   0% used [0x00000000e5560000, 0x00000000e5560000, 0x00000000e6ab0000)
 concurrent mark-sweep generation total 393216K, used 11181K [0x00000000e8000000, 0x0000000100000000, 0x0000000100000000)
 Metaspace       used 37040K, capacity 37722K, committed 38076K, reserved 1083392K
  class space    used 4212K, capacity 4426K, committed 4464K, reserved 1048576K
}
2016-10-06T15:44:48.830+0700: 1459.681: Total time for which application threads were stopped: 0.0397408 seconds, Stopping threads took: 0.0000345 seconds
2016-10-06T15:44:48.830+0700: 1459.682: [GC (CMS Initial Mark) [1 CMS-initial-mark: 11181K(393216K)] 33501K(502464K), 0.0068677 secs] [Times: user=0.06 sys=0.00, real=0.02 secs] 
2016-10-06T15:44:48.846+0700: 1459.688: Total time for which application threads were stopped: 0.0070389 seconds, Stopping threads took: 0.0000279 seconds
2016-10-06T15:44:48.846+0700: 1459.688: [CMS-concurrent-mark-start]
2016-10-06T15:44:48.861+0700: 1459.708: Total time for which application threads were stopped: 0.0001277 seconds, Stopping threads took: 0.0000263 seconds
2016-10-06T15:44:48.861+0700: 1459.709: Total time for which application threads were stopped: 0.0000628 seconds, Stopping threads took: 0.0000135 seconds
2016-10-06T15:44:48.861+0700: 1459.709: Total time for which application threads were stopped: 0.0000645 seconds, Stopping threads took: 0.0000135 seconds
2016-10-06T15:44:48.861+0700: 1459.709: Total time for which application threads were stopped: 0.0000628 seconds, Stopping threads took: 0.0000246 seconds
2016-10-06T15:44:48.877+0700: 1459.724: [CMS-concurrent-mark: 0.026/0.036 secs] [Times: user=0.00 sys=0.00, real=0.03 secs] 
2016-10-06T15:44:48.877+0700: 1459.724: [CMS-concurrent-preclean-start]
2016-10-06T15:44:48.893+0700: 1459.736: [CMS-concurrent-preclean: 0.012/0.012 secs] [Times: user=0.00 sys=0.00, real=0.02 secs] 
2016-10-06T15:44:48.893+0700: 1459.736: [GC (CMS Final Remark) [YG occupancy: 22816 K (109248 K)]{Heap before GC invocations=15 (full 2):
 par new generation   total 109248K, used 22816K [0x00000000e0000000, 0x00000000e8000000, 0x00000000e8000000)
  eden space 87424K,   1% used [0x00000000e0000000, 0x00000000e00f8220, 0x00000000e5560000)
  from space 21824K, 100% used [0x00000000e6ab0000, 0x00000000e8000000, 0x00000000e8000000)
  to   space 21824K,   0% used [0x00000000e5560000, 0x00000000e5560000, 0x00000000e6ab0000)
 concurrent mark-sweep generation total 393216K, used 11181K [0x00000000e8000000, 0x0000000100000000, 0x0000000100000000)
 Metaspace       used 37090K, capacity 37722K, committed 38076K, reserved 1083392K
  class space    used 4219K, capacity 4426K, committed 4464K, reserved 1048576K
2016-10-06T15:44:48.893+0700: 1459.736: [GC (CMS Final Remark) 2016-10-06T15:44:48.893+0700: 1459.736: [ParNew
Desired survivor size 20112992 bytes, new threshold 8 (max 8)
- age   1:      99344 bytes,      99344 total
- age   2:    4313480 bytes,    4412824 total
- age   3:    2211272 bytes,    6624096 total
- age   4:      80832 bytes,    6704928 total
- age   5:      90192 bytes,    6795120 total
- age   6:     393568 bytes,    7188688 total
- age   7:    9908208 bytes,   17096896 total
: 22816K->20352K(109248K), 0.0217712 secs] 33997K->34128K(502464K), 0.0218397 secs] [Times: user=0.05 sys=0.02, real=0.02 secs] 
Heap after GC invocations=16 (full 2):
 par new generation   total 109248K, used 20352K [0x00000000e0000000, 0x00000000e8000000, 0x00000000e8000000)
  eden space 87424K,   0% used [0x00000000e0000000, 0x00000000e0000000, 0x00000000e5560000)
  from space 21824K,  93% used [0x00000000e5560000, 0x00000000e6940250, 0x00000000e6ab0000)
  to   space 21824K,   0% used [0x00000000e6ab0000, 0x00000000e6ab0000, 0x00000000e8000000)
 concurrent mark-sweep generation total 393216K, used 13776K [0x00000000e8000000, 0x0000000100000000, 0x0000000100000000)
 Metaspace       used 37090K, capacity 37722K, committed 38076K, reserved 1083392K
  class space    used 4219K, capacity 4426K, committed 4464K, reserved 1048576K
}
2016-10-06T15:44:48.908+0700: 1459.758: [Rescan (parallel) , 0.0066087 secs]2016-10-06T15:44:48.924+0700: 1459.765: [weak refs processing, 0.0007016 secs]2016-10-06T15:44:48.924+0700: 1459.766: [class unloading, 0.0088424 secs]2016-10-06T15:44:48.924+0700: 1459.775: [scrub symbol table, 0.0071588 secs]2016-10-06T15:44:48.940+0700: 1459.782: [scrub string table, 0.0007295 secs][1 CMS-remark: 13776K(393216K)] 34128K(502464K), 0.0474267 secs] [Times: user=0.11 sys=0.03, real=0.05 secs] 
2016-10-06T15:44:48.940+0700: 1459.784: Total time for which application threads were stopped: 0.0476086 seconds, Stopping threads took: 0.0000558 seconds
2016-10-06T15:44:48.940+0700: 1459.784: [CMS-concurrent-sweep-start]
2016-10-06T15:44:48.940+0700: 1459.791: [CMS-concurrent-sweep: 0.007/0.007 secs] [Times: user=0.00 sys=0.00, real=0.00 secs] 
2016-10-06T15:44:48.940+0700: 1459.791: [CMS-concurrent-reset-start]
2016-10-06T15:44:48.940+0700: 1459.792: [CMS-concurrent-reset: 0.001/0.001 secs] [Times: user=0.00 sys=0.00, real=0.00 secs] 
2016-10-06T15:44:49.111+0700: 1459.961: Total time for which application threads were stopped: 0.0010259 seconds, Stopping threads took: 0.0000456 seconds
2016-10-06T15:44:49.190+0700: 1460.044: Total time for which application threads were stopped: 0.0001851 seconds, Stopping threads took: 0.0000447 seconds
2016-10-06T15:44:49.190+0700: 1460.045: Total time for which application threads were stopped: 0.0001154 seconds, Stopping threads took: 0.0000312 seconds
2016-10-06T15:44:49.645+0700: 1460.491: Total time for which application threads were stopped: 0.0002361 seconds, Stopping threads took: 0.0000452 seconds
2016-10-06T15:44:49.661+0700: 1460.503: Total time for which application threads were stopped: 0.0001564 seconds, Stopping threads took: 0.0000341 seconds
2016-10-06T15:44:49.661+0700: 1460.506: Total time for which application threads were stopped: 0.0001162 seconds, Stopping threads took: 0.0000296 seconds
2016-10-06T15:44:49.676+0700: 1460.526: Total time for which application threads were stopped: 0.0001269 seconds, Stopping threads took: 0.0000337 seconds
2016-10-06T15:44:49.879+0700: 1460.724: Total time for which application threads were stopped: 0.0001946 seconds, Stopping threads took: 0.0000677 seconds
2016-10-06T15:44:49.879+0700: 1460.724: Total time for which application threads were stopped: 0.0001113 seconds, Stopping threads took: 0.0000369 seconds
2016-10-06T15:44:49.879+0700: 1460.726: Total time for which application threads were stopped: 0.0001490 seconds, Stopping threads took: 0.0000505 seconds
2016-10-06T15:44:49.911+0700: 1460.761: Total time for which application threads were stopped: 0.0002143 seconds, Stopping threads took: 0.0000480 seconds
2016-10-06T15:44:50.920+0700: 1461.761: Total time for which application threads were stopped: 0.0002274 seconds, Stopping threads took: 0.0000620 seconds
2016-10-06T15:44:51.920+0700: 1462.761: Total time for which application threads were stopped: 0.0001351 seconds, Stopping threads took: 0.0000341 seconds
2016-10-06T15:44:52.371+0700: 1463.212: Total time for which application threads were stopped: 0.0001330 seconds, Stopping threads took: 0.0000365 seconds
2016-10-06T15:44:59.423+0700: 1470.264: Total time for which application threads were stopped: 0.0002192 seconds, Stopping threads took: 0.0000558 seconds
2016-10-06T15:45:00.435+0700: 1471.276: Total time for which application threads were stopped: 0.0002024 seconds, Stopping threads took: 0.0000653 seconds
2016-10-06T15:45:42.610+0700: 1513.451: Total time for which application threads were stopped: 0.0002200 seconds, Stopping threads took: 0.0000669 seconds
2016-10-06T15:46:32.829+0700: 1563.670: Total time for which application threads were stopped: 0.0002595 seconds, Stopping threads took: 0.0000755 seconds
2016-10-06T15:46:59.383+0700: 1590.224: Total time for which application threads were stopped: 0.0004122 seconds, Stopping threads took: 0.0000402 seconds
2016-10-06T15:46:59.385+0700: 1590.226: Total time for which application threads were stopped: 0.0001773 seconds, Stopping threads took: 0.0000443 seconds
2016-10-06T15:47:00.385+0700: 1591.226: Total time for which application threads were stopped: 0.0001597 seconds, Stopping threads took: 0.0000484 seconds
2016-10-06T15:47:01.227+0700: 1592.068: Total time for which application threads were stopped: 0.0002488 seconds, Stopping threads took: 0.0000361 seconds
2016-10-06T15:47:01.280+0700: 1592.122: Total time for which application threads were stopped: 0.0001474 seconds, Stopping threads took: 0.0000341 seconds
2016-10-06T15:47:01.281+0700: 1592.122: Total time for which application threads were stopped: 0.0001371 seconds, Stopping threads took: 0.0000353 seconds
2016-10-06T15:47:01.282+0700: 1592.123: Total time for which application threads were stopped: 0.0004684 seconds, Stopping threads took: 0.0000415 seconds
2016-10-06T15:47:01.282+0700: 1592.123: Total time for which application threads were stopped: 0.0001383 seconds, Stopping threads took: 0.0000259 seconds
2016-10-06T15:47:01.282+0700: 1592.124: Total time for which application threads were stopped: 0.0003087 seconds, Stopping threads took: 0.0000177 seconds
2016-10-06T15:47:01.283+0700: 1592.124: Total time for which application threads were stopped: 0.0001174 seconds, Stopping threads took: 0.0000246 seconds
2016-10-06T15:47:02.989+0700: 1593.830: Total time for which application threads were stopped: 0.0001548 seconds, Stopping threads took: 0.0000464 seconds
2016-10-06T15:47:02.990+0700: 1593.831: Total time for which application threads were stopped: 0.0004820 seconds, Stopping threads took: 0.0001634 seconds
2016-10-06T15:47:02.990+0700: 1593.831: Total time for which application threads were stopped: 0.0000891 seconds, Stopping threads took: 0.0000271 seconds
2016-10-06T15:47:02.990+0700: 1593.831: Total time for which application threads were stopped: 0.0000796 seconds, Stopping threads took: 0.0000328 seconds
2016-10-06T15:47:02.990+0700: 1593.831: Total time for which application threads were stopped: 0.0000768 seconds, Stopping threads took: 0.0000181 seconds
2016-10-06T15:47:03.000+0700: 1593.841: Total time for which application threads were stopped: 0.0003756 seconds, Stopping threads took: 0.0002496 seconds
2016-10-06T15:47:03.003+0700: 1593.845: Total time for which application threads were stopped: 0.0012694 seconds, Stopping threads took: 0.0011458 seconds
2016-10-06T15:47:03.017+0700: 1593.858: Total time for which application threads were stopped: 0.0001269 seconds, Stopping threads took: 0.0000341 seconds
2016-10-06T15:47:03.049+0700: 1593.890: Total time for which application threads were stopped: 0.0001006 seconds, Stopping threads took: 0.0000250 seconds
2016-10-06T15:47:03.049+0700: 1593.890: Total time for which application threads were stopped: 0.0000456 seconds, Stopping threads took: 0.0000115 seconds
2016-10-06T15:47:03.049+0700: 1593.890: Total time for which application threads were stopped: 0.0000357 seconds, Stopping threads took: 0.0000086 seconds
2016-10-06T15:47:03.049+0700: 1593.890: Total time for which application threads were stopped: 0.0000341 seconds, Stopping threads took: 0.0000082 seconds
2016-10-06T15:47:03.049+0700: 1593.890: Total time for which application threads were stopped: 0.0000460 seconds, Stopping threads took: 0.0000193 seconds
2016-10-06T15:47:03.050+0700: 1593.891: Total time for which application threads were stopped: 0.0000805 seconds, Stopping threads took: 0.0000246 seconds
2016-10-06T15:47:03.050+0700: 1593.891: Total time for which application threads were stopped: 0.0000435 seconds, Stopping threads took: 0.0000160 seconds
2016-10-06T15:47:03.050+0700: 1593.891: Total time for which application threads were stopped: 0.0000402 seconds, Stopping threads took: 0.0000140 seconds
2016-10-06T15:47:03.050+0700: 1593.891: Total time for which application threads were stopped: 0.0000386 seconds, Stopping threads took: 0.0000127 seconds
2016-10-06T15:47:04.051+0700: 1594.892: Total time for which application threads were stopped: 0.0002533 seconds, Stopping threads took: 0.0000521 seconds
2016-10-06T15:47:04.648+0700: 1595.497: Total time for which application threads were stopped: 0.0006568 seconds, Stopping threads took: 0.0000394 seconds
2016-10-06T15:47:04.648+0700: 1595.498: Total time for which application threads were stopped: 0.0005760 seconds, Stopping threads took: 0.0000193 seconds
2016-10-06T15:47:04.648+0700: 1595.499: Total time for which application threads were stopped: 0.0005407 seconds, Stopping threads took: 0.0000185 seconds
2016-10-06T15:47:05.648+0700: 1596.489: Total time for which application threads were stopped: 0.0002065 seconds, Stopping threads took: 0.0000542 seconds
2016-10-06T15:47:05.993+0700: 1596.834: Total time for which application threads were stopped: 0.0001815 seconds, Stopping threads took: 0.0000452 seconds
2016-10-06T15:47:05.993+0700: 1596.834: Total time for which application threads were stopped: 0.0000874 seconds, Stopping threads took: 0.0000226 seconds
2016-10-06T15:47:05.997+0700: 1596.838: Total time for which application threads were stopped: 0.0001503 seconds, Stopping threads took: 0.0000374 seconds
2016-10-06T15:47:05.999+0700: 1596.840: Total time for which application threads were stopped: 0.0001174 seconds, Stopping threads took: 0.0000263 seconds
2016-10-06T15:47:07.000+0700: 1597.841: Total time for which application threads were stopped: 0.0001494 seconds, Stopping threads took: 0.0000509 seconds
2016-10-06T15:47:07.224+0700: 1598.065: Total time for which application threads were stopped: 0.0001515 seconds, Stopping threads took: 0.0000304 seconds
2016-10-06T15:47:07.294+0700: 1598.135: Total time for which application threads were stopped: 0.0001096 seconds, Stopping threads took: 0.0000255 seconds
2016-10-06T15:47:08.295+0700: 1599.135: Total time for which application threads were stopped: 0.0001798 seconds, Stopping threads took: 0.0000513 seconds
2016-10-06T15:47:48.501+0700: 1639.342: Total time for which application threads were stopped: 0.0002361 seconds, Stopping threads took: 0.0000665 seconds
2016-10-06T15:47:49.167+0700: 1640.019: Total time for which application threads were stopped: 0.0003933 seconds, Stopping threads took: 0.0000821 seconds
2016-10-06T15:47:50.182+0700: 1641.023: Total time for which application threads were stopped: 0.0001938 seconds, Stopping threads took: 0.0000575 seconds
2016-10-06T15:47:52.183+0700: 1643.024: Total time for which application threads were stopped: 0.0001063 seconds, Stopping threads took: 0.0000308 seconds
2016-10-06T15:47:52.408+0700: 1643.250: Total time for which application threads were stopped: 0.0001523 seconds, Stopping threads took: 0.0000382 seconds
2016-10-06T15:47:52.504+0700: 1643.346: Total time for which application threads were stopped: 0.0001137 seconds, Stopping threads took: 0.0000255 seconds
2016-10-06T15:47:55.061+0700: 1645.903: Total time for which application threads were stopped: 0.0001170 seconds, Stopping threads took: 0.0000337 seconds
2016-10-06T15:47:55.061+0700: 1645.903: Total time for which application threads were stopped: 0.0000554 seconds, Stopping threads took: 0.0000152 seconds
2016-10-06T15:47:55.062+0700: 1645.903: Total time for which application threads were stopped: 0.0000484 seconds, Stopping threads took: 0.0000094 seconds
2016-10-06T15:47:55.062+0700: 1645.903: Total time for which application threads were stopped: 0.0000427 seconds, Stopping threads took: 0.0000099 seconds
2016-10-06T15:47:55.062+0700: 1645.903: Total time for which application threads were stopped: 0.0000538 seconds, Stopping threads took: 0.0000148 seconds
2016-10-06T15:47:55.062+0700: 1645.903: Total time for which application threads were stopped: 0.0000435 seconds, Stopping threads took: 0.0000099 seconds
2016-10-06T15:47:55.062+0700: 1645.904: Total time for which application threads were stopped: 0.0000427 seconds, Stopping threads took: 0.0000094 seconds
2016-10-06T15:47:55.062+0700: 1645.904: Total time for which application threads were stopped: 0.0000423 seconds, Stopping threads took: 0.0000094 seconds
2016-10-06T15:47:55.062+0700: 1645.904: Total time for which application threads were stopped: 0.0000497 seconds, Stopping threads took: 0.0000094 seconds
2016-10-06T15:47:55.062+0700: 1645.904: Total time for which application threads were stopped: 0.0000587 seconds, Stopping threads took: 0.0000144 seconds
2016-10-06T15:47:55.062+0700: 1645.904: Total time for which application threads were stopped: 0.0000423 seconds, Stopping threads took: 0.0000090 seconds
2016-10-06T15:47:55.062+0700: 1645.904: Total time for which application threads were stopped: 0.0000534 seconds, Stopping threads took: 0.0000144 seconds
2016-10-06T15:47:55.062+0700: 1645.904: Total time for which application threads were stopped: 0.0000439 seconds, Stopping threads took: 0.0000099 seconds
2016-10-06T15:47:55.063+0700: 1645.904: Total time for which application threads were stopped: 0.0000591 seconds, Stopping threads took: 0.0000144 seconds
2016-10-06T15:47:55.063+0700: 1645.904: Total time for which application threads were stopped: 0.0000419 seconds, Stopping threads took: 0.0000094 seconds
2016-10-06T15:47:55.063+0700: 1645.904: Total time for which application threads were stopped: 0.0000599 seconds, Stopping threads took: 0.0000123 seconds
2016-10-06T15:47:55.063+0700: 1645.904: Total time for which application threads were stopped: 0.0000657 seconds, Stopping threads took: 0.0000140 seconds
2016-10-06T15:47:55.063+0700: 1645.905: Total time for which application threads were stopped: 0.0000714 seconds, Stopping threads took: 0.0000226 seconds
2016-10-06T15:47:55.063+0700: 1645.905: Total time for which application threads were stopped: 0.0002319 seconds, Stopping threads took: 0.0000189 seconds
2016-10-06T15:47:55.069+0700: 1645.911: Total time for which application threads were stopped: 0.0001199 seconds, Stopping threads took: 0.0000242 seconds
2016-10-06T15:47:55.076+0700: 1645.917: Total time for which application threads were stopped: 0.0001022 seconds, Stopping threads took: 0.0000267 seconds
2016-10-06T15:47:55.076+0700: 1645.918: Total time for which application threads were stopped: 0.0000677 seconds, Stopping threads took: 0.0000189 seconds
2016-10-06T15:47:55.077+0700: 1645.919: Total time for which application threads were stopped: 0.0000764 seconds, Stopping threads took: 0.0000209 seconds
2016-10-06T15:47:55.078+0700: 1645.919: Total time for which application threads were stopped: 0.0000673 seconds, Stopping threads took: 0.0000185 seconds
2016-10-06T15:47:55.078+0700: 1645.920: Total time for which application threads were stopped: 0.0001227 seconds, Stopping threads took: 0.0000538 seconds
2016-10-06T15:47:55.079+0700: 1645.921: Total time for which application threads were stopped: 0.0000887 seconds, Stopping threads took: 0.0000328 seconds
2016-10-06T15:47:55.079+0700: 1645.921: Total time for which application threads were stopped: 0.0000883 seconds, Stopping threads took: 0.0000365 seconds
2016-10-06T15:47:55.079+0700: 1645.921: Total time for which application threads were stopped: 0.0000706 seconds, Stopping threads took: 0.0000222 seconds
2016-10-06T15:47:55.079+0700: 1645.921: Total time for which application threads were stopped: 0.0000628 seconds, Stopping threads took: 0.0000263 seconds
2016-10-06T15:47:55.142+0700: 1645.989: Total time for which application threads were stopped: 0.0001876 seconds, Stopping threads took: 0.0000464 seconds
2016-10-06T15:47:55.142+0700: 1645.989: Total time for which application threads were stopped: 0.0001043 seconds, Stopping threads took: 0.0000300 seconds
2016-10-06T15:47:55.142+0700: 1645.990: Total time for which application threads were stopped: 0.0001030 seconds, Stopping threads took: 0.0000296 seconds
2016-10-06T15:47:55.142+0700: 1645.992: Total time for which application threads were stopped: 0.0001560 seconds, Stopping threads took: 0.0000690 seconds
2016-10-06T15:47:55.756+0700: 1646.603: Total time for which application threads were stopped: 0.0001695 seconds, Stopping threads took: 0.0000427 seconds
2016-10-06T15:47:56.308+0700: 1647.163: Total time for which application threads were stopped: 0.0001626 seconds, Stopping threads took: 0.0000542 seconds
2016-10-06T15:47:56.308+0700: 1647.164: Total time for which application threads were stopped: 0.0001137 seconds, Stopping threads took: 0.0000374 seconds
2016-10-06T15:47:56.324+0700: 1647.166: Total time for which application threads were stopped: 0.0001609 seconds, Stopping threads took: 0.0000447 seconds
2016-10-06T15:47:56.324+0700: 1647.166: Total time for which application threads were stopped: 0.0001047 seconds, Stopping threads took: 0.0000300 seconds
2016-10-06T15:47:56.324+0700: 1647.170: Total time for which application threads were stopped: 0.0001408 seconds, Stopping threads took: 0.0000419 seconds
2016-10-06T15:47:56.324+0700: 1647.171: Total time for which application threads were stopped: 0.0001199 seconds, Stopping threads took: 0.0000300 seconds
2016-10-06T15:48:01.325+0700: 1652.166: Total time for which application threads were stopped: 0.0001281 seconds, Stopping threads took: 0.0000320 seconds
2016-10-06T15:48:01.630+0700: 1652.471: Total time for which application threads were stopped: 0.0001379 seconds, Stopping threads took: 0.0000308 seconds
2016-10-06T15:49:06.892+0700: 1717.733: Total time for which application threads were stopped: 0.0001433 seconds, Stopping threads took: 0.0000406 seconds
2016-10-06T15:49:08.201+0700: 1719.042: Total time for which application threads were stopped: 0.0001334 seconds, Stopping threads took: 0.0000271 seconds
2016-10-06T15:49:09.309+0700: 1720.150: Total time for which application threads were stopped: 0.0003005 seconds, Stopping threads took: 0.0001285 seconds
2016-10-06T15:49:09.316+0700: 1720.158: Total time for which application threads were stopped: 0.0001769 seconds, Stopping threads took: 0.0000480 seconds
2016-10-06T15:49:12.323+0700: 1723.164: Total time for which application threads were stopped: 0.0001154 seconds, Stopping threads took: 0.0000308 seconds
2016-10-06T15:49:12.424+0700: 1723.265: Total time for which application threads were stopped: 0.0001396 seconds, Stopping threads took: 0.0000291 seconds
2016-10-06T15:49:13.426+0700: 1724.267: Total time for which application threads were stopped: 0.0002529 seconds, Stopping threads took: 0.0000595 seconds
2016-10-06T15:49:17.381+0700: 1728.223: Total time for which application threads were stopped: 0.0001461 seconds, Stopping threads took: 0.0000452 seconds
2016-10-06T15:49:18.381+0700: 1729.222: Total time for which application threads were stopped: 0.0002118 seconds, Stopping threads took: 0.0000608 seconds
2016-10-06T15:49:18.561+0700: 1729.414: Total time for which application threads were stopped: 0.0001108 seconds, Stopping threads took: 0.0000275 seconds
2016-10-06T15:49:35.662+0700: 1746.503: Total time for which application threads were stopped: 0.0001478 seconds, Stopping threads took: 0.0000333 seconds
2016-10-06T15:49:46.692+0700: 1757.533: Total time for which application threads were stopped: 0.0001617 seconds, Stopping threads took: 0.0000534 seconds
2016-10-06T15:49:47.637+0700: 1758.478: Total time for which application threads were stopped: 0.0001675 seconds, Stopping threads took: 0.0000394 seconds
2016-10-06T15:49:48.639+0700: 1759.479: Total time for which application threads were stopped: 0.0001987 seconds, Stopping threads took: 0.0000612 seconds
2016-10-06T15:49:49.970+0700: 1760.811: Total time for which application threads were stopped: 0.0001293 seconds, Stopping threads took: 0.0000476 seconds
2016-10-06T15:49:51.054+0700: 1761.895: Total time for which application threads were stopped: 0.0001388 seconds, Stopping threads took: 0.0000316 seconds
2016-10-06T15:50:24.012+0700: 1794.853: Total time for which application threads were stopped: 0.0001059 seconds, Stopping threads took: 0.0000267 seconds
2016-10-06T15:50:24.012+0700: 1794.853: Total time for which application threads were stopped: 0.0000562 seconds, Stopping threads took: 0.0000152 seconds
2016-10-06T15:50:24.012+0700: 1794.853: Total time for which application threads were stopped: 0.0000443 seconds, Stopping threads took: 0.0000103 seconds
2016-10-06T15:50:24.012+0700: 1794.853: Total time for which application threads were stopped: 0.0000538 seconds, Stopping threads took: 0.0000148 seconds
2016-10-06T15:50:24.012+0700: 1794.854: Total time for which application threads were stopped: 0.0000439 seconds, Stopping threads took: 0.0000099 seconds
2016-10-06T15:50:24.012+0700: 1794.854: Total time for which application threads were stopped: 0.0000538 seconds, Stopping threads took: 0.0000148 seconds
2016-10-06T15:50:24.012+0700: 1794.854: Total time for which application threads were stopped: 0.0000439 seconds, Stopping threads took: 0.0000103 seconds
2016-10-06T15:50:24.012+0700: 1794.854: Total time for which application threads were stopped: 0.0000538 seconds, Stopping threads took: 0.0000148 seconds
2016-10-06T15:50:24.012+0700: 1794.854: Total time for which application threads were stopped: 0.0000583 seconds, Stopping threads took: 0.0000144 seconds
2016-10-06T15:50:24.012+0700: 1794.854: Total time for which application threads were stopped: 0.0000583 seconds, Stopping threads took: 0.0000148 seconds
2016-10-06T15:50:24.013+0700: 1794.854: Total time for which application threads were stopped: 0.0000948 seconds, Stopping threads took: 0.0000148 seconds
2016-10-06T15:50:24.013+0700: 1794.854: Total time for which application threads were stopped: 0.0000447 seconds, Stopping threads took: 0.0000103 seconds
2016-10-06T15:50:24.013+0700: 1794.854: Total time for which application threads were stopped: 0.0000534 seconds, Stopping threads took: 0.0000144 seconds
2016-10-06T15:50:24.013+0700: 1794.855: Total time for which application threads were stopped: 0.0000534 seconds, Stopping threads took: 0.0000144 seconds
2016-10-06T15:50:24.013+0700: 1794.855: Total time for which application threads were stopped: 0.0000677 seconds, Stopping threads took: 0.0000324 seconds
2016-10-06T15:50:24.013+0700: 1794.855: Total time for which application threads were stopped: 0.0000772 seconds, Stopping threads took: 0.0000160 seconds
2016-10-06T15:50:24.013+0700: 1794.855: Total time for which application threads were stopped: 0.0000608 seconds, Stopping threads took: 0.0000123 seconds
2016-10-06T15:50:24.013+0700: 1794.855: Total time for which application threads were stopped: 0.0000542 seconds, Stopping threads took: 0.0000148 seconds
2016-10-06T15:50:24.013+0700: 1794.855: Total time for which application threads were stopped: 0.0000411 seconds, Stopping threads took: 0.0000086 seconds
2016-10-06T15:50:24.014+0700: 1794.855: Total time for which application threads were stopped: 0.0002094 seconds, Stopping threads took: 0.0000119 seconds
2016-10-06T15:50:24.022+0700: 1794.863: Total time for which application threads were stopped: 0.0000932 seconds, Stopping threads took: 0.0000250 seconds
2016-10-06T15:50:24.116+0700: 1794.958: Total time for which application threads were stopped: 0.0003038 seconds, Stopping threads took: 0.0000562 seconds
2016-10-06T15:50:25.129+0700: 1795.970: Total time for which application threads were stopped: 0.0001987 seconds, Stopping threads took: 0.0000620 seconds
2016-10-06T15:50:25.983+0700: 1796.824: Total time for which application threads were stopped: 0.0001367 seconds, Stopping threads took: 0.0000312 seconds
2016-10-06T15:50:26.088+0700: 1796.929: Total time for which application threads were stopped: 0.0001876 seconds, Stopping threads took: 0.0000464 seconds
2016-10-06T15:50:26.088+0700: 1796.929: Total time for which application threads were stopped: 0.0001010 seconds, Stopping threads took: 0.0000263 seconds
2016-10-06T15:50:26.092+0700: 1796.936: Total time for which application threads were stopped: 0.0002348 seconds, Stopping threads took: 0.0000928 seconds
2016-10-06T15:50:26.894+0700: 1797.735: Total time for which application threads were stopped: 0.0001236 seconds, Stopping threads took: 0.0000312 seconds
2016-10-06T15:50:29.461+0700: 1800.302: Total time for which application threads were stopped: 0.0001347 seconds, Stopping threads took: 0.0000353 seconds
2016-10-06T15:50:29.461+0700: 1800.302: Total time for which application threads were stopped: 0.0000842 seconds, Stopping threads took: 0.0000201 seconds
2016-10-06T15:50:29.461+0700: 1800.302: Total time for which application threads were stopped: 0.0000681 seconds, Stopping threads took: 0.0000172 seconds
2016-10-06T15:50:29.462+0700: 1800.302: Total time for which application threads were stopped: 0.0000698 seconds, Stopping threads took: 0.0000177 seconds
2016-10-06T15:50:29.462+0700: 1800.302: Total time for which application threads were stopped: 0.0000653 seconds, Stopping threads took: 0.0000148 seconds
2016-10-06T15:50:29.462+0700: 1800.302: Total time for which application threads were stopped: 0.0000624 seconds, Stopping threads took: 0.0000135 seconds
2016-10-06T15:50:29.462+0700: 1800.303: Total time for which application threads were stopped: 0.0000653 seconds, Stopping threads took: 0.0000148 seconds
2016-10-06T15:50:29.462+0700: 1800.303: Total time for which application threads were stopped: 0.0000661 seconds, Stopping threads took: 0.0000168 seconds
2016-10-06T15:50:29.462+0700: 1800.303: Total time for which application threads were stopped: 0.0000686 seconds, Stopping threads took: 0.0000205 seconds
2016-10-06T15:50:29.462+0700: 1800.303: Total time for which application threads were stopped: 0.0000640 seconds, Stopping threads took: 0.0000148 seconds
2016-10-06T15:50:29.462+0700: 1800.303: Total time for which application threads were stopped: 0.0000649 seconds, Stopping threads took: 0.0000172 seconds
2016-10-06T15:50:29.471+0700: 1800.312: Total time for which application threads were stopped: 0.0001929 seconds, Stopping threads took: 0.0000439 seconds
2016-10-06T15:50:29.475+0700: 1800.316: Total time for which application threads were stopped: 0.0001149 seconds, Stopping threads took: 0.0000300 seconds
2016-10-06T15:50:31.542+0700: 1802.393: Total time for which application threads were stopped: 0.0002837 seconds, Stopping threads took: 0.0001277 seconds
2016-10-06T15:50:31.542+0700: 1802.396: Total time for which application threads were stopped: 0.0003420 seconds, Stopping threads took: 0.0000452 seconds
2016-10-06T15:50:31.557+0700: 1802.398: Total time for which application threads were stopped: 0.0002266 seconds, Stopping threads took: 0.0000423 seconds
2016-10-06T15:50:31.557+0700: 1802.398: Total time for which application threads were stopped: 0.0001929 seconds, Stopping threads took: 0.0001080 seconds
2016-10-06T15:50:31.557+0700: 1802.404: Total time for which application threads were stopped: 0.0002106 seconds, Stopping threads took: 0.0000776 seconds
2016-10-06T15:50:32.559+0700: 1803.400: Total time for which application threads were stopped: 0.0001917 seconds, Stopping threads took: 0.0000521 seconds
2016-10-06T15:50:32.730+0700: 1803.571: Total time for which application threads were stopped: 0.0001375 seconds, Stopping threads took: 0.0000316 seconds
2016-10-06T15:52:26.504+0700: 1917.346: Total time for which application threads were stopped: 0.0002714 seconds, Stopping threads took: 0.0000509 seconds
2016-10-06T15:52:27.507+0700: 1918.348: Total time for which application threads were stopped: 0.0001921 seconds, Stopping threads took: 0.0000603 seconds
2016-10-06T15:52:28.003+0700: 1918.844: Total time for which application threads were stopped: 0.0001441 seconds, Stopping threads took: 0.0000345 seconds
2016-10-06T15:52:28.063+0700: 1918.904: Total time for which application threads were stopped: 0.0001396 seconds, Stopping threads took: 0.0000374 seconds
2016-10-06T15:52:28.064+0700: 1918.905: Total time for which application threads were stopped: 0.0001367 seconds, Stopping threads took: 0.0000439 seconds
2016-10-06T15:52:28.064+0700: 1918.905: Total time for which application threads were stopped: 0.0001014 seconds, Stopping threads took: 0.0000324 seconds
2016-10-06T15:52:28.064+0700: 1918.906: Total time for which application threads were stopped: 0.0001507 seconds, Stopping threads took: 0.0000534 seconds
2016-10-06T15:52:28.065+0700: 1918.906: Total time for which application threads were stopped: 0.0001301 seconds, Stopping threads took: 0.0000291 seconds
2016-10-06T15:52:29.065+0700: 1919.906: Total time for which application threads were stopped: 0.0002131 seconds, Stopping threads took: 0.0000497 seconds
2016-10-06T15:52:29.662+0700: 1920.504: Total time for which application threads were stopped: 0.0001893 seconds, Stopping threads took: 0.0000813 seconds
2016-10-06T15:52:29.662+0700: 1920.504: Total time for which application threads were stopped: 0.0000887 seconds, Stopping threads took: 0.0000213 seconds
2016-10-06T15:52:29.663+0700: 1920.504: Total time for which application threads were stopped: 0.0001170 seconds, Stopping threads took: 0.0000316 seconds
2016-10-06T15:52:29.663+0700: 1920.504: Total time for which application threads were stopped: 0.0001080 seconds, Stopping threads took: 0.0000341 seconds
{Heap before GC invocations=16 (full 2):
 par new generation   total 109248K, used 107776K [0x00000000e0000000, 0x00000000e8000000, 0x00000000e8000000)
  eden space 87424K, 100% used [0x00000000e0000000, 0x00000000e5560000, 0x00000000e5560000)
  from space 21824K,  93% used [0x00000000e5560000, 0x00000000e6940250, 0x00000000e6ab0000)
  to   space 21824K,   0% used [0x00000000e6ab0000, 0x00000000e6ab0000, 0x00000000e8000000)
 concurrent mark-sweep generation total 393216K, used 12905K [0x00000000e8000000, 0x0000000100000000, 0x0000000100000000)
 Metaspace       used 40983K, capacity 41864K, committed 42096K, reserved 1087488K
  class space    used 4601K, capacity 4874K, committed 4976K, reserved 1048576K
2016-10-06T15:52:29.667+0700: 1920.508: [GC (Allocation Failure) 2016-10-06T15:52:29.667+0700: 1920.508: [ParNew
Desired survivor size 20112992 bytes, new threshold 8 (max 8)
- age   1:    6108360 bytes,    6108360 total
- age   2:      11840 bytes,    6120200 total
- age   3:    3624088 bytes,    9744288 total
- age   4:    2199144 bytes,   11943432 total
- age   5:      78872 bytes,   12022304 total
- age   6:      85976 bytes,   12108280 total
- age   7:     300568 bytes,   12408848 total
- age   8:    9888336 bytes,   22297184 total
: 107776K->21824K(109248K), 0.0296114 secs] 120681K->38491K(502464K), 0.0297046 secs] [Times: user=0.09 sys=0.00, real=0.03 secs] 
Heap after GC invocations=17 (full 2):
 par new generation   total 109248K, used 21824K [0x00000000e0000000, 0x00000000e8000000, 0x00000000e8000000)
  eden space 87424K,   0% used [0x00000000e0000000, 0x00000000e0000000, 0x00000000e5560000)
  from space 21824K, 100% used [0x00000000e6ab0000, 0x00000000e8000000, 0x00000000e8000000)
  to   space 21824K,   0% used [0x00000000e5560000, 0x00000000e5560000, 0x00000000e6ab0000)
 concurrent mark-sweep generation total 393216K, used 16667K [0x00000000e8000000, 0x0000000100000000, 0x0000000100000000)
 Metaspace       used 40983K, capacity 41864K, committed 42096K, reserved 1087488K
  class space    used 4601K, capacity 4874K, committed 4976K, reserved 1048576K
}
2016-10-06T15:52:29.696+0700: 1920.538: Total time for which application threads were stopped: 0.0300351 seconds, Stopping threads took: 0.0000279 seconds
2016-10-06T15:52:29.697+0700: 1920.538: Total time for which application threads were stopped: 0.0001585 seconds, Stopping threads took: 0.0000591 seconds
2016-10-06T15:52:29.697+0700: 1920.539: Total time for which application threads were stopped: 0.0001026 seconds, Stopping threads took: 0.0000234 seconds
2016-10-06T15:52:29.698+0700: 1920.539: Total time for which application threads were stopped: 0.0003021 seconds, Stopping threads took: 0.0002352 seconds
2016-10-06T15:52:29.698+0700: 1920.539: Total time for which application threads were stopped: 0.0000940 seconds, Stopping threads took: 0.0000435 seconds
2016-10-06T15:52:29.698+0700: 1920.540: Total time for which application threads were stopped: 0.0000612 seconds, Stopping threads took: 0.0000164 seconds
2016-10-06T15:52:29.698+0700: 1920.540: Total time for which application threads were stopped: 0.0000620 seconds, Stopping threads took: 0.0000177 seconds
2016-10-06T15:52:29.699+0700: 1920.540: Total time for which application threads were stopped: 0.0000718 seconds, Stopping threads took: 0.0000283 seconds
2016-10-06T15:52:29.699+0700: 1920.540: Total time for which application threads were stopped: 0.0000636 seconds, Stopping threads took: 0.0000189 seconds
2016-10-06T15:52:29.699+0700: 1920.540: Total time for which application threads were stopped: 0.0000603 seconds, Stopping threads took: 0.0000148 seconds
2016-10-06T15:52:29.699+0700: 1920.540: Total time for which application threads were stopped: 0.0000981 seconds, Stopping threads took: 0.0000501 seconds
2016-10-06T15:52:29.699+0700: 1920.541: Total time for which application threads were stopped: 0.0001962 seconds, Stopping threads took: 0.0001334 seconds
2016-10-06T15:52:29.699+0700: 1920.541: Total time for which application threads were stopped: 0.0000932 seconds, Stopping threads took: 0.0000501 seconds
2016-10-06T15:52:29.700+0700: 1920.541: Total time for which application threads were stopped: 0.0000710 seconds, Stopping threads took: 0.0000234 seconds
2016-10-06T15:52:29.700+0700: 1920.541: Total time for which application threads were stopped: 0.0000468 seconds, Stopping threads took: 0.0000156 seconds
2016-10-06T15:52:29.700+0700: 1920.541: Total time for which application threads were stopped: 0.0000624 seconds, Stopping threads took: 0.0000181 seconds
2016-10-06T15:52:29.700+0700: 1920.541: Total time for which application threads were stopped: 0.0000517 seconds, Stopping threads took: 0.0000197 seconds
2016-10-06T15:52:29.700+0700: 1920.541: Total time for which application threads were stopped: 0.0000505 seconds, Stopping threads took: 0.0000181 seconds
2016-10-06T15:52:29.700+0700: 1920.541: Total time for which application threads were stopped: 0.0000489 seconds, Stopping threads took: 0.0000172 seconds
2016-10-06T15:52:29.700+0700: 1920.541: Total time for which application threads were stopped: 0.0000489 seconds, Stopping threads took: 0.0000172 seconds
2016-10-06T15:52:29.700+0700: 1920.541: Total time for which application threads were stopped: 0.0000501 seconds, Stopping threads took: 0.0000168 seconds
2016-10-06T15:52:29.700+0700: 1920.542: Total time for which application threads were stopped: 0.0000435 seconds, Stopping threads took: 0.0000107 seconds
2016-10-06T15:52:29.700+0700: 1920.542: Total time for which application threads were stopped: 0.0000415 seconds, Stopping threads took: 0.0000099 seconds
2016-10-06T15:52:29.701+0700: 1920.542: Total time for which application threads were stopped: 0.0000501 seconds, Stopping threads took: 0.0000144 seconds
2016-10-06T15:52:29.701+0700: 1920.542: Total time for which application threads were stopped: 0.0000489 seconds, Stopping threads took: 0.0000156 seconds
2016-10-06T15:52:29.701+0700: 1920.542: Total time for which application threads were stopped: 0.0000460 seconds, Stopping threads took: 0.0000144 seconds
2016-10-06T15:52:29.701+0700: 1920.542: Total time for which application threads were stopped: 0.0000378 seconds, Stopping threads took: 0.0000074 seconds
2016-10-06T15:52:29.701+0700: 1920.542: Total time for which application threads were stopped: 0.0000591 seconds, Stopping threads took: 0.0000255 seconds
2016-10-06T15:52:29.701+0700: 1920.542: Total time for which application threads were stopped: 0.0000390 seconds, Stopping threads took: 0.0000086 seconds
2016-10-06T15:52:29.701+0700: 1920.542: Total time for which application threads were stopped: 0.0001260 seconds, Stopping threads took: 0.0000932 seconds
2016-10-06T15:52:29.701+0700: 1920.543: Total time for which application threads were stopped: 0.0000690 seconds, Stopping threads took: 0.0000394 seconds
2016-10-06T15:52:29.701+0700: 1920.543: Total time for which application threads were stopped: 0.0000431 seconds, Stopping threads took: 0.0000135 seconds
2016-10-06T15:52:29.705+0700: 1920.546: Total time for which application threads were stopped: 0.0001794 seconds, Stopping threads took: 0.0001014 seconds
2016-10-06T15:52:29.715+0700: 1920.556: Total time for which application threads were stopped: 0.0001416 seconds, Stopping threads took: 0.0000406 seconds
2016-10-06T15:52:29.715+0700: 1920.556: Total time for which application threads were stopped: 0.0000546 seconds, Stopping threads took: 0.0000135 seconds
2016-10-06T15:52:29.715+0700: 1920.556: Total time for which application threads were stopped: 0.0000686 seconds, Stopping threads took: 0.0000222 seconds
2016-10-06T15:52:29.715+0700: 1920.556: Total time for which application threads were stopped: 0.0000513 seconds, Stopping threads took: 0.0000107 seconds
2016-10-06T15:52:29.715+0700: 1920.556: Total time for which application threads were stopped: 0.0000534 seconds, Stopping threads took: 0.0000127 seconds
2016-10-06T15:52:29.715+0700: 1920.556: Total time for which application threads were stopped: 0.0000517 seconds, Stopping threads took: 0.0000177 seconds
2016-10-06T15:52:29.715+0700: 1920.557: Total time for which application threads were stopped: 0.0000542 seconds, Stopping threads took: 0.0000123 seconds
2016-10-06T15:52:29.715+0700: 1920.557: Total time for which application threads were stopped: 0.0000497 seconds, Stopping threads took: 0.0000168 seconds
2016-10-06T15:52:29.715+0700: 1920.557: Total time for which application threads were stopped: 0.0000538 seconds, Stopping threads took: 0.0000111 seconds
2016-10-06T15:52:29.716+0700: 1920.557: Total time for which application threads were stopped: 0.0000521 seconds, Stopping threads took: 0.0000103 seconds
2016-10-06T15:52:29.716+0700: 1920.557: Total time for which application threads were stopped: 0.0000513 seconds, Stopping threads took: 0.0000103 seconds
2016-10-06T15:52:29.716+0700: 1920.557: Total time for which application threads were stopped: 0.0000521 seconds, Stopping threads took: 0.0000201 seconds
2016-10-06T15:52:29.716+0700: 1920.557: Total time for which application threads were stopped: 0.0000493 seconds, Stopping threads took: 0.0000181 seconds
2016-10-06T15:52:29.716+0700: 1920.557: Total time for which application threads were stopped: 0.0000554 seconds, Stopping threads took: 0.0000135 seconds
2016-10-06T15:52:29.716+0700: 1920.557: Total time for which application threads were stopped: 0.0000509 seconds, Stopping threads took: 0.0000103 seconds
2016-10-06T15:52:29.716+0700: 1920.557: Total time for which application threads were stopped: 0.0000406 seconds, Stopping threads took: 0.0000119 seconds
2016-10-06T15:52:29.716+0700: 1920.557: Total time for which application threads were stopped: 0.0000480 seconds, Stopping threads took: 0.0000172 seconds
2016-10-06T15:52:29.716+0700: 1920.557: Total time for which application threads were stopped: 0.0000538 seconds, Stopping threads took: 0.0000119 seconds
2016-10-06T15:52:29.716+0700: 1920.558: Total time for which application threads were stopped: 0.0002241 seconds, Stopping threads took: 0.0000115 seconds
2016-10-06T15:52:29.717+0700: 1920.558: Total time for which application threads were stopped: 0.0000759 seconds, Stopping threads took: 0.0000185 seconds
2016-10-06T15:52:29.731+0700: 1920.572: Total time for which application threads were stopped: 0.0005710 seconds, Stopping threads took: 0.0000238 seconds
2016-10-06T15:52:29.741+0700: 1920.582: Total time for which application threads were stopped: 0.0000862 seconds, Stopping threads took: 0.0000242 seconds
2016-10-06T15:52:29.741+0700: 1920.582: Total time for which application threads were stopped: 0.0000337 seconds, Stopping threads took: 0.0000078 seconds
2016-10-06T15:52:29.741+0700: 1920.582: Total time for which application threads were stopped: 0.0000337 seconds, Stopping threads took: 0.0000074 seconds
2016-10-06T15:52:29.741+0700: 1920.583: Total time for which application threads were stopped: 0.0000308 seconds, Stopping threads took: 0.0000070 seconds
2016-10-06T15:52:29.741+0700: 1920.583: Total time for which application threads were stopped: 0.0000452 seconds, Stopping threads took: 0.0000115 seconds
2016-10-06T15:52:29.742+0700: 1920.583: Total time for which application threads were stopped: 0.0000517 seconds, Stopping threads took: 0.0000135 seconds
2016-10-06T15:52:29.742+0700: 1920.583: Total time for which application threads were stopped: 0.0000402 seconds, Stopping threads took: 0.0000103 seconds
2016-10-06T15:52:29.742+0700: 1920.583: Total time for which application threads were stopped: 0.0000341 seconds, Stopping threads took: 0.0000082 seconds
2016-10-06T15:52:29.742+0700: 1920.584: Total time for which application threads were stopped: 0.0000361 seconds, Stopping threads took: 0.0000078 seconds
2016-10-06T15:52:29.774+0700: 1920.616: Total time for which application threads were stopped: 0.0000993 seconds, Stopping threads took: 0.0000279 seconds
2016-10-06T15:52:29.774+0700: 1920.616: Total time for which application threads were stopped: 0.0000411 seconds, Stopping threads took: 0.0000111 seconds
2016-10-06T15:52:29.775+0700: 1920.616: Total time for which application threads were stopped: 0.0000365 seconds, Stopping threads took: 0.0000094 seconds
2016-10-06T15:52:29.775+0700: 1920.616: Total time for which application threads were stopped: 0.0000365 seconds, Stopping threads took: 0.0000086 seconds
2016-10-06T15:52:30.236+0700: 1921.077: Total time for which application threads were stopped: 0.0009927 seconds, Stopping threads took: 0.0000423 seconds
2016-10-06T15:52:30.384+0700: 1921.226: Total time for which application threads were stopped: 0.0002841 seconds, Stopping threads took: 0.0001613 seconds
2016-10-06T15:52:30.408+0700: 1921.249: Total time for which application threads were stopped: 0.0001002 seconds, Stopping threads took: 0.0000259 seconds
2016-10-06T15:52:31.157+0700: 1921.998: Total time for which application threads were stopped: 0.0001301 seconds, Stopping threads took: 0.0000324 seconds
2016-10-06T15:52:35.376+0700: 1926.217: Total time for which application threads were stopped: 0.0001728 seconds, Stopping threads took: 0.0000476 seconds
2016-10-06T15:52:35.376+0700: 1926.217: Total time for which application threads were stopped: 0.0001035 seconds, Stopping threads took: 0.0000308 seconds
2016-10-06T15:52:35.376+0700: 1926.218: Total time for which application threads were stopped: 0.0000879 seconds, Stopping threads took: 0.0000230 seconds
2016-10-06T15:52:35.377+0700: 1926.218: Total time for which application threads were stopped: 0.0001014 seconds, Stopping threads took: 0.0000300 seconds
2016-10-06T15:52:40.379+0700: 1931.220: Total time for which application threads were stopped: 0.0001938 seconds, Stopping threads took: 0.0000497 seconds
2016-10-06T15:52:41.742+0700: 1932.583: Total time for which application threads were stopped: 0.0001564 seconds, Stopping threads took: 0.0000435 seconds
2016-10-06T15:52:45.920+0700: 1936.762: Total time for which application threads were stopped: 0.0001092 seconds, Stopping threads took: 0.0000291 seconds
2016-10-06T15:52:45.920+0700: 1936.762: Total time for which application threads were stopped: 0.0000476 seconds, Stopping threads took: 0.0000111 seconds
2016-10-06T15:52:45.921+0700: 1936.762: Total time for which application threads were stopped: 0.0000521 seconds, Stopping threads took: 0.0000094 seconds
2016-10-06T15:52:45.921+0700: 1936.762: Total time for which application threads were stopped: 0.0000435 seconds, Stopping threads took: 0.0000099 seconds
2016-10-06T15:52:45.921+0700: 1936.762: Total time for which application threads were stopped: 0.0000431 seconds, Stopping threads took: 0.0000099 seconds
2016-10-06T15:52:45.921+0700: 1936.762: Total time for which application threads were stopped: 0.0000431 seconds, Stopping threads took: 0.0000099 seconds
2016-10-06T15:52:45.921+0700: 1936.762: Total time for which application threads were stopped: 0.0000427 seconds, Stopping threads took: 0.0000099 seconds
2016-10-06T15:52:45.921+0700: 1936.762: Total time for which application threads were stopped: 0.0000427 seconds, Stopping threads took: 0.0000094 seconds
2016-10-06T15:52:45.921+0700: 1936.762: Total time for which application threads were stopped: 0.0000423 seconds, Stopping threads took: 0.0000094 seconds
2016-10-06T15:52:45.921+0700: 1936.762: Total time for which application threads were stopped: 0.0000603 seconds, Stopping threads took: 0.0000115 seconds
2016-10-06T15:52:45.921+0700: 1936.762: Total time for which application threads were stopped: 0.0000595 seconds, Stopping threads took: 0.0000156 seconds
2016-10-06T15:52:45.921+0700: 1936.763: Total time for which application threads were stopped: 0.0000538 seconds, Stopping threads took: 0.0000144 seconds
2016-10-06T15:52:45.921+0700: 1936.763: Total time for which application threads were stopped: 0.0000439 seconds, Stopping threads took: 0.0000099 seconds
2016-10-06T15:52:45.922+0700: 1936.763: Total time for which application threads were stopped: 0.0000550 seconds, Stopping threads took: 0.0000152 seconds
2016-10-06T15:52:45.922+0700: 1936.763: Total time for which application threads were stopped: 0.0000636 seconds, Stopping threads took: 0.0000185 seconds
2016-10-06T15:52:45.922+0700: 1936.763: Total time for which application threads were stopped: 0.0000439 seconds, Stopping threads took: 0.0000103 seconds
2016-10-06T15:52:45.922+0700: 1936.763: Total time for which application threads were stopped: 0.0000612 seconds, Stopping threads took: 0.0000119 seconds
2016-10-06T15:52:45.922+0700: 1936.763: Total time for which application threads were stopped: 0.0000640 seconds, Stopping threads took: 0.0000140 seconds
2016-10-06T15:52:45.922+0700: 1936.763: Total time for which application threads were stopped: 0.0000583 seconds, Stopping threads took: 0.0000148 seconds
2016-10-06T15:52:45.922+0700: 1936.763: Total time for which application threads were stopped: 0.0001757 seconds, Stopping threads took: 0.0000140 seconds
2016-10-06T15:52:45.930+0700: 1936.771: Total time for which application threads were stopped: 0.0001687 seconds, Stopping threads took: 0.0000998 seconds
2016-10-06T15:52:45.935+0700: 1936.776: Total time for which application threads were stopped: 0.0001227 seconds, Stopping threads took: 0.0000316 seconds
2016-10-06T15:52:45.935+0700: 1936.776: Total time for which application threads were stopped: 0.0000542 seconds, Stopping threads took: 0.0000140 seconds
2016-10-06T15:52:45.935+0700: 1936.776: Total time for which application threads were stopped: 0.0000788 seconds, Stopping threads took: 0.0000242 seconds
2016-10-06T15:52: