Java HotSpot(TM) 64-Bit Server VM (25.101-b13) for windows-amd64 JRE (1.8.0_101-b13), built on Jun 22 2016 01:21:29 by "java_re" with MS VC++ 10.0 (VS2010)
Memory: 4k page, physical 8267364k(4447036k free), swap 9578084k(4953548k free)
CommandLine flags: -XX:CMSInitiatingOccupancyFraction=50 -XX:CMSMaxAbortablePrecleanTime=6000 -XX:+CMSParallelRemarkEnabled -XX:+CMSScavengeBeforeRemark -XX:ConcGCThreads=4 -XX:InitialHeapSize=536870912 -XX:MaxHeapSize=536870912 -XX:MaxTenuringThreshold=8 -XX:NewRatio=3 -XX:OldPLABSize=16 -XX:ParallelGCThreads=4 -XX:+ParallelRefProcEnabled -XX:PretenureSizeThreshold=67108864 -XX:+PrintGC -XX:+PrintGCApplicationStoppedTime -XX:+PrintGCDateStamps -XX:+PrintGCDetails -XX:+PrintGCTimeStamps -XX:+PrintHeapAtGC -XX:+PrintTenuringDistribution -XX:SurvivorRatio=4 -XX:TargetSurvivorRatio=90 -XX:ThreadStackSize=256 -XX:+UseCMSInitiatingOccupancyOnly -XX:+UseCompressedClassPointers -XX:+UseCompressedOops -XX:+UseConcMarkSweepGC -XX:-UseLargePagesIndividualAllocation -XX:+UseParNewGC 
2016-10-08T23:46:28.532+0700: 1.028: Total time for which application threads were stopped: 0.0001367 seconds, Stopping threads took: 0.0000406 seconds
2016-10-08T23:46:29.533+0700: 2.029: Total time for which application threads were stopped: 0.0001355 seconds, Stopping threads took: 0.0000431 seconds
2016-10-08T23:46:29.613+0700: 2.110: Total time for which application threads were stopped: 0.0000764 seconds, Stopping threads took: 0.0000181 seconds
2016-10-08T23:46:30.614+0700: 3.109: Total time for which application threads were stopped: 0.0001289 seconds, Stopping threads took: 0.0000431 seconds
2016-10-08T23:46:30.851+0700: 3.346: Total time for which application threads were stopped: 0.0001737 seconds, Stopping threads took: 0.0000357 seconds
2016-10-08T23:46:31.604+0700: 4.100: Total time for which application threads were stopped: 0.0001351 seconds, Stopping threads took: 0.0000365 seconds
2016-10-08T23:46:32.604+0700: 5.099: Total time for which application threads were stopped: 0.0000768 seconds, Stopping threads took: 0.0000296 seconds
2016-10-08T23:46:33.604+0700: 6.100: Total time for which application threads were stopped: 0.0001359 seconds, Stopping threads took: 0.0000353 seconds
2016-10-08T23:46:33.757+0700: 6.252: Total time for which application threads were stopped: 0.0001289 seconds, Stopping threads took: 0.0000242 seconds
2016-10-08T23:46:34.757+0700: 7.253: Total time for which application threads were stopped: 0.0005702 seconds, Stopping threads took: 0.0003609 seconds
2016-10-08T23:46:35.757+0700: 8.252: Total time for which application threads were stopped: 0.0001244 seconds, Stopping threads took: 0.0000443 seconds
2016-10-08T23:46:35.905+0700: 8.401: Total time for which application threads were stopped: 0.0001240 seconds, Stopping threads took: 0.0000291 seconds
2016-10-08T23:46:35.906+0700: 8.401: Total time for which application threads were stopped: 0.0000907 seconds, Stopping threads took: 0.0000406 seconds
2016-10-08T23:46:35.906+0700: 8.402: Total time for which application threads were stopped: 0.0000907 seconds, Stopping threads took: 0.0000177 seconds
2016-10-08T23:46:35.906+0700: 8.402: Total time for which application threads were stopped: 0.0000907 seconds, Stopping threads took: 0.0000234 seconds
2016-10-08T23:46:35.981+0700: 8.477: Total time for which application threads were stopped: 0.0001712 seconds, Stopping threads took: 0.0000271 seconds
2016-10-08T23:46:36.007+0700: 8.503: Total time for which application threads were stopped: 0.0002488 seconds, Stopping threads took: 0.0001453 seconds
2016-10-08T23:46:36.007+0700: 8.503: Total time for which application threads were stopped: 0.0002217 seconds, Stopping threads took: 0.0001552 seconds
2016-10-08T23:46:36.009+0700: 8.505: Total time for which application threads were stopped: 0.0001897 seconds, Stopping threads took: 0.0001084 seconds
2016-10-08T23:46:36.010+0700: 8.506: Total time for which application threads were stopped: 0.0001416 seconds, Stopping threads took: 0.0000587 seconds
2016-10-08T23:46:36.010+0700: 8.506: Total time for which application threads were stopped: 0.0003645 seconds, Stopping threads took: 0.0000883 seconds
2016-10-08T23:46:36.539+0700: 9.036: Total time for which application threads were stopped: 0.0001839 seconds, Stopping threads took: 0.0000341 seconds
2016-10-08T23:46:37.267+0700: 9.763: Total time for which application threads were stopped: 0.0002163 seconds, Stopping threads took: 0.0000238 seconds
2016-10-08T23:46:38.268+0700: 10.763: Total time for which application threads were stopped: 0.0001585 seconds, Stopping threads took: 0.0000513 seconds
2016-10-08T23:46:38.569+0700: 11.064: Total time for which application threads were stopped: 0.0002475 seconds, Stopping threads took: 0.0000226 seconds
2016-10-08T23:46:38.570+0700: 11.066: Total time for which application threads were stopped: 0.0002032 seconds, Stopping threads took: 0.0000172 seconds
2016-10-08T23:46:38.574+0700: 11.069: Total time for which application threads were stopped: 0.0002332 seconds, Stopping threads took: 0.0000218 seconds
2016-10-08T23:46:39.574+0700: 12.070: Total time for which application threads were stopped: 0.0002057 seconds, Stopping threads took: 0.0000468 seconds
2016-10-08T23:46:43.752+0700: 16.248: Total time for which application threads were stopped: 0.0002397 seconds, Stopping threads took: 0.0001117 seconds
2016-10-08T23:46:43.753+0700: 16.248: Total time for which application threads were stopped: 0.0001396 seconds, Stopping threads took: 0.0000213 seconds
2016-10-08T23:46:43.753+0700: 16.248: Total time for which application threads were stopped: 0.0000928 seconds, Stopping threads took: 0.0000300 seconds
2016-10-08T23:46:43.753+0700: 16.249: Total time for which application threads were stopped: 0.0002311 seconds, Stopping threads took: 0.0001425 seconds
2016-10-08T23:46:43.754+0700: 16.249: Total time for which application threads were stopped: 0.0001232 seconds, Stopping threads took: 0.0000160 seconds
2016-10-08T23:46:43.754+0700: 16.249: Total time for which application threads were stopped: 0.0001018 seconds, Stopping threads took: 0.0000349 seconds
2016-10-08T23:46:43.754+0700: 16.249: Total time for which application threads were stopped: 0.0001572 seconds, Stopping threads took: 0.0001047 seconds
2016-10-08T23:46:43.754+0700: 16.249: Total time for which application threads were stopped: 0.0003190 seconds, Stopping threads took: 0.0002623 seconds
2016-10-08T23:46:43.754+0700: 16.250: Total time for which application threads were stopped: 0.0000961 seconds, Stopping threads took: 0.0000164 seconds
2016-10-08T23:46:43.755+0700: 16.250: Total time for which application threads were stopped: 0.0002976 seconds, Stopping threads took: 0.0000148 seconds
2016-10-08T23:46:43.755+0700: 16.250: Total time for which application threads were stopped: 0.0001215 seconds, Stopping threads took: 0.0000439 seconds
2016-10-08T23:46:43.755+0700: 16.250: Total time for which application threads were stopped: 0.0000981 seconds, Stopping threads took: 0.0000312 seconds
2016-10-08T23:46:43.755+0700: 16.251: Total time for which application threads were stopped: 0.0002406 seconds, Stopping threads took: 0.0001568 seconds
2016-10-08T23:46:43.755+0700: 16.251: Total time for which application threads were stopped: 0.0001429 seconds, Stopping threads took: 0.0000862 seconds
2016-10-08T23:46:43.756+0700: 16.251: Total time for which application threads were stopped: 0.0000788 seconds, Stopping threads took: 0.0000283 seconds
2016-10-08T23:46:43.756+0700: 16.251: Total time for which application threads were stopped: 0.0002291 seconds, Stopping threads took: 0.0001695 seconds
2016-10-08T23:46:43.756+0700: 16.251: Total time for which application threads were stopped: 0.0001305 seconds, Stopping threads took: 0.0000439 seconds
2016-10-08T23:46:43.756+0700: 16.251: Total time for which application threads were stopped: 0.0000936 seconds, Stopping threads took: 0.0000156 seconds
2016-10-08T23:46:43.756+0700: 16.252: Total time for which application threads were stopped: 0.0000936 seconds, Stopping threads took: 0.0000156 seconds
2016-10-08T23:46:43.757+0700: 16.252: Total time for which application threads were stopped: 0.0002328 seconds, Stopping threads took: 0.0000152 seconds
2016-10-08T23:46:43.757+0700: 16.252: Total time for which application threads were stopped: 0.0000915 seconds, Stopping threads took: 0.0000382 seconds
2016-10-08T23:46:43.757+0700: 16.252: Total time for which application threads were stopped: 0.0000837 seconds, Stopping threads took: 0.0000390 seconds
2016-10-08T23:46:43.757+0700: 16.252: Total time for which application threads were stopped: 0.0000686 seconds, Stopping threads took: 0.0000328 seconds
2016-10-08T23:46:43.757+0700: 16.252: Total time for which application threads were stopped: 0.0001507 seconds, Stopping threads took: 0.0000468 seconds
2016-10-08T23:46:43.757+0700: 16.252: Total time for which application threads were stopped: 0.0000879 seconds, Stopping threads took: 0.0000431 seconds
2016-10-08T23:46:43.757+0700: 16.253: Total time for which application threads were stopped: 0.0000608 seconds, Stopping threads took: 0.0000168 seconds
2016-10-08T23:46:43.758+0700: 16.253: Total time for which application threads were stopped: 0.0003083 seconds, Stopping threads took: 0.0002517 seconds
2016-10-08T23:46:43.758+0700: 16.253: Total time for which application threads were stopped: 0.0000665 seconds, Stopping threads took: 0.0000234 seconds
2016-10-08T23:46:43.758+0700: 16.253: Total time for which application threads were stopped: 0.0000579 seconds, Stopping threads took: 0.0000152 seconds
2016-10-08T23:46:43.758+0700: 16.253: Total time for which application threads were stopped: 0.0000817 seconds, Stopping threads took: 0.0000131 seconds
2016-10-08T23:46:43.758+0700: 16.254: Total time for which application threads were stopped: 0.0001006 seconds, Stopping threads took: 0.0000489 seconds
2016-10-08T23:46:43.759+0700: 16.254: Total time for which application threads were stopped: 0.0001121 seconds, Stopping threads took: 0.0000550 seconds
2016-10-08T23:46:43.759+0700: 16.254: Total time for which application threads were stopped: 0.0001708 seconds, Stopping threads took: 0.0000776 seconds
2016-10-08T23:46:43.759+0700: 16.254: Total time for which application threads were stopped: 0.0000743 seconds, Stopping threads took: 0.0000238 seconds
2016-10-08T23:46:43.760+0700: 16.255: Total time for which application threads were stopped: 0.0000891 seconds, Stopping threads took: 0.0000213 seconds
2016-10-08T23:46:43.760+0700: 16.255: Total time for which application threads were stopped: 0.0000686 seconds, Stopping threads took: 0.0000119 seconds
2016-10-08T23:46:43.760+0700: 16.255: Total time for which application threads were stopped: 0.0000538 seconds, Stopping threads took: 0.0000160 seconds
2016-10-08T23:46:43.761+0700: 16.256: Total time for which application threads were stopped: 0.0001363 seconds, Stopping threads took: 0.0000419 seconds
2016-10-08T23:46:43.761+0700: 16.256: Total time for which application threads were stopped: 0.0000977 seconds, Stopping threads took: 0.0000226 seconds
2016-10-08T23:46:43.761+0700: 16.256: Total time for which application threads were stopped: 0.0000796 seconds, Stopping threads took: 0.0000226 seconds
2016-10-08T23:46:43.761+0700: 16.256: Total time for which application threads were stopped: 0.0000805 seconds, Stopping threads took: 0.0000135 seconds
2016-10-08T23:46:43.761+0700: 16.256: Total time for which application threads were stopped: 0.0001055 seconds, Stopping threads took: 0.0000431 seconds
2016-10-08T23:46:43.761+0700: 16.256: Total time for which application threads were stopped: 0.0000731 seconds, Stopping threads took: 0.0000177 seconds
2016-10-08T23:46:43.761+0700: 16.257: Total time for which application threads were stopped: 0.0000710 seconds, Stopping threads took: 0.0000185 seconds
2016-10-08T23:46:43.761+0700: 16.257: Total time for which application threads were stopped: 0.0000636 seconds, Stopping threads took: 0.0000115 seconds
2016-10-08T23:46:43.762+0700: 16.257: Total time for which application threads were stopped: 0.0000985 seconds, Stopping threads took: 0.0000094 seconds
2016-10-08T23:46:43.762+0700: 16.257: Total time for which application threads were stopped: 0.0000961 seconds, Stopping threads took: 0.0000099 seconds
2016-10-08T23:46:43.762+0700: 16.257: Total time for which application threads were stopped: 0.0000854 seconds, Stopping threads took: 0.0000090 seconds
2016-10-08T23:46:43.762+0700: 16.257: Total time for which application threads were stopped: 0.0000677 seconds, Stopping threads took: 0.0000230 seconds
2016-10-08T23:46:43.762+0700: 16.257: Total time for which application threads were stopped: 0.0000645 seconds, Stopping threads took: 0.0000131 seconds
2016-10-08T23:46:43.762+0700: 16.257: Total time for which application threads were stopped: 0.0000505 seconds, Stopping threads took: 0.0000111 seconds
2016-10-08T23:46:43.762+0700: 16.257: Total time for which application threads were stopped: 0.0000521 seconds, Stopping threads took: 0.0000115 seconds
2016-10-08T23:46:43.762+0700: 16.257: Total time for which application threads were stopped: 0.0000505 seconds, Stopping threads took: 0.0000099 seconds
2016-10-08T23:46:43.762+0700: 16.258: Total time for which application threads were stopped: 0.0000640 seconds, Stopping threads took: 0.0000099 seconds
2016-10-08T23:46:43.762+0700: 16.258: Total time for which application threads were stopped: 0.0000513 seconds, Stopping threads took: 0.0000099 seconds
2016-10-08T23:46:43.763+0700: 16.258: Total time for which application threads were stopped: 0.0000530 seconds, Stopping threads took: 0.0000082 seconds
2016-10-08T23:46:43.763+0700: 16.258: Total time for which application threads were stopped: 0.0000542 seconds, Stopping threads took: 0.0000078 seconds
2016-10-08T23:46:43.763+0700: 16.258: Total time for which application threads were stopped: 0.0000550 seconds, Stopping threads took: 0.0000123 seconds
2016-10-08T23:46:43.763+0700: 16.258: Total time for which application threads were stopped: 0.0001864 seconds, Stopping threads took: 0.0000099 seconds
2016-10-08T23:46:43.768+0700: 16.263: Total time for which application threads were stopped: 0.0005238 seconds, Stopping threads took: 0.0003990 seconds
2016-10-08T23:46:43.775+0700: 16.270: Total time for which application threads were stopped: 0.0001351 seconds, Stopping threads took: 0.0000279 seconds
2016-10-08T23:46:43.788+0700: 16.284: Total time for which application threads were stopped: 0.0001388 seconds, Stopping threads took: 0.0000267 seconds
2016-10-08T23:46:43.788+0700: 16.284: Total time for which application threads were stopped: 0.0001482 seconds, Stopping threads took: 0.0000378 seconds
2016-10-08T23:46:43.789+0700: 16.284: Total time for which application threads were stopped: 0.0001178 seconds, Stopping threads took: 0.0000131 seconds
2016-10-08T23:46:43.789+0700: 16.284: Total time for which application threads were stopped: 0.0000714 seconds, Stopping threads took: 0.0000115 seconds
2016-10-08T23:46:43.789+0700: 16.284: Total time for which application threads were stopped: 0.0001084 seconds, Stopping threads took: 0.0000493 seconds
2016-10-08T23:46:43.789+0700: 16.284: Total time for which application threads were stopped: 0.0001650 seconds, Stopping threads took: 0.0001006 seconds
2016-10-08T23:46:43.789+0700: 16.285: Total time for which application threads were stopped: 0.0000743 seconds, Stopping threads took: 0.0000127 seconds
2016-10-08T23:46:43.790+0700: 16.285: Total time for which application threads were stopped: 0.0001002 seconds, Stopping threads took: 0.0000349 seconds
2016-10-08T23:46:43.790+0700: 16.285: Total time for which application threads were stopped: 0.0000747 seconds, Stopping threads took: 0.0000185 seconds
2016-10-08T23:46:43.790+0700: 16.285: Total time for which application threads were stopped: 0.0000645 seconds, Stopping threads took: 0.0000111 seconds
2016-10-08T23:46:43.790+0700: 16.285: Total time for which application threads were stopped: 0.0000439 seconds, Stopping threads took: 0.0000103 seconds
2016-10-08T23:46:43.790+0700: 16.285: Total time for which application threads were stopped: 0.0001067 seconds, Stopping threads took: 0.0000357 seconds
2016-10-08T23:46:43.790+0700: 16.285: Total time for which application threads were stopped: 0.0000640 seconds, Stopping threads took: 0.0000111 seconds
2016-10-08T23:46:43.790+0700: 16.286: Total time for which application threads were stopped: 0.0000661 seconds, Stopping threads took: 0.0000209 seconds
2016-10-08T23:46:43.791+0700: 16.286: Total time for which application threads were stopped: 0.0000562 seconds, Stopping threads took: 0.0000222 seconds
2016-10-08T23:46:43.791+0700: 16.286: Total time for which application threads were stopped: 0.0001113 seconds, Stopping threads took: 0.0000567 seconds
2016-10-08T23:46:43.791+0700: 16.286: Total time for which application threads were stopped: 0.0000895 seconds, Stopping threads took: 0.0000419 seconds
2016-10-08T23:46:43.791+0700: 16.286: Total time for which application threads were stopped: 0.0000952 seconds, Stopping threads took: 0.0000476 seconds
2016-10-08T23:46:43.791+0700: 16.286: Total time for which application threads were stopped: 0.0000575 seconds, Stopping threads took: 0.0000090 seconds
2016-10-08T23:46:43.791+0700: 16.286: Total time for which application threads were stopped: 0.0000497 seconds, Stopping threads took: 0.0000074 seconds
2016-10-08T23:46:43.791+0700: 16.287: Total time for which application threads were stopped: 0.0000489 seconds, Stopping threads took: 0.0000057 seconds
2016-10-08T23:46:43.792+0700: 16.287: Total time for which application threads were stopped: 0.0000727 seconds, Stopping threads took: 0.0000094 seconds
2016-10-08T23:46:43.792+0700: 16.287: Total time for which application threads were stopped: 0.0000714 seconds, Stopping threads took: 0.0000094 seconds
2016-10-08T23:46:43.792+0700: 16.287: Total time for which application threads were stopped: 0.0000817 seconds, Stopping threads took: 0.0000127 seconds
2016-10-08T23:46:43.792+0700: 16.287: Total time for which application threads were stopped: 0.0000940 seconds, Stopping threads took: 0.0000140 seconds
2016-10-08T23:46:43.792+0700: 16.288: Total time for which application threads were stopped: 0.0000546 seconds, Stopping threads took: 0.0000082 seconds
2016-10-08T23:46:43.793+0700: 16.288: Total time for which application threads were stopped: 0.0000895 seconds, Stopping threads took: 0.0000242 seconds
2016-10-08T23:46:43.793+0700: 16.288: Total time for which application threads were stopped: 0.0000755 seconds, Stopping threads took: 0.0000275 seconds
2016-10-08T23:46:43.793+0700: 16.288: Total time for which application threads were stopped: 0.0000788 seconds, Stopping threads took: 0.0000242 seconds
2016-10-08T23:46:43.793+0700: 16.288: Total time for which application threads were stopped: 0.0000534 seconds, Stopping threads took: 0.0000094 seconds
2016-10-08T23:46:43.794+0700: 16.289: Total time for which application threads were stopped: 0.0001453 seconds, Stopping threads took: 0.0000509 seconds
2016-10-08T23:46:43.838+0700: 16.334: Total time for which application threads were stopped: 0.0002077 seconds, Stopping threads took: 0.0000283 seconds
2016-10-08T23:46:43.839+0700: 16.334: Total time for which application threads were stopped: 0.0000591 seconds, Stopping threads took: 0.0000140 seconds
2016-10-08T23:46:43.839+0700: 16.334: Total time for which application threads were stopped: 0.0000554 seconds, Stopping threads took: 0.0000127 seconds
2016-10-08T23:46:43.915+0700: 16.411: Total time for which application threads were stopped: 0.0002430 seconds, Stopping threads took: 0.0000230 seconds
2016-10-08T23:46:43.935+0700: 16.431: Total time for which application threads were stopped: 0.0003994 seconds, Stopping threads took: 0.0002861 seconds
2016-10-08T23:46:43.936+0700: 16.432: Total time for which application threads were stopped: 0.0001076 seconds, Stopping threads took: 0.0000324 seconds
2016-10-08T23:46:43.936+0700: 16.432: Total time for which application threads were stopped: 0.0000677 seconds, Stopping threads took: 0.0000189 seconds
2016-10-08T23:46:43.936+0700: 16.432: Total time for which application threads were stopped: 0.0000686 seconds, Stopping threads took: 0.0000218 seconds
2016-10-08T23:46:43.986+0700: 16.482: Total time for which application threads were stopped: 0.0007299 seconds, Stopping threads took: 0.0006150 seconds
2016-10-08T23:46:43.986+0700: 16.482: Total time for which application threads were stopped: 0.0001080 seconds, Stopping threads took: 0.0000513 seconds
2016-10-08T23:46:43.995+0700: 16.491: Total time for which application threads were stopped: 0.0003526 seconds, Stopping threads took: 0.0002570 seconds
2016-10-08T23:46:43.995+0700: 16.491: Total time for which application threads were stopped: 0.0001203 seconds, Stopping threads took: 0.0000337 seconds
2016-10-08T23:46:43.996+0700: 16.492: Total time for which application threads were stopped: 0.0000862 seconds, Stopping threads took: 0.0000205 seconds
2016-10-08T23:46:43.996+0700: 16.492: Total time for which application threads were stopped: 0.0000948 seconds, Stopping threads took: 0.0000193 seconds
2016-10-08T23:46:43.996+0700: 16.492: Total time for which application threads were stopped: 0.0000567 seconds, Stopping threads took: 0.0000127 seconds
2016-10-08T23:46:43.996+0700: 16.492: Total time for which application threads were stopped: 0.0000669 seconds, Stopping threads took: 0.0000123 seconds
2016-10-08T23:46:43.997+0700: 16.492: Total time for which application threads were stopped: 0.0000599 seconds, Stopping threads took: 0.0000135 seconds
2016-10-08T23:46:44.000+0700: 16.496: Total time for which application threads were stopped: 0.0000829 seconds, Stopping threads took: 0.0000218 seconds
2016-10-08T23:46:44.001+0700: 16.497: Total time for which application threads were stopped: 0.0000657 seconds, Stopping threads took: 0.0000156 seconds
2016-10-08T23:46:44.001+0700: 16.497: Total time for which application threads were stopped: 0.0000681 seconds, Stopping threads took: 0.0000213 seconds
2016-10-08T23:46:44.001+0700: 16.497: Total time for which application threads were stopped: 0.0000710 seconds, Stopping threads took: 0.0000205 seconds
2016-10-08T23:46:44.002+0700: 16.497: Total time for which application threads were stopped: 0.0000776 seconds, Stopping threads took: 0.0000168 seconds
2016-10-08T23:46:44.002+0700: 16.498: Total time for which application threads were stopped: 0.0000665 seconds, Stopping threads took: 0.0000127 seconds
2016-10-08T23:46:44.002+0700: 16.498: Total time for which application threads were stopped: 0.0000439 seconds, Stopping threads took: 0.0000094 seconds
2016-10-08T23:46:44.002+0700: 16.498: Total time for which application threads were stopped: 0.0000369 seconds, Stopping threads took: 0.0000074 seconds
2016-10-08T23:46:44.002+0700: 16.498: Total time for which application threads were stopped: 0.0000349 seconds, Stopping threads took: 0.0000070 seconds
2016-10-08T23:46:44.002+0700: 16.498: Total time for which application threads were stopped: 0.0000357 seconds, Stopping threads took: 0.0000066 seconds
2016-10-08T23:46:44.002+0700: 16.498: Total time for which application threads were stopped: 0.0000489 seconds, Stopping threads took: 0.0000086 seconds
2016-10-08T23:46:44.004+0700: 16.500: Total time for which application threads were stopped: 0.0000973 seconds, Stopping threads took: 0.0000369 seconds
2016-10-08T23:46:44.005+0700: 16.501: Total time for which application threads were stopped: 0.0002648 seconds, Stopping threads took: 0.0002131 seconds
2016-10-08T23:46:44.005+0700: 16.501: Total time for which application threads were stopped: 0.0005086 seconds, Stopping threads took: 0.0004721 seconds
2016-10-08T23:46:44.005+0700: 16.501: Total time for which application threads were stopped: 0.0000550 seconds, Stopping threads took: 0.0000209 seconds
2016-10-08T23:46:44.006+0700: 16.501: Total time for which application threads were stopped: 0.0000755 seconds, Stopping threads took: 0.0000213 seconds
2016-10-08T23:46:44.014+0700: 16.510: Total time for which application threads were stopped: 0.0001486 seconds, Stopping threads took: 0.0000517 seconds
2016-10-08T23:46:44.020+0700: 16.516: Total time for which application threads were stopped: 0.0001720 seconds, Stopping threads took: 0.0000361 seconds
2016-10-08T23:46:44.020+0700: 16.516: Total time for which application threads were stopped: 0.0000932 seconds, Stopping threads took: 0.0000205 seconds
2016-10-08T23:46:44.021+0700: 16.517: Total time for which application threads were stopped: 0.0001051 seconds, Stopping threads took: 0.0000267 seconds
2016-10-08T23:46:44.021+0700: 16.517: Total time for which application threads were stopped: 0.0001392 seconds, Stopping threads took: 0.0000131 seconds
2016-10-08T23:46:44.022+0700: 16.518: Total time for which application threads were stopped: 0.0000673 seconds, Stopping threads took: 0.0000197 seconds
2016-10-08T23:46:44.022+0700: 16.518: Total time for which application threads were stopped: 0.0000571 seconds, Stopping threads took: 0.0000115 seconds
2016-10-08T23:46:44.022+0700: 16.518: Total time for which application threads were stopped: 0.0000439 seconds, Stopping threads took: 0.0000070 seconds
2016-10-08T23:46:44.022+0700: 16.518: Total time for which application threads were stopped: 0.0000406 seconds, Stopping threads took: 0.0000070 seconds
2016-10-08T23:46:44.050+0700: 16.546: Total time for which application threads were stopped: 0.0000985 seconds, Stopping threads took: 0.0000246 seconds
2016-10-08T23:46:44.064+0700: 16.559: Total time for which application threads were stopped: 0.0001277 seconds, Stopping threads took: 0.0000353 seconds
2016-10-08T23:46:44.068+0700: 16.564: Total time for which application threads were stopped: 0.0001236 seconds, Stopping threads took: 0.0000472 seconds
2016-10-08T23:46:44.068+0700: 16.564: Total time for which application threads were stopped: 0.0000739 seconds, Stopping threads took: 0.0000271 seconds
2016-10-08T23:46:44.068+0700: 16.564: Total time for which application threads were stopped: 0.0000854 seconds, Stopping threads took: 0.0000230 seconds
{Heap before GC invocations=0 (full 0):
 par new generation   total 109248K, used 87424K [0x00000000e0000000, 0x00000000e8000000, 0x00000000e8000000)
  eden space 87424K, 100% used [0x00000000e0000000, 0x00000000e5560000, 0x00000000e5560000)
  from space 21824K,   0% used [0x00000000e5560000, 0x00000000e5560000, 0x00000000e6ab0000)
  to   space 21824K,   0% used [0x00000000e6ab0000, 0x00000000e6ab0000, 0x00000000e8000000)
 concurrent mark-sweep generation total 393216K, used 0K [0x00000000e8000000, 0x0000000100000000, 0x0000000100000000)
 Metaspace       used 18049K, capacity 18330K, committed 18688K, reserved 1064960K
  class space    used 2099K, capacity 2194K, committed 2304K, reserved 1048576K
2016-10-08T23:46:44.080+0700: 16.576: [GC (Allocation Failure) 2016-10-08T23:46:44.080+0700: 16.576: [ParNew
Desired survivor size 20112992 bytes, new threshold 8 (max 8)
- age   1:   11778936 bytes,   11778936 total
: 87424K->11610K(109248K), 0.0116537 secs] 87424K->11610K(502464K), 0.0117452 secs] [Times: user=0.06 sys=0.00, real=0.01 secs] 
Heap after GC invocations=1 (full 0):
 par new generation   total 109248K, used 11610K [0x00000000e0000000, 0x00000000e8000000, 0x00000000e8000000)
  eden space 87424K,   0% used [0x00000000e0000000, 0x00000000e0000000, 0x00000000e5560000)
  from space 21824K,  53% used [0x00000000e6ab0000, 0x00000000e7606908, 0x00000000e8000000)
  to   space 21824K,   0% used [0x00000000e5560000, 0x00000000e5560000, 0x00000000e6ab0000)
 concurrent mark-sweep generation total 393216K, used 0K [0x00000000e8000000, 0x0000000100000000, 0x0000000100000000)
 Metaspace       used 18049K, capacity 18330K, committed 18688K, reserved 1064960K
  class space    used 2099K, capacity 2194K, committed 2304K, reserved 1048576K
}
2016-10-08T23:46:44.092+0700: 16.588: Total time for which application threads were stopped: 0.0119911 seconds, Stopping threads took: 0.0000369 seconds
2016-10-08T23:46:44.093+0700: 16.589: Total time for which application threads were stopped: 0.0001166 seconds, Stopping threads took: 0.0000320 seconds
2016-10-08T23:46:44.095+0700: 16.591: Total time for which application threads were stopped: 0.0001223 seconds, Stopping threads took: 0.0000472 seconds
2016-10-08T23:46:44.095+0700: 16.591: Total time for which application threads were stopped: 0.0001560 seconds, Stopping threads took: 0.0000998 seconds
2016-10-08T23:46:44.096+0700: 16.591: Total time for which application threads were stopped: 0.0001240 seconds, Stopping threads took: 0.0000427 seconds
2016-10-08T23:46:44.096+0700: 16.592: Total time for which application threads were stopped: 0.0000624 seconds, Stopping threads took: 0.0000222 seconds
2016-10-08T23:46:44.096+0700: 16.592: Total time for which application threads were stopped: 0.0000784 seconds, Stopping threads took: 0.0000341 seconds
2016-10-08T23:46:44.096+0700: 16.592: Total time for which application threads were stopped: 0.0001129 seconds, Stopping threads took: 0.0000788 seconds
2016-10-08T23:46:44.096+0700: 16.592: Total time for which application threads were stopped: 0.0000788 seconds, Stopping threads took: 0.0000267 seconds
2016-10-08T23:46:44.096+0700: 16.592: Total time for which application threads were stopped: 0.0000558 seconds, Stopping threads took: 0.0000222 seconds
2016-10-08T23:46:44.096+0700: 16.592: Total time for which application threads were stopped: 0.0000805 seconds, Stopping threads took: 0.0000341 seconds
2016-10-08T23:46:44.097+0700: 16.593: Total time for which application threads were stopped: 0.0001248 seconds, Stopping threads took: 0.0000542 seconds
2016-10-08T23:46:44.097+0700: 16.593: Total time for which application threads were stopped: 0.0000694 seconds, Stopping threads took: 0.0000181 seconds
2016-10-08T23:46:44.098+0700: 16.594: Total time for which application threads were stopped: 0.0000879 seconds, Stopping threads took: 0.0000197 seconds
2016-10-08T23:46:44.098+0700: 16.594: Total time for which application threads were stopped: 0.0001503 seconds, Stopping threads took: 0.0001071 seconds
2016-10-08T23:46:44.098+0700: 16.594: Total time for which application threads were stopped: 0.0000468 seconds, Stopping threads took: 0.0000140 seconds
2016-10-08T23:46:44.098+0700: 16.594: Total time for which application threads were stopped: 0.0000620 seconds, Stopping threads took: 0.0000127 seconds
2016-10-08T23:46:44.099+0700: 16.594: Total time for which application threads were stopped: 0.0000727 seconds, Stopping threads took: 0.0000148 seconds
2016-10-08T23:46:44.099+0700: 16.595: Total time for which application threads were stopped: 0.0000624 seconds, Stopping threads took: 0.0000127 seconds
2016-10-08T23:46:44.099+0700: 16.595: Total time for which application threads were stopped: 0.0000538 seconds, Stopping threads took: 0.0000099 seconds
2016-10-08T23:46:44.099+0700: 16.595: Total time for which application threads were stopped: 0.0000525 seconds, Stopping threads took: 0.0000201 seconds
2016-10-08T23:46:44.099+0700: 16.595: Total time for which application threads were stopped: 0.0000624 seconds, Stopping threads took: 0.0000283 seconds
2016-10-08T23:46:44.099+0700: 16.595: Total time for which application threads were stopped: 0.0002168 seconds, Stopping threads took: 0.0000250 seconds
2016-10-08T23:46:44.100+0700: 16.596: Total time for which application threads were stopped: 0.0001145 seconds, Stopping threads took: 0.0000501 seconds
2016-10-08T23:46:44.108+0700: 16.604: Total time for which application threads were stopped: 0.0001186 seconds, Stopping threads took: 0.0000345 seconds
2016-10-08T23:46:44.108+0700: 16.604: Total time for which application threads were stopped: 0.0000661 seconds, Stopping threads took: 0.0000205 seconds
2016-10-08T23:46:44.108+0700: 16.604: Total time for which application threads were stopped: 0.0000554 seconds, Stopping threads took: 0.0000185 seconds
2016-10-08T23:46:44.108+0700: 16.604: Total time for which application threads were stopped: 0.0000599 seconds, Stopping threads took: 0.0000111 seconds
2016-10-08T23:46:44.109+0700: 16.604: Total time for which application threads were stopped: 0.0000460 seconds, Stopping threads took: 0.0000090 seconds
2016-10-08T23:46:44.127+0700: 16.623: Total time for which application threads were stopped: 0.0001199 seconds, Stopping threads took: 0.0000415 seconds
2016-10-08T23:46:44.220+0700: 16.716: Total time for which application threads were stopped: 0.0002270 seconds, Stopping threads took: 0.0000464 seconds
2016-10-08T23:46:44.220+0700: 16.716: Total time for which application threads were stopped: 0.0001622 seconds, Stopping threads took: 0.0000255 seconds
2016-10-08T23:46:44.249+0700: 16.745: Total time for which application threads were stopped: 0.0002455 seconds, Stopping threads took: 0.0000702 seconds
2016-10-08T23:46:44.260+0700: 16.756: Total time for which application threads were stopped: 0.0002726 seconds, Stopping threads took: 0.0000513 seconds
2016-10-08T23:46:44.264+0700: 16.760: Total time for which application threads were stopped: 0.0001934 seconds, Stopping threads took: 0.0000427 seconds
2016-10-08T23:46:44.264+0700: 16.760: Total time for which application threads were stopped: 0.0002336 seconds, Stopping threads took: 0.0001047 seconds
2016-10-08T23:46:44.265+0700: 16.761: Total time for which application threads were stopped: 0.0001100 seconds, Stopping threads took: 0.0000316 seconds
2016-10-08T23:46:44.266+0700: 16.762: Total time for which application threads were stopped: 0.0000883 seconds, Stopping threads took: 0.0000390 seconds
2016-10-08T23:46:44.266+0700: 16.762: Total time for which application threads were stopped: 0.0000632 seconds, Stopping threads took: 0.0000172 seconds
2016-10-08T23:46:44.268+0700: 16.764: Total time for which application threads were stopped: 0.0001827 seconds, Stopping threads took: 0.0001108 seconds
2016-10-08T23:46:44.268+0700: 16.764: Total time for which application threads were stopped: 0.0000751 seconds, Stopping threads took: 0.0000308 seconds
2016-10-08T23:46:44.268+0700: 16.764: Total time for which application threads were stopped: 0.0000661 seconds, Stopping threads took: 0.0000230 seconds
2016-10-08T23:46:44.268+0700: 16.764: Total time for which application threads were stopped: 0.0000673 seconds, Stopping threads took: 0.0000283 seconds
2016-10-08T23:46:44.270+0700: 16.766: Total time for which application threads were stopped: 0.0001117 seconds, Stopping threads took: 0.0000337 seconds
2016-10-08T23:46:44.270+0700: 16.766: Total time for which application threads were stopped: 0.0000817 seconds, Stopping threads took: 0.0000328 seconds
2016-10-08T23:46:44.270+0700: 16.766: Total time for which application threads were stopped: 0.0000673 seconds, Stopping threads took: 0.0000259 seconds
2016-10-08T23:46:44.273+0700: 16.769: Total time for which application threads were stopped: 0.0001913 seconds, Stopping threads took: 0.0001223 seconds
2016-10-08T23:46:44.273+0700: 16.769: Total time for which application threads were stopped: 0.0000636 seconds, Stopping threads took: 0.0000172 seconds
2016-10-08T23:46:44.273+0700: 16.770: Total time for which application threads were stopped: 0.0000484 seconds, Stopping threads took: 0.0000152 seconds
2016-10-08T23:46:44.274+0700: 16.770: Total time for which application threads were stopped: 0.0000489 seconds, Stopping threads took: 0.0000152 seconds
2016-10-08T23:46:44.274+0700: 16.770: Total time for which application threads were stopped: 0.0000546 seconds, Stopping threads took: 0.0000152 seconds
2016-10-08T23:46:44.281+0700: 16.777: Total time for which application threads were stopped: 0.0000887 seconds, Stopping threads took: 0.0000279 seconds
2016-10-08T23:46:44.324+0700: 16.819: Total time for which application threads were stopped: 0.0001162 seconds, Stopping threads took: 0.0000316 seconds
2016-10-08T23:46:44.326+0700: 16.821: Total time for which application threads were stopped: 0.0000965 seconds, Stopping threads took: 0.0000263 seconds
2016-10-08T23:46:44.329+0700: 16.825: Total time for which application threads were stopped: 0.0001026 seconds, Stopping threads took: 0.0000312 seconds
2016-10-08T23:46:44.330+0700: 16.825: Total time for which application threads were stopped: 0.0000608 seconds, Stopping threads took: 0.0000283 seconds
2016-10-08T23:46:44.339+0700: 16.834: Total time for which application threads were stopped: 0.0002923 seconds, Stopping threads took: 0.0000579 seconds
2016-10-08T23:46:44.430+0700: 16.925: Total time for which application threads were stopped: 0.0001010 seconds, Stopping threads took: 0.0000415 seconds
2016-10-08T23:46:44.440+0700: 16.935: Total time for which application threads were stopped: 0.0001129 seconds, Stopping threads took: 0.0000378 seconds
2016-10-08T23:46:44.446+0700: 16.941: Total time for which application threads were stopped: 0.0001178 seconds, Stopping threads took: 0.0000349 seconds
2016-10-08T23:46:44.447+0700: 16.942: Total time for which application threads were stopped: 0.0000874 seconds, Stopping threads took: 0.0000213 seconds
2016-10-08T23:46:44.451+0700: 16.946: Total time for which application threads were stopped: 0.0001363 seconds, Stopping threads took: 0.0000509 seconds
2016-10-08T23:46:44.451+0700: 16.947: Total time for which application threads were stopped: 0.0000796 seconds, Stopping threads took: 0.0000234 seconds
2016-10-08T23:46:44.451+0700: 16.947: Total time for which application threads were stopped: 0.0000681 seconds, Stopping threads took: 0.0000287 seconds
2016-10-08T23:46:44.452+0700: 16.947: Total time for which application threads were stopped: 0.0000911 seconds, Stopping threads took: 0.0000402 seconds
2016-10-08T23:46:44.460+0700: 16.956: Total time for which application threads were stopped: 0.0001133 seconds, Stopping threads took: 0.0000246 seconds
2016-10-08T23:46:44.462+0700: 16.958: Total time for which application threads were stopped: 0.0000727 seconds, Stopping threads took: 0.0000164 seconds
2016-10-08T23:46:44.463+0700: 16.959: Total time for which application threads were stopped: 0.0001581 seconds, Stopping threads took: 0.0000152 seconds
2016-10-08T23:46:44.470+0700: 16.966: Total time for which application threads were stopped: 0.0000784 seconds, Stopping threads took: 0.0000226 seconds
2016-10-08T23:46:44.471+0700: 16.966: Total time for which application threads were stopped: 0.0000439 seconds, Stopping threads took: 0.0000115 seconds
2016-10-08T23:46:44.471+0700: 16.966: Total time for which application threads were stopped: 0.0000333 seconds, Stopping threads took: 0.0000090 seconds
2016-10-08T23:46:44.487+0700: 16.982: Total time for which application threads were stopped: 0.0000862 seconds, Stopping threads took: 0.0000316 seconds
2016-10-08T23:46:44.513+0700: 17.009: Total time for which application threads were stopped: 0.0000755 seconds, Stopping threads took: 0.0000242 seconds
2016-10-08T23:46:44.513+0700: 17.009: Total time for which application threads were stopped: 0.0000316 seconds, Stopping threads took: 0.0000090 seconds
2016-10-08T23:46:44.513+0700: 17.009: Total time for which application threads were stopped: 0.0000275 seconds, Stopping threads took: 0.0000070 seconds
2016-10-08T23:46:44.513+0700: 17.009: Total time for which application threads were stopped: 0.0000398 seconds, Stopping threads took: 0.0000123 seconds
2016-10-08T23:46:44.515+0700: 17.011: Total time for which application threads were stopped: 0.0000452 seconds, Stopping threads took: 0.0000123 seconds
2016-10-08T23:46:44.515+0700: 17.011: Total time for which application threads were stopped: 0.0000443 seconds, Stopping threads took: 0.0000127 seconds
2016-10-08T23:46:44.516+0700: 17.011: Total time for which application threads were stopped: 0.0000345 seconds, Stopping threads took: 0.0000111 seconds
2016-10-08T23:46:44.516+0700: 17.011: Total time for which application threads were stopped: 0.0000283 seconds, Stopping threads took: 0.0000078 seconds
2016-10-08T23:46:44.551+0700: 17.047: Total time for which application threads were stopped: 0.0000854 seconds, Stopping threads took: 0.0000246 seconds
2016-10-08T23:46:44.553+0700: 17.049: Total time for which application threads were stopped: 0.0001326 seconds, Stopping threads took: 0.0000579 seconds
2016-10-08T23:46:44.553+0700: 17.049: Total time for which application threads were stopped: 0.0000920 seconds, Stopping threads took: 0.0000452 seconds
2016-10-08T23:46:44.554+0700: 17.049: Total time for which application threads were stopped: 0.0001182 seconds, Stopping threads took: 0.0000591 seconds
2016-10-08T23:46:44.554+0700: 17.050: Total time for which application threads were stopped: 0.0001474 seconds, Stopping threads took: 0.0001067 seconds
2016-10-08T23:46:44.554+0700: 17.050: Total time for which application threads were stopped: 0.0001006 seconds, Stopping threads took: 0.0000415 seconds
2016-10-08T23:46:44.554+0700: 17.050: Total time for which application threads were stopped: 0.0000558 seconds, Stopping threads took: 0.0000201 seconds
2016-10-08T23:46:44.554+0700: 17.050: Total time for which application threads were stopped: 0.0000764 seconds, Stopping threads took: 0.0000259 seconds
2016-10-08T23:46:44.554+0700: 17.050: Total time for which application threads were stopped: 0.0000821 seconds, Stopping threads took: 0.0000209 seconds
2016-10-08T23:46:44.555+0700: 17.050: Total time for which application threads were stopped: 0.0000550 seconds, Stopping threads took: 0.0000197 seconds
2016-10-08T23:46:44.555+0700: 17.051: Total time for which application threads were stopped: 0.0000657 seconds, Stopping threads took: 0.0000238 seconds
2016-10-08T23:46:44.555+0700: 17.051: Total time for which application threads were stopped: 0.0000907 seconds, Stopping threads took: 0.0000365 seconds
2016-10-08T23:46:44.555+0700: 17.051: Total time for which application threads were stopped: 0.0000796 seconds, Stopping threads took: 0.0000238 seconds
2016-10-08T23:46:44.555+0700: 17.051: Total time for which application threads were stopped: 0.0002003 seconds, Stopping threads took: 0.0000144 seconds
2016-10-08T23:46:44.556+0700: 17.051: Total time for which application threads were stopped: 0.0001133 seconds, Stopping threads took: 0.0000460 seconds
2016-10-08T23:46:44.556+0700: 17.051: Total time for which application threads were stopped: 0.0000788 seconds, Stopping threads took: 0.0000345 seconds
2016-10-08T23:46:44.556+0700: 17.052: Total time for which application threads were stopped: 0.0000751 seconds, Stopping threads took: 0.0000287 seconds
2016-10-08T23:46:44.556+0700: 17.052: Total time for which application threads were stopped: 0.0001732 seconds, Stopping threads took: 0.0000402 seconds
2016-10-08T23:46:44.557+0700: 17.052: Total time for which application threads were stopped: 0.0001035 seconds, Stopping threads took: 0.0000443 seconds
2016-10-08T23:46:44.557+0700: 17.053: Total time for which application threads were stopped: 0.0001289 seconds, Stopping threads took: 0.0000579 seconds
2016-10-08T23:46:44.557+0700: 17.053: Total time for which application threads were stopped: 0.0000677 seconds, Stopping threads took: 0.0000234 seconds
2016-10-08T23:46:44.558+0700: 17.054: Total time for which application threads were stopped: 0.0000624 seconds, Stopping threads took: 0.0000172 seconds
2016-10-08T23:46:44.563+0700: 17.059: Total time for which application threads were stopped: 0.0002861 seconds, Stopping threads took: 0.0000328 seconds
2016-10-08T23:46:44.617+0700: 17.113: Total time for which application threads were stopped: 0.0001576 seconds, Stopping threads took: 0.0000447 seconds
2016-10-08T23:46:44.617+0700: 17.113: Total time for which application threads were stopped: 0.0001002 seconds, Stopping threads took: 0.0000259 seconds
2016-10-08T23:46:44.618+0700: 17.114: Total time for which application threads were stopped: 0.0001018 seconds, Stopping threads took: 0.0000287 seconds
2016-10-08T23:46:44.775+0700: 17.270: Total time for which application threads were stopped: 0.0000985 seconds, Stopping threads took: 0.0000275 seconds
2016-10-08T23:46:44.775+0700: 17.271: Total time for which application threads were stopped: 0.0000456 seconds, Stopping threads took: 0.0000107 seconds
2016-10-08T23:46:44.784+0700: 17.279: Total time for which application threads were stopped: 0.0001741 seconds, Stopping threads took: 0.0000443 seconds
2016-10-08T23:46:45.168+0700: 17.664: Total time for which application threads were stopped: 0.0002549 seconds, Stopping threads took: 0.0000287 seconds
2016-10-08T23:46:45.173+0700: 17.669: Total time for which application threads were stopped: 0.0000862 seconds, Stopping threads took: 0.0000250 seconds
2016-10-08T23:46:45.201+0700: 17.697: Total time for which application threads were stopped: 0.0001457 seconds, Stopping threads took: 0.0000423 seconds
2016-10-08T23:46:45.287+0700: 17.783: Total time for which application threads were stopped: 0.0001687 seconds, Stopping threads took: 0.0000817 seconds
2016-10-08T23:46:48.403+0700: 20.899: Total time for which application threads were stopped: 0.0000952 seconds, Stopping threads took: 0.0000250 seconds
2016-10-08T23:46:48.404+0700: 20.900: Total time for which application threads were stopped: 0.0000608 seconds, Stopping threads took: 0.0000127 seconds
2016-10-08T23:46:48.672+0700: 21.168: Total time for which application threads were stopped: 0.0001659 seconds, Stopping threads took: 0.0000480 seconds
2016-10-08T23:46:48.789+0700: 21.285: Total time for which application threads were stopped: 0.0001560 seconds, Stopping threads took: 0.0000374 seconds
2016-10-08T23:46:48.886+0700: 21.381: Total time for which application threads were stopped: 0.0001523 seconds, Stopping threads took: 0.0000398 seconds
2016-10-08T23:46:48.892+0700: 21.387: Total time for which application threads were stopped: 0.0002073 seconds, Stopping threads took: 0.0000727 seconds
2016-10-08T23:46:48.893+0700: 21.389: Total time for which application threads were stopped: 0.0002122 seconds, Stopping threads took: 0.0000833 seconds
2016-10-08T23:46:48.894+0700: 21.389: Total time for which application threads were stopped: 0.0003132 seconds, Stopping threads took: 0.0000324 seconds
2016-10-08T23:46:48.913+0700: 21.409: Total time for which application threads were stopped: 0.0001507 seconds, Stopping threads took: 0.0000476 seconds
2016-10-08T23:46:48.997+0700: 21.492: Total time for which application threads were stopped: 0.0000952 seconds, Stopping threads took: 0.0000275 seconds
2016-10-08T23:46:48.997+0700: 21.493: Total time for which application threads were stopped: 0.0000850 seconds, Stopping threads took: 0.0000291 seconds
2016-10-08T23:46:48.999+0700: 21.495: Total time for which application threads were stopped: 0.0001732 seconds, Stopping threads took: 0.0000562 seconds
2016-10-08T23:46:49.000+0700: 21.495: Total time for which application threads were stopped: 0.0001305 seconds, Stopping threads took: 0.0000361 seconds
2016-10-08T23:46:49.000+0700: 21.495: Total time for which application threads were stopped: 0.0001051 seconds, Stopping threads took: 0.0000308 seconds
2016-10-08T23:46:49.000+0700: 21.496: Total time for which application threads were stopped: 0.0000809 seconds, Stopping threads took: 0.0000246 seconds
2016-10-08T23:46:49.000+0700: 21.496: Total time for which application threads were stopped: 0.0001511 seconds, Stopping threads took: 0.0000870 seconds
2016-10-08T23:46:49.001+0700: 21.496: Total time for which application threads were stopped: 0.0001326 seconds, Stopping threads took: 0.0000226 seconds
2016-10-08T23:46:49.242+0700: 21.738: Total time for which application threads were stopped: 0.0001240 seconds, Stopping threads took: 0.0000476 seconds
2016-10-08T23:46:49.243+0700: 21.739: Total time for which application threads were stopped: 0.0000796 seconds, Stopping threads took: 0.0000193 seconds
2016-10-08T23:46:49.265+0700: 21.761: Total time for which application threads were stopped: 0.0001322 seconds, Stopping threads took: 0.0000542 seconds
2016-10-08T23:46:49.276+0700: 21.772: Total time for which application threads were stopped: 0.0001650 seconds, Stopping threads took: 0.0000304 seconds
2016-10-08T23:46:49.276+0700: 21.772: Total time for which application threads were stopped: 0.0000866 seconds, Stopping threads took: 0.0000148 seconds
2016-10-08T23:46:49.276+0700: 21.772: Total time for which application threads were stopped: 0.0001076 seconds, Stopping threads took: 0.0000324 seconds
2016-10-08T23:46:49.277+0700: 21.773: Total time for which application threads were stopped: 0.0000981 seconds, Stopping threads took: 0.0000172 seconds
2016-10-08T23:46:49.288+0700: 21.784: Total time for which application threads were stopped: 0.0001121 seconds, Stopping threads took: 0.0000394 seconds
2016-10-08T23:46:49.327+0700: 21.823: Total time for which application threads were stopped: 0.0001071 seconds, Stopping threads took: 0.0000337 seconds
2016-10-08T23:46:49.526+0700: 22.021: Total time for which application threads were stopped: 0.0001071 seconds, Stopping threads took: 0.0000242 seconds
2016-10-08T23:46:49.602+0700: 22.098: Total time for which application threads were stopped: 0.0001113 seconds, Stopping threads took: 0.0000361 seconds
2016-10-08T23:46:49.603+0700: 22.099: Total time for which application threads were stopped: 0.0001018 seconds, Stopping threads took: 0.0000324 seconds
2016-10-08T23:46:49.604+0700: 22.100: Total time for which application threads were stopped: 0.0000920 seconds, Stopping threads took: 0.0000267 seconds
2016-10-08T23:46:49.605+0700: 22.101: Total time for which application threads were stopped: 0.0000887 seconds, Stopping threads took: 0.0000201 seconds
2016-10-08T23:46:49.606+0700: 22.102: Total time for which application threads were stopped: 0.0003087 seconds, Stopping threads took: 0.0000218 seconds
2016-10-08T23:46:49.676+0700: 22.172: Total time for which application threads were stopped: 0.0003711 seconds, Stopping threads took: 0.0000419 seconds
{Heap before GC invocations=1 (full 0):
 par new generation   total 109248K, used 99034K [0x00000000e0000000, 0x00000000e8000000, 0x00000000e8000000)
  eden space 87424K, 100% used [0x00000000e0000000, 0x00000000e5560000, 0x00000000e5560000)
  from space 21824K,  53% used [0x00000000e6ab0000, 0x00000000e7606908, 0x00000000e8000000)
  to   space 21824K,   0% used [0x00000000e5560000, 0x00000000e5560000, 0x00000000e6ab0000)
 concurrent mark-sweep generation total 393216K, used 0K [0x00000000e8000000, 0x0000000100000000, 0x0000000100000000)
 Metaspace       used 21534K, capacity 21836K, committed 21960K, reserved 1069056K
  class space    used 2554K, capacity 2663K, committed 2736K, reserved 1048576K
2016-10-08T23:46:49.718+0700: 22.214: [GC (Allocation Failure) 2016-10-08T23:46:49.718+0700: 22.214: [ParNew
Desired survivor size 20112992 bytes, new threshold 8 (max 8)
- age   1:    4793768 bytes,    4793768 total
- age   2:    5995016 bytes,   10788784 total
: 99034K->14600K(109248K), 0.0124205 secs] 99034K->14600K(502464K), 0.0125264 secs] [Times: user=0.06 sys=0.00, real=0.01 secs] 
Heap after GC invocations=2 (full 0):
 par new generation   total 109248K, used 14600K [0x00000000e0000000, 0x00000000e8000000, 0x00000000e8000000)
  eden space 87424K,   0% used [0x00000000e0000000, 0x00000000e0000000, 0x00000000e5560000)
  from space 21824K,  66% used [0x00000000e5560000, 0x00000000e63a2380, 0x00000000e6ab0000)
  to   space 21824K,   0% used [0x00000000e6ab0000, 0x00000000e6ab0000, 0x00000000e8000000)
 concurrent mark-sweep generation total 393216K, used 0K [0x00000000e8000000, 0x0000000100000000, 0x0000000100000000)
 Metaspace       used 21534K, capacity 21836K, committed 21960K, reserved 1069056K
  class space    used 2554K, capacity 2663K, committed 2736K, reserved 1048576K
}
2016-10-08T23:46:49.730+0700: 22.226: Total time for which application threads were stopped: 0.0127966 seconds, Stopping threads took: 0.0000419 seconds
2016-10-08T23:46:49.731+0700: 22.227: [GC (CMS Initial Mark) [1 CMS-initial-mark: 0K(393216K)] 16307K(502464K), 0.0032879 secs] [Times: user=0.00 sys=0.00, real=0.00 secs] 
2016-10-08T23:46:49.734+0700: 22.230: Total time for which application threads were stopped: 0.0035806 seconds, Stopping threads took: 0.0001679 seconds
2016-10-08T23:46:49.734+0700: 22.230: [CMS-concurrent-mark-start]
2016-10-08T23:46:49.734+0700: 22.230: [CMS-concurrent-mark: 0.000/0.000 secs] [Times: user=0.00 sys=0.00, real=0.00 secs] 
2016-10-08T23:46:49.734+0700: 22.230: [CMS-concurrent-preclean-start]
2016-10-08T23:46:49.735+0700: 22.232: [CMS-concurrent-preclean: 0.001/0.001 secs] [Times: user=0.00 sys=0.00, real=0.00 secs] 
2016-10-08T23:46:49.736+0700: 22.232: Total time for which application threads were stopped: 0.0001564 seconds, Stopping threads took: 0.0000517 seconds
2016-10-08T23:46:49.736+0700: 22.232: Total time for which application threads were stopped: 0.0000768 seconds, Stopping threads took: 0.0000205 seconds
2016-10-08T23:46:49.736+0700: 22.232: [GC (CMS Final Remark) [YG occupancy: 16307 K (109248 K)]{Heap before GC invocations=2 (full 1):
 par new generation   total 109248K, used 16307K [0x00000000e0000000, 0x00000000e8000000, 0x00000000e8000000)
  eden space 87424K,   1% used [0x00000000e0000000, 0x00000000e01aabb8, 0x00000000e5560000)
  from space 21824K,  66% used [0x00000000e5560000, 0x00000000e63a2380, 0x00000000e6ab0000)
  to   space 21824K,   0% used [0x00000000e6ab0000, 0x00000000e6ab0000, 0x00000000e8000000)
 concurrent mark-sweep generation total 393216K, used 0K [0x00000000e8000000, 0x0000000100000000, 0x0000000100000000)
 Metaspace       used 21534K, capacity 21836K, committed 21960K, reserved 1069056K
  class space    used 2554K, capacity 2663K, committed 2736K, reserved 1048576K
2016-10-08T23:46:49.736+0700: 22.232: [GC (CMS Final Remark) 2016-10-08T23:46:49.736+0700: 22.232: [ParNew
Desired survivor size 20112992 bytes, new threshold 8 (max 8)
- age   1:     176880 bytes,     176880 total
- age   2:    1405296 bytes,    1582176 total
- age   3:    5992200 bytes,    7574376 total
: 16307K->11552K(109248K), 0.0074585 secs] 16307K->11552K(502464K), 0.0075307 secs] [Times: user=0.06 sys=0.00, real=0.01 secs] 
Heap after GC invocations=3 (full 1):
 par new generation   total 109248K, used 11552K [0x00000000e0000000, 0x00000000e8000000, 0x00000000e8000000)
  eden space 87424K,   0% used [0x00000000e0000000, 0x00000000e0000000, 0x00000000e5560000)
  from space 21824K,  52% used [0x00000000e6ab0000, 0x00000000e75f8080, 0x00000000e8000000)
  to   space 21824K,   0% used [0x00000000e5560000, 0x00000000e5560000, 0x00000000e6ab0000)
 concurrent mark-sweep generation total 393216K, used 0K [0x00000000e8000000, 0x0000000100000000, 0x0000000100000000)
 Metaspace       used 21534K, capacity 21836K, committed 21960K, reserved 1069056K
  class space    used 2554K, capacity 2663K, committed 2736K, reserved 1048576K
}
2016-10-08T23:46:49.744+0700: 22.240: [Rescan (parallel) , 0.0024550 secs]2016-10-08T23:46:49.746+0700: 22.242: [weak refs processing, 0.0003986 secs]2016-10-08T23:46:49.747+0700: 22.243: [class unloading, 0.0040663 secs]2016-10-08T23:46:49.751+0700: 22.247: [scrub symbol table, 0.0060422 secs]2016-10-08T23:46:49.757+0700: 22.253: [scrub string table, 0.0005505 secs][1 CMS-remark: 0K(393216K)] 11552K(502464K), 0.0220253 secs] [Times: user=0.09 sys=0.00, real=0.02 secs] 
2016-10-08T23:46:49.758+0700: 22.254: Total time for which application threads were stopped: 0.0221455 seconds, Stopping threads took: 0.0000201 seconds
2016-10-08T23:46:49.758+0700: 22.254: [CMS-concurrent-sweep-start]
2016-10-08T23:46:49.758+0700: 22.254: [CMS-concurrent-sweep: 0.000/0.000 secs] [Times: user=0.00 sys=0.00, real=0.00 secs] 
2016-10-08T23:46:49.758+0700: 22.254: [CMS-concurrent-reset-start]
2016-10-08T23:46:49.761+0700: 22.257: [CMS-concurrent-reset: 0.003/0.003 secs] [Times: user=0.00 sys=0.00, real=0.00 secs] 
2016-10-08T23:46:49.817+0700: 22.313: Total time for which application threads were stopped: 0.0001700 seconds, Stopping threads took: 0.0000489 seconds
2016-10-08T23:46:49.824+0700: 22.320: Total time for which application threads were stopped: 0.0001096 seconds, Stopping threads took: 0.0000402 seconds
2016-10-08T23:46:49.891+0700: 22.387: Total time for which application threads were stopped: 0.0001379 seconds, Stopping threads took: 0.0000394 seconds
2016-10-08T23:46:49.901+0700: 22.398: Total time for which application threads were stopped: 0.0000907 seconds, Stopping threads took: 0.0000308 seconds
2016-10-08T23:46:49.997+0700: 22.492: Total time for which application threads were stopped: 0.0001778 seconds, Stopping threads took: 0.0000353 seconds
2016-10-08T23:46:50.006+0700: 22.502: Total time for which application threads were stopped: 0.0001125 seconds, Stopping threads took: 0.0000296 seconds
2016-10-08T23:46:50.056+0700: 22.551: Total time for which application threads were stopped: 0.0000932 seconds, Stopping threads took: 0.0000267 seconds
2016-10-08T23:46:50.090+0700: 22.585: Total time for which application threads were stopped: 0.0001174 seconds, Stopping threads took: 0.0000300 seconds
2016-10-08T23:46:50.127+0700: 22.622: Total time for which application threads were stopped: 0.0001080 seconds, Stopping threads took: 0.0000234 seconds
2016-10-08T23:46:50.127+0700: 22.622: Total time for which application threads were stopped: 0.0000443 seconds, Stopping threads took: 0.0000074 seconds
2016-10-08T23:46:50.127+0700: 22.622: Total time for which application threads were stopped: 0.0000398 seconds, Stopping threads took: 0.0000066 seconds
2016-10-08T23:46:50.199+0700: 22.694: Total time for which application threads were stopped: 0.0001425 seconds, Stopping threads took: 0.0000296 seconds
2016-10-08T23:46:50.199+0700: 22.694: Total time for which application threads were stopped: 0.0000751 seconds, Stopping threads took: 0.0000172 seconds
2016-10-08T23:46:50.199+0700: 22.695: Total time for which application threads were stopped: 0.0000653 seconds, Stopping threads took: 0.0000172 seconds
2016-10-08T23:46:50.262+0700: 22.757: Total time for which application threads were stopped: 0.0005969 seconds, Stopping threads took: 0.0005107 seconds
2016-10-08T23:46:50.266+0700: 22.761: Total time for which application threads were stopped: 0.0001425 seconds, Stopping threads took: 0.0000361 seconds
2016-10-08T23:46:50.279+0700: 22.774: Total time for which application threads were stopped: 0.0004224 seconds, Stopping threads took: 0.0002960 seconds
2016-10-08T23:46:50.312+0700: 22.808: Total time for which application threads were stopped: 0.0001260 seconds, Stopping threads took: 0.0000324 seconds
2016-10-08T23:46:50.312+0700: 22.808: Total time for which application threads were stopped: 0.0000603 seconds, Stopping threads took: 0.0000177 seconds
2016-10-08T23:46:50.313+0700: 22.808: Total time for which application threads were stopped: 0.0000870 seconds, Stopping threads took: 0.0000218 seconds
2016-10-08T23:46:50.315+0700: 22.811: Total time for which application threads were stopped: 0.0001457 seconds, Stopping threads took: 0.0000300 seconds
2016-10-08T23:46:50.319+0700: 22.815: Total time for which application threads were stopped: 0.0001002 seconds, Stopping threads took: 0.0000308 seconds
2016-10-08T23:46:50.320+0700: 22.815: Total time for which application threads were stopped: 0.0000509 seconds, Stopping threads took: 0.0000123 seconds
2016-10-08T23:46:50.320+0700: 22.815: Total time for which application threads were stopped: 0.0000435 seconds, Stopping threads took: 0.0000127 seconds
2016-10-08T23:46:50.320+0700: 22.815: Total time for which application threads were stopped: 0.0000517 seconds, Stopping threads took: 0.0000131 seconds
2016-10-08T23:46:50.320+0700: 22.815: Total time for which application threads were stopped: 0.0000497 seconds, Stopping threads took: 0.0000119 seconds
2016-10-08T23:46:50.320+0700: 22.816: Total time for which application threads were stopped: 0.0000353 seconds, Stopping threads took: 0.0000099 seconds
2016-10-08T23:46:50.320+0700: 22.816: Total time for which application threads were stopped: 0.0000513 seconds, Stopping threads took: 0.0000131 seconds
2016-10-08T23:46:50.320+0700: 22.816: Total time for which application threads were stopped: 0.0000513 seconds, Stopping threads took: 0.0000123 seconds
2016-10-08T23:46:50.322+0700: 22.817: Total time for which application threads were stopped: 0.0001441 seconds, Stopping threads took: 0.0000287 seconds
2016-10-08T23:46:50.354+0700: 22.849: Total time for which application threads were stopped: 0.0000973 seconds, Stopping threads took: 0.0000378 seconds
2016-10-08T23:46:50.372+0700: 22.867: Total time for which application threads were stopped: 0.0000870 seconds, Stopping threads took: 0.0000230 seconds
2016-10-08T23:46:50.385+0700: 22.881: Total time for which application threads were stopped: 0.0003321 seconds, Stopping threads took: 0.0000304 seconds
2016-10-08T23:46:50.441+0700: 22.936: Total time for which application threads were stopped: 0.0000788 seconds, Stopping threads took: 0.0000222 seconds
{Heap before GC invocations=3 (full 1):
 par new generation   total 109248K, used 98976K [0x00000000e0000000, 0x00000000e8000000, 0x00000000e8000000)
  eden space 87424K, 100% used [0x00000000e0000000, 0x00000000e5560000, 0x00000000e5560000)
  from space 21824K,  52% used [0x00000000e6ab0000, 0x00000000e75f8080, 0x00000000e8000000)
  to   space 21824K,   0% used [0x00000000e5560000, 0x00000000e5560000, 0x00000000e6ab0000)
 concurrent mark-sweep generation total 393216K, used 0K [0x00000000e8000000, 0x0000000100000000, 0x0000000100000000)
 Metaspace       used 23044K, capacity 23434K, committed 23728K, reserved 1071104K
  class space    used 2756K, capacity 2878K, committed 2992K, reserved 1048576K
2016-10-08T23:46:51.028+0700: 23.524: [GC (Allocation Failure) 2016-10-08T23:46:51.028+0700: 23.524: [ParNew
Desired survivor size 20112992 bytes, new threshold 8 (max 8)
- age   1:    2781848 bytes,    2781848 total
- age   3:    1175192 bytes,    3957040 total
- age   4:    5988768 bytes,    9945808 total
: 98976K->11654K(109248K), 0.0129723 secs] 98976K->11654K(502464K), 0.0130786 secs] [Times: user=0.06 sys=0.00, real=0.01 secs] 
Heap after GC invocations=4 (full 1):
 par new generation   total 109248K, used 11654K [0x00000000e0000000, 0x00000000e8000000, 0x00000000e8000000)
  eden space 87424K,   0% used [0x00000000e0000000, 0x00000000e0000000, 0x00000000e5560000)
  from space 21824K,  53% used [0x00000000e5560000, 0x00000000e60c1840, 0x00000000e6ab0000)
  to   space 21824K,   0% used [0x00000000e6ab0000, 0x00000000e6ab0000, 0x00000000e8000000)
 concurrent mark-sweep generation total 393216K, used 0K [0x00000000e8000000, 0x0000000100000000, 0x0000000100000000)
 Metaspace       used 23044K, capacity 23434K, committed 23728K, reserved 1071104K
  class space    used 2756K, capacity 2878K, committed 2992K, reserved 1048576K
}
2016-10-08T23:46:51.042+0700: 23.537: Total time for which application threads were stopped: 0.0134592 seconds, Stopping threads took: 0.0000998 seconds
{Heap before GC invocations=4 (full 1):
 par new generation   total 109248K, used 99078K [0x00000000e0000000, 0x00000000e8000000, 0x00000000e8000000)
  eden space 87424K, 100% used [0x00000000e0000000, 0x00000000e5560000, 0x00000000e5560000)
  from space 21824K,  53% used [0x00000000e5560000, 0x00000000e60c1840, 0x00000000e6ab0000)
  to   space 21824K,   0% used [0x00000000e6ab0000, 0x00000000e6ab0000, 0x00000000e8000000)
 concurrent mark-sweep generation total 393216K, used 0K [0x00000000e8000000, 0x0000000100000000, 0x0000000100000000)
 Metaspace       used 23267K, capacity 23636K, committed 23984K, reserved 1071104K
  class space    used 2781K, capacity 2917K, committed 2992K, reserved 1048576K
2016-10-08T23:46:51.348+0700: 23.843: [GC (Allocation Failure) 2016-10-08T23:46:51.348+0700: 23.843: [ParNew
Desired survivor size 20112992 bytes, new threshold 8 (max 8)
- age   1:     876160 bytes,     876160 total
- age   2:    1573736 bytes,    2449896 total
- age   4:    1174920 bytes,    3624816 total
- age   5:    5989344 bytes,    9614160 total
: 99078K->14020K(109248K), 0.0096306 secs] 99078K->14020K(502464K), 0.0097295 secs] [Times: user=0.06 sys=0.00, real=0.01 secs] 
Heap after GC invocations=5 (full 1):
 par new generation   total 109248K, used 14020K [0x00000000e0000000, 0x00000000e8000000, 0x00000000e8000000)
  eden space 87424K,   0% used [0x00000000e0000000, 0x00000000e0000000, 0x00000000e5560000)
  from space 21824K,  64% used [0x00000000e6ab0000, 0x00000000e7861208, 0x00000000e8000000)
  to   space 21824K,   0% used [0x00000000e5560000, 0x00000000e5560000, 0x00000000e6ab0000)
 concurrent mark-sweep generation total 393216K, used 0K [0x00000000e8000000, 0x0000000100000000, 0x0000000100000000)
 Metaspace       used 23267K, capacity 23636K, committed 23984K, reserved 1071104K
  class space    used 2781K, capacity 2917K, committed 2992K, reserved 1048576K
}
2016-10-08T23:46:51.358+0700: 23.853: Total time for which application threads were stopped: 0.0105021 seconds, Stopping threads took: 0.0005045 seconds
2016-10-08T23:46:51.398+0700: 23.893: Total time for which application threads were stopped: 0.0005522 seconds, Stopping threads took: 0.0004278 seconds
2016-10-08T23:46:51.398+0700: 23.894: Total time for which application threads were stopped: 0.0001215 seconds, Stopping threads took: 0.0000291 seconds
2016-10-08T23:46:51.401+0700: 23.896: Total time for which application threads were stopped: 0.0025847 seconds, Stopping threads took: 0.0024443 seconds
{Heap before GC invocations=5 (full 1):
 par new generation   total 109248K, used 101432K [0x00000000e0000000, 0x00000000e8000000, 0x00000000e8000000)
  eden space 87424K,  99% used [0x00000000e0000000, 0x00000000e555d068, 0x00000000e5560000)
  from space 21824K,  64% used [0x00000000e6ab0000, 0x00000000e7861208, 0x00000000e8000000)
  to   space 21824K,   0% used [0x00000000e5560000, 0x00000000e5560000, 0x00000000e6ab0000)
 concurrent mark-sweep generation total 393216K, used 0K [0x00000000e8000000, 0x0000000100000000, 0x0000000100000000)
 Metaspace       used 23459K, capacity 23802K, committed 23984K, reserved 1071104K
  class space    used 2805K, capacity 2950K, committed 2992K, reserved 1048576K
2016-10-08T23:46:51.515+0700: 24.011: [GC (Allocation Failure) 2016-10-08T23:46:51.515+0700: 24.011: [ParNew
Desired survivor size 20112992 bytes, new threshold 8 (max 8)
- age   1:     837120 bytes,     837120 total
- age   2:     137648 bytes,     974768 total
- age   3:    1573104 bytes,    2547872 total
- age   5:    1174440 bytes,    3722312 total
- age   6:    5988208 bytes,    9710520 total
: 101432K->12427K(109248K), 0.0091728 secs] 101432K->12427K(502464K), 0.0093703 secs] [Times: user=0.06 sys=0.00, real=0.01 secs] 
Heap after GC invocations=6 (full 1):
 par new generation   total 109248K, used 12427K [0x00000000e0000000, 0x00000000e8000000, 0x00000000e8000000)
  eden space 87424K,   0% used [0x00000000e0000000, 0x00000000e0000000, 0x00000000e5560000)
  from space 21824K,  56% used [0x00000000e5560000, 0x00000000e6182dd0, 0x00000000e6ab0000)
  to   space 21824K,   0% used [0x00000000e6ab0000, 0x00000000e6ab0000, 0x00000000e8000000)
 concurrent mark-sweep generation total 393216K, used 0K [0x00000000e8000000, 0x0000000100000000, 0x0000000100000000)
 Metaspace       used 23459K, capacity 23802K, committed 23984K, reserved 1071104K
  class space    used 2805K, capacity 2950K, committed 2992K, reserved 1048576K
}
2016-10-08T23:46:51.525+0700: 24.020: Total time for which application threads were stopped: 0.0112111 seconds, Stopping threads took: 0.0015826 seconds
2016-10-08T23:46:51.724+0700: 24.220: Total time for which application threads were stopped: 0.0001178 seconds, Stopping threads took: 0.0000246 seconds
2016-10-08T23:46:51.725+0700: 24.220: Total time for which application threads were stopped: 0.0000796 seconds, Stopping threads took: 0.0000115 seconds
2016-10-08T23:46:51.725+0700: 24.221: Total time for which application threads were stopped: 0.0000657 seconds, Stopping threads took: 0.0000152 seconds
2016-10-08T23:46:51.725+0700: 24.221: Total time for which application threads were stopped: 0.0000801 seconds, Stopping threads took: 0.0000148 seconds
2016-10-08T23:46:51.725+0700: 24.221: Total time for which application threads were stopped: 0.0000669 seconds, Stopping threads took: 0.0000144 seconds
2016-10-08T23:46:52.271+0700: 24.766: Total time for which application threads were stopped: 0.0001761 seconds, Stopping threads took: 0.0000386 seconds
2016-10-08T23:46:52.273+0700: 24.768: Total time for which application threads were stopped: 0.0001121 seconds, Stopping threads took: 0.0000242 seconds
2016-10-08T23:46:52.341+0700: 24.837: Total time for which application threads were stopped: 0.0002824 seconds, Stopping threads took: 0.0002258 seconds
2016-10-08T23:46:52.344+0700: 24.840: Total time for which application threads were stopped: 0.0001252 seconds, Stopping threads took: 0.0000468 seconds
2016-10-08T23:46:52.568+0700: 25.064: Total time for which application threads were stopped: 0.0005029 seconds, Stopping threads took: 0.0000279 seconds
2016-10-08T23:46:53.274+0700: 25.770: Total time for which application threads were stopped: 0.0001938 seconds, Stopping threads took: 0.0000398 seconds
2016-10-08T23:46:53.393+0700: 25.889: Total time for which application threads were stopped: 0.0001412 seconds, Stopping threads took: 0.0000431 seconds
2016-10-08T23:46:53.444+0700: 25.940: Total time for which application threads were stopped: 0.0001347 seconds, Stopping threads took: 0.0000386 seconds
2016-10-08T23:46:53.460+0700: 25.957: Total time for which application threads were stopped: 0.0002270 seconds, Stopping threads took: 0.0000977 seconds
2016-10-08T23:46:53.529+0700: 26.025: Total time for which application threads were stopped: 0.0004590 seconds, Stopping threads took: 0.0000316 seconds
2016-10-08T23:46:53.644+0700: 26.139: Total time for which application threads were stopped: 0.0001277 seconds, Stopping threads took: 0.0000435 seconds
2016-10-08T23:46:53.644+0700: 26.139: Total time for which application threads were stopped: 0.0001071 seconds, Stopping threads took: 0.0000242 seconds
2016-10-08T23:46:53.732+0700: 26.227: Total time for which application threads were stopped: 0.0004130 seconds, Stopping threads took: 0.0000296 seconds
2016-10-08T23:46:53.767+0700: 26.263: Total time for which application threads were stopped: 0.0001051 seconds, Stopping threads took: 0.0000304 seconds
2016-10-08T23:46:53.768+0700: 26.264: Total time for which application threads were stopped: 0.0001088 seconds, Stopping threads took: 0.0000267 seconds
2016-10-08T23:46:53.769+0700: 26.264: Total time for which application threads were stopped: 0.0000591 seconds, Stopping threads took: 0.0000193 seconds
2016-10-08T23:46:53.771+0700: 26.267: Total time for which application threads were stopped: 0.0001433 seconds, Stopping threads took: 0.0000296 seconds
2016-10-08T23:46:53.804+0700: 26.300: Total time for which application threads were stopped: 0.0000805 seconds, Stopping threads took: 0.0000259 seconds
2016-10-08T23:46:53.828+0700: 26.323: Total time for which application threads were stopped: 0.0001010 seconds, Stopping threads took: 0.0000255 seconds
2016-10-08T23:46:53.831+0700: 26.326: Total time for which application threads were stopped: 0.0001240 seconds, Stopping threads took: 0.0000296 seconds
2016-10-08T23:46:53.836+0700: 26.331: Total time for which application threads were stopped: 0.0002480 seconds, Stopping threads took: 0.0000419 seconds
2016-10-08T23:46:53.895+0700: 26.390: Total time for which application threads were stopped: 0.0001810 seconds, Stopping threads took: 0.0000661 seconds
2016-10-08T23:46:53.909+0700: 26.404: Total time for which application threads were stopped: 0.0003190 seconds, Stopping threads took: 0.0002443 seconds
2016-10-08T23:46:53.911+0700: 26.407: Total time for which application threads were stopped: 0.0006076 seconds, Stopping threads took: 0.0004245 seconds
2016-10-08T23:46:53.913+0700: 26.408: Total time for which application threads were stopped: 0.0001507 seconds, Stopping threads took: 0.0000390 seconds
2016-10-08T23:46:53.953+0700: 26.449: Total time for which application threads were stopped: 0.0001141 seconds, Stopping threads took: 0.0000333 seconds
2016-10-08T23:46:53.954+0700: 26.449: Total time for which application threads were stopped: 0.0001199 seconds, Stopping threads took: 0.0000209 seconds
2016-10-08T23:46:54.000+0700: 26.495: Total time for which application threads were stopped: 0.0001133 seconds, Stopping threads took: 0.0000357 seconds
2016-10-08T23:46:54.113+0700: 26.609: Total time for which application threads were stopped: 0.0001256 seconds, Stopping threads took: 0.0000308 seconds
2016-10-08T23:46:54.113+0700: 26.609: Total time for which application threads were stopped: 0.0001946 seconds, Stopping threads took: 0.0000168 seconds
{Heap before GC invocations=6 (full 1):
 par new generation   total 109248K, used 99851K [0x00000000e0000000, 0x00000000e8000000, 0x00000000e8000000)
  eden space 87424K, 100% used [0x00000000e0000000, 0x00000000e5560000, 0x00000000e5560000)
  from space 21824K,  56% used [0x00000000e5560000, 0x00000000e6182dd0, 0x00000000e6ab0000)
  to   space 21824K,   0% used [0x00000000e6ab0000, 0x00000000e6ab0000, 0x00000000e8000000)
 concurrent mark-sweep generation total 393216K, used 0K [0x00000000e8000000, 0x0000000100000000, 0x0000000100000000)
 Metaspace       used 27311K, capacity 27716K, committed 28080K, reserved 1073152K
  class space    used 3270K, capacity 3401K, committed 3504K, reserved 1048576K
2016-10-08T23:46:54.194+0700: 26.690: [GC (Allocation Failure) 2016-10-08T23:46:54.194+0700: 26.690: [ParNew
Desired survivor size 20112992 bytes, new threshold 8 (max 8)
- age   1:    4350144 bytes,    4350144 total
- age   2:     118368 bytes,    4468512 total
- age   3:     136520 bytes,    4605032 total
- age   4:     476480 bytes,    5081512 total
- age   6:    1126656 bytes,    6208168 total
- age   7:    5980592 bytes,   12188760 total
: 99851K->14810K(109248K), 0.0114098 secs] 99851K->14810K(502464K), 0.0115149 secs] [Times: user=0.00 sys=0.00, real=0.01 secs] 
Heap after GC invocations=7 (full 1):
 par new generation   total 109248K, used 14810K [0x00000000e0000000, 0x00000000e8000000, 0x00000000e8000000)
  eden space 87424K,   0% used [0x00000000e0000000, 0x00000000e0000000, 0x00000000e5560000)
  from space 21824K,  67% used [0x00000000e6ab0000, 0x00000000e7926ae0, 0x00000000e8000000)
  to   space 21824K,   0% used [0x00000000e5560000, 0x00000000e5560000, 0x00000000e6ab0000)
 concurrent mark-sweep generation total 393216K, used 0K [0x00000000e8000000, 0x0000000100000000, 0x0000000100000000)
 Metaspace       used 27311K, capacity 27716K, committed 28080K, reserved 1073152K
  class space    used 3270K, capacity 3401K, committed 3504K, reserved 1048576K
}
2016-10-08T23:46:54.206+0700: 26.701: Total time for which application threads were stopped: 0.0117834 seconds, Stopping threads took: 0.0000460 seconds
2016-10-08T23:46:54.237+0700: 26.733: Total time for which application threads were stopped: 0.0001195 seconds, Stopping threads took: 0.0000300 seconds
2016-10-08T23:46:54.250+0700: 26.745: Total time for which application threads were stopped: 0.0001934 seconds, Stopping threads took: 0.0000427 seconds
2016-10-08T23:46:54.297+0700: 26.793: Total time for which application threads were stopped: 0.0006926 seconds, Stopping threads took: 0.0005476 seconds
2016-10-08T23:46:54.396+0700: 26.892: Total time for which application threads were stopped: 0.0001223 seconds, Stopping threads took: 0.0000369 seconds
2016-10-08T23:46:54.504+0700: 27.000: Total time for which application threads were stopped: 0.0001429 seconds, Stopping threads took: 0.0000382 seconds
2016-10-08T23:46:54.525+0700: 27.021: Total time for which application threads were stopped: 0.0001691 seconds, Stopping threads took: 0.0000365 seconds
2016-10-08T23:46:54.525+0700: 27.021: Total time for which application threads were stopped: 0.0000837 seconds, Stopping threads took: 0.0000164 seconds
2016-10-08T23:46:54.525+0700: 27.021: Total time for which application threads were stopped: 0.0000743 seconds, Stopping threads took: 0.0000148 seconds
2016-10-08T23:46:54.580+0700: 27.076: Total time for which application threads were stopped: 0.0001318 seconds, Stopping threads took: 0.0000308 seconds
2016-10-08T23:46:54.580+0700: 27.076: Total time for which application threads were stopped: 0.0000805 seconds, Stopping threads took: 0.0000164 seconds
2016-10-08T23:46:54.580+0700: 27.076: Total time for which application threads were stopped: 0.0000776 seconds, Stopping threads took: 0.0000160 seconds
2016-10-08T23:46:54.581+0700: 27.077: Total time for which application threads were stopped: 0.0000957 seconds, Stopping threads took: 0.0000222 seconds
2016-10-08T23:46:54.584+0700: 27.080: Total time for which application threads were stopped: 0.0001581 seconds, Stopping threads took: 0.0000374 seconds
2016-10-08T23:46:54.587+0700: 27.083: Total time for which application threads were stopped: 0.0001375 seconds, Stopping threads took: 0.0000312 seconds
2016-10-08T23:46:54.677+0700: 27.173: Total time for which application threads were stopped: 0.0002492 seconds, Stopping threads took: 0.0000567 seconds
2016-10-08T23:46:59.270+0700: 31.766: Total time for which application threads were stopped: 0.0001293 seconds, Stopping threads took: 0.0000612 seconds
2016-10-08T23:46:59.274+0700: 31.770: Total time for which application threads were stopped: 0.0001191 seconds, Stopping threads took: 0.0000452 seconds
2016-10-08T23:46:59.274+0700: 31.770: Total time for which application threads were stopped: 0.0000690 seconds, Stopping threads took: 0.0000127 seconds
2016-10-08T23:46:59.285+0700: 31.781: Total time for which application threads were stopped: 0.0001359 seconds, Stopping threads took: 0.0000439 seconds
2016-10-08T23:46:59.286+0700: 31.781: Total time for which application threads were stopped: 0.0001445 seconds, Stopping threads took: 0.0000546 seconds
2016-10-08T23:46:59.437+0700: 31.933: Total time for which application threads were stopped: 0.0002147 seconds, Stopping threads took: 0.0000275 seconds
2016-10-08T23:46:59.466+0700: 31.962: Total time for which application threads were stopped: 0.0005320 seconds, Stopping threads took: 0.0004442 seconds
2016-10-08T23:46:59.488+0700: 31.984: Total time for which application threads were stopped: 0.0000915 seconds, Stopping threads took: 0.0000230 seconds
2016-10-08T23:46:59.515+0700: 32.011: Total time for which application threads were stopped: 0.0006683 seconds, Stopping threads took: 0.0000497 seconds
2016-10-08T23:46:59.673+0700: 32.169: Total time for which application threads were stopped: 0.0003970 seconds, Stopping threads took: 0.0000300 seconds
2016-10-08T23:46:59.743+0700: 32.239: Total time for which application threads were stopped: 0.0001334 seconds, Stopping threads took: 0.0000275 seconds
2016-10-08T23:46:59.859+0700: 32.355: Total time for which application threads were stopped: 0.0005435 seconds, Stopping threads took: 0.0000312 seconds
2016-10-08T23:47:00.090+0700: 32.586: Total time for which application threads were stopped: 0.0001564 seconds, Stopping threads took: 0.0000427 seconds
2016-10-08T23:47:00.090+0700: 32.586: Total time for which application threads were stopped: 0.0000850 seconds, Stopping threads took: 0.0000172 seconds
2016-10-08T23:47:00.131+0700: 32.626: Total time for which application threads were stopped: 0.0402346 seconds, Stopping threads took: 0.0401234 seconds
2016-10-08T23:47:00.131+0700: 32.627: Total time for which application threads were stopped: 0.0000998 seconds, Stopping threads took: 0.0000250 seconds
2016-10-08T23:47:00.132+0700: 32.628: Total time for which application threads were stopped: 0.0001166 seconds, Stopping threads took: 0.0000308 seconds
2016-10-08T23:47:00.243+0700: 32.738: Total time for which application threads were stopped: 0.0001773 seconds, Stopping threads took: 0.0000316 seconds
2016-10-08T23:47:00.384+0700: 32.880: Total time for which application threads were stopped: 0.0001260 seconds, Stopping threads took: 0.0000357 seconds
2016-10-08T23:47:00.385+0700: 32.881: Total time for which application threads were stopped: 0.0000924 seconds, Stopping threads took: 0.0000267 seconds
2016-10-08T23:47:00.417+0700: 32.913: Total time for which application threads were stopped: 0.0000895 seconds, Stopping threads took: 0.0000246 seconds
2016-10-08T23:47:00.417+0700: 32.913: Total time for which application threads were stopped: 0.0000567 seconds, Stopping threads took: 0.0000107 seconds
2016-10-08T23:47:00.417+0700: 32.913: Total time for which application threads were stopped: 0.0000632 seconds, Stopping threads took: 0.0000131 seconds
2016-10-08T23:47:00.418+0700: 32.914: Total time for which application threads were stopped: 0.0000595 seconds, Stopping threads took: 0.0000111 seconds
2016-10-08T23:47:00.434+0700: 32.930: Total time for which application threads were stopped: 0.0001745 seconds, Stopping threads took: 0.0000489 seconds
2016-10-08T23:47:00.444+0700: 32.940: Total time for which application threads were stopped: 0.0001240 seconds, Stopping threads took: 0.0000345 seconds
2016-10-08T23:47:00.448+0700: 32.944: Total time for which application threads were stopped: 0.0001396 seconds, Stopping threads took: 0.0000345 seconds
2016-10-08T23:47:00.479+0700: 32.975: Total time for which application threads were stopped: 0.0001732 seconds, Stopping threads took: 0.0000304 seconds
2016-10-08T23:47:00.510+0700: 33.006: Total time for which application threads were stopped: 0.0001207 seconds, Stopping threads took: 0.0000427 seconds
2016-10-08T23:47:00.512+0700: 33.008: Total time for which application threads were stopped: 0.0001334 seconds, Stopping threads took: 0.0000312 seconds
2016-10-08T23:47:00.558+0700: 33.054: Total time for which application threads were stopped: 0.0001133 seconds, Stopping threads took: 0.0000328 seconds
2016-10-08T23:47:01.397+0700: 33.892: Total time for which application threads were stopped: 0.0000879 seconds, Stopping threads took: 0.0000308 seconds
{Heap before GC invocations=7 (full 1):
 par new generation   total 109248K, used 102234K [0x00000000e0000000, 0x00000000e8000000, 0x00000000e8000000)
  eden space 87424K, 100% used [0x00000000e0000000, 0x00000000e5560000, 0x00000000e5560000)
  from space 21824K,  67% used [0x00000000e6ab0000, 0x00000000e7926ae0, 0x00000000e8000000)
  to   space 21824K,   0% used [0x00000000e5560000, 0x00000000e5560000, 0x00000000e6ab0000)
 concurrent mark-sweep generation total 393216K, used 0K [0x00000000e8000000, 0x0000000100000000, 0x0000000100000000)
 Metaspace       used 31015K, capacity 31476K, committed 31792K, reserved 1077248K
  class space    used 3678K, capacity 3831K, committed 3888K, reserved 1048576K
2016-10-08T23:47:01.803+0700: 34.299: [GC (Allocation Failure) 2016-10-08T23:47:01.803+0700: 34.299: [ParNew
Desired survivor size 20112992 bytes, new threshold 8 (max 8)
- age   1:   11421024 bytes,   11421024 total
- age   2:    1753896 bytes,   13174920 total
- age   3:     117664 bytes,   13292584 total
- age   4:     135320 bytes,   13427904 total
- age   5:     463808 bytes,   13891712 total
- age   7:    1095976 bytes,   14987688 total
- age   8:    5831896 bytes,   20819584 total
: 102234K->21824K(109248K), 0.0253735 secs] 102234K->21914K(502464K), 0.0254593 secs] [Times: user=0.05 sys=0.02, real=0.03 secs] 
Heap after GC invocations=8 (full 1):
 par new generation   total 109248K, used 21824K [0x00000000e0000000, 0x00000000e8000000, 0x00000000e8000000)
  eden space 87424K,   0% used [0x00000000e0000000, 0x00000000e0000000, 0x00000000e5560000)
  from space 21824K, 100% used [0x00000000e5560000, 0x00000000e6ab0000, 0x00000000e6ab0000)
  to   space 21824K,   0% used [0x00000000e6ab0000, 0x00000000e6ab0000, 0x00000000e8000000)
 concurrent mark-sweep generation total 393216K, used 90K [0x00000000e8000000, 0x0000000100000000, 0x0000000100000000)
 Metaspace       used 31015K, capacity 31476K, committed 31792K, reserved 1077248K
  class space    used 3678K, capacity 3831K, committed 3888K, reserved 1048576K
}
2016-10-08T23:47:01.829+0700: 34.324: Total time for which application threads were stopped: 0.0257709 seconds, Stopping threads took: 0.0000333 seconds
2016-10-08T23:47:01.830+0700: 34.326: Total time for which application threads were stopped: 0.0001117 seconds, Stopping threads took: 0.0000472 seconds
2016-10-08T23:47:01.830+0700: 34.326: Total time for which application threads were stopped: 0.0001071 seconds, Stopping threads took: 0.0000657 seconds
2016-10-08T23:47:02.831+0700: 35.326: Total time for which application threads were stopped: 0.0001975 seconds, Stopping threads took: 0.0000497 seconds
2016-10-08T23:47:18.727+0700: 51.223: Total time for which application threads were stopped: 0.0001256 seconds, Stopping threads took: 0.0000337 seconds
2016-10-08T23:47:18.728+0700: 51.223: Total time for which application threads were stopped: 0.0001035 seconds, Stopping threads took: 0.0000279 seconds
2016-10-08T23:47:18.729+0700: 51.224: Total time for which application threads were stopped: 0.0000784 seconds, Stopping threads took: 0.0000209 seconds
2016-10-08T23:47:18.729+0700: 51.224: Total time for which application threads were stopped: 0.0000792 seconds, Stopping threads took: 0.0000181 seconds
2016-10-08T23:47:18.729+0700: 51.225: Total time for which application threads were stopped: 0.0001063 seconds, Stopping threads took: 0.0000333 seconds
2016-10-08T23:47:18.730+0700: 51.226: Total time for which application threads were stopped: 0.0001022 seconds, Stopping threads took: 0.0000296 seconds
2016-10-08T23:47:18.730+0700: 51.226: Total time for which application threads were stopped: 0.0000981 seconds, Stopping threads took: 0.0000304 seconds
2016-10-08T23:47:18.731+0700: 51.226: Total time for which application threads were stopped: 0.0000936 seconds, Stopping threads took: 0.0000226 seconds
2016-10-08T23:47:18.732+0700: 51.227: Total time for which application threads were stopped: 0.0001207 seconds, Stopping threads took: 0.0000489 seconds
2016-10-08T23:47:18.732+0700: 51.227: Total time for which application threads were stopped: 0.0000870 seconds, Stopping threads took: 0.0000246 seconds
2016-10-08T23:47:18.732+0700: 51.227: Total time for which application threads were stopped: 0.0000887 seconds, Stopping threads took: 0.0000267 seconds
2016-10-08T23:47:18.732+0700: 51.227: Total time for which application threads were stopped: 0.0000698 seconds, Stopping threads took: 0.0000152 seconds
2016-10-08T23:47:18.732+0700: 51.228: Total time for which application threads were stopped: 0.0000686 seconds, Stopping threads took: 0.0000144 seconds
2016-10-08T23:47:18.732+0700: 51.228: Total time for which application threads were stopped: 0.0000657 seconds, Stopping threads took: 0.0000140 seconds
2016-10-08T23:47:18.733+0700: 51.228: Total time for which application threads were stopped: 0.0000731 seconds, Stopping threads took: 0.0000156 seconds
2016-10-08T23:47:18.733+0700: 51.228: Total time for which application threads were stopped: 0.0000645 seconds, Stopping threads took: 0.0000140 seconds
2016-10-08T23:47:18.733+0700: 51.228: Total time for which application threads were stopped: 0.0000632 seconds, Stopping threads took: 0.0000135 seconds
2016-10-08T23:47:19.733+0700: 52.229: Total time for which application threads were stopped: 0.0001687 seconds, Stopping threads took: 0.0000489 seconds
2016-10-08T23:47:42.74